Component: ARM Compiler 5.05 update 1 (build 106) Tool: armlink [4d0efa]

==============================================================================

Section Cross References

    main.o(i.main) refers to power.o(i.SysPowerOn) for SysPowerOn
    main.o(i.main) refers to os_task.o(i.CreateTask) for CreateTask
    main.o(i.main) refers to os_task.o(i.OSStart) for OSStart
    main.o(i.main) refers to main.o(.bss) for my_keytack
    main.o(i.main) refers to my_key.o(i.my_key) for my_key
    main.o(i.main) refers to my_lcd.o(i.my_lcd) for my_lcd
    main.o(i.main) refers to my_rf.o(i.my_rf_loop) for my_rf_loop
    main.o(i.main) refers to my_light.o(i.my_light) for my_light
    main.o(i.main) refers to my_rf.o(i.my_rf_hand) for my_rf_hand
    main.o(i.main) refers to my_rf.o(i.my_rf_deal) for my_rf_deal
    main.o(i.main) refers to my_w5500.o(i.my_w5500) for my_w5500
    main.o(i.main) refers to my_autocontrol.o(i.my_autocontrol) for my_autocontrol
    main.o(i.main) refers to my_cfg.o(i.my_cfg) for my_cfg
    main.o(i.main) refers to my_iot.o(i.my_iot) for my_iot
    main.o(i.main) refers to my_idle.o(i.idle_task) for idle_task
    stm32f10x_it.o(i.BusFault_Handler) refers to stm32f10x_it.o(i.NVIC_SystemReset) for NVIC_SystemReset
    stm32f10x_it.o(i.DebugMon_Handler) refers to stm32f10x_it.o(i.NVIC_SystemReset) for NVIC_SystemReset
    stm32f10x_it.o(i.HardFault_Handler) refers to stm32f10x_it.o(i.NVIC_SystemReset) for NVIC_SystemReset
    stm32f10x_it.o(i.MemManage_Handler) refers to stm32f10x_it.o(i.NVIC_SystemReset) for NVIC_SystemReset
    stm32f10x_it.o(i.NMI_Handler) refers to stm32f10x_it.o(i.NVIC_SystemReset) for NVIC_SystemReset
    stm32f10x_it.o(i.UsageFault_Handler) refers to stm32f10x_it.o(i.NVIC_SystemReset) for NVIC_SystemReset
    system_stm32f10x.o(i.SetSysClock) refers to system_stm32f10x.o(i.SetSysClockTo72) for SetSysClockTo72
    system_stm32f10x.o(i.SystemCoreClockUpdate) refers to system_stm32f10x.o(.data) for SystemCoreClock
    system_stm32f10x.o(i.SystemInit) refers to system_stm32f10x.o(i.SetSysClock) for SetSysClock
    startup_stm32f10x_hd.o(STACK) refers (Special) to heapauxi.o(.text) for __use_two_region_memory
    startup_stm32f10x_hd.o(HEAP) refers (Special) to heapauxi.o(.text) for __use_two_region_memory
    startup_stm32f10x_hd.o(RESET) refers (Special) to heapauxi.o(.text) for __use_two_region_memory
    startup_stm32f10x_hd.o(RESET) refers to startup_stm32f10x_hd.o(STACK) for __initial_sp
    startup_stm32f10x_hd.o(RESET) refers to startup_stm32f10x_hd.o(.text) for Reset_Handler
    startup_stm32f10x_hd.o(RESET) refers to stm32f10x_it.o(i.NMI_Handler) for NMI_Handler
    startup_stm32f10x_hd.o(RESET) refers to stm32f10x_it.o(i.HardFault_Handler) for HardFault_Handler
    startup_stm32f10x_hd.o(RESET) refers to stm32f10x_it.o(i.MemManage_Handler) for MemManage_Handler
    startup_stm32f10x_hd.o(RESET) refers to stm32f10x_it.o(i.BusFault_Handler) for BusFault_Handler
    startup_stm32f10x_hd.o(RESET) refers to stm32f10x_it.o(i.UsageFault_Handler) for UsageFault_Handler
    startup_stm32f10x_hd.o(RESET) refers to stm32f10x_it.o(i.SVC_Handler) for SVC_Handler
    startup_stm32f10x_hd.o(RESET) refers to stm32f10x_it.o(i.DebugMon_Handler) for DebugMon_Handler
    startup_stm32f10x_hd.o(RESET) refers to os_cpu_a.o(.text) for PendSV_Handler
    startup_stm32f10x_hd.o(RESET) refers to delay.o(i.SysTick_Handler) for SysTick_Handler
    startup_stm32f10x_hd.o(RESET) refers to rtc.o(i.RTC_IRQHandler) for RTC_IRQHandler
    startup_stm32f10x_hd.o(RESET) refers to w5500.o(i.EXTI4_IRQHandler) for EXTI4_IRQHandler
    startup_stm32f10x_hd.o(RESET) refers to timer.o(i.TIM2_IRQHandler) for TIM2_IRQHandler
    startup_stm32f10x_hd.o(RESET) refers to timer.o(i.TIM3_IRQHandler) for TIM3_IRQHandler
    startup_stm32f10x_hd.o(RESET) refers to timer.o(i.TIM4_IRQHandler) for TIM4_IRQHandler
    startup_stm32f10x_hd.o(RESET) refers to rf.o(i.USART1_IRQHandler) for USART1_IRQHandler
    startup_stm32f10x_hd.o(RESET) refers to lcd.o(i.USART2_IRQHandler) for USART2_IRQHandler
    startup_stm32f10x_hd.o(.text) refers (Special) to heapauxi.o(.text) for __use_two_region_memory
    startup_stm32f10x_hd.o(.text) refers to system_stm32f10x.o(i.SystemInit) for SystemInit
    startup_stm32f10x_hd.o(.text) refers to __main.o(!!!main) for __main
    startup_stm32f10x_hd.o(.text) refers to startup_stm32f10x_hd.o(HEAP) for Heap_Mem
    startup_stm32f10x_hd.o(.text) refers to startup_stm32f10x_hd.o(STACK) for Stack_Mem
    stm32f10x_adc.o(i.ADC_DeInit) refers to stm32f10x_rcc.o(i.RCC_APB2PeriphResetCmd) for RCC_APB2PeriphResetCmd
    stm32f10x_bkp.o(i.BKP_DeInit) refers to stm32f10x_rcc.o(i.RCC_BackupResetCmd) for RCC_BackupResetCmd
    stm32f10x_can.o(i.CAN_DeInit) refers to stm32f10x_rcc.o(i.RCC_APB1PeriphResetCmd) for RCC_APB1PeriphResetCmd
    stm32f10x_can.o(i.CAN_GetITStatus) refers to stm32f10x_can.o(i.CheckITStatus) for CheckITStatus
[...]
    yt_newstate                              0x08016901   Thumb Code   144  my_rf.o(i.yt_newstate)
    _get_lc_ctype                            0x08016991   Thumb Code    44  lc_ctype_c.o(locale$$code)
    _get_lc_numeric                          0x080169bd   Thumb Code    44  lc_numeric_c.o(locale$$code)
    __aeabi_d2f                              0x080169e9   Thumb Code     0  d2f.o(x$fpl$d2f)
    _d2f                                     0x080169e9   Thumb Code    98  d2f.o(x$fpl$d2f)
    __aeabi_dadd                             0x08016a4d   Thumb Code     0  daddsub_clz.o(x$fpl$dadd)
    _dadd                                    0x08016a4d   Thumb Code   332  daddsub_clz.o(x$fpl$dadd)
    __fpl_dcheck_NaN1                        0x08016b9d   Thumb Code    10  dcheck1.o(x$fpl$dcheck1)
    __fpl_dcmp_Inf                           0x08016bad   Thumb Code    24  dcmpi.o(x$fpl$dcmpinf)
    __aeabi_ddiv                             0x08016bc5   Thumb Code     0  ddiv.o(x$fpl$ddiv)
    _ddiv                                    0x08016bc5   Thumb Code   552  ddiv.o(x$fpl$ddiv)
    __aeabi_d2iz                             0x08016e75   Thumb Code     0  dfix.o(x$fpl$dfix)
    _dfix                                    0x08016e75   Thumb Code    94  dfix.o(x$fpl$dfix)
    __aeabi_d2uiz                            0x08016ed5   Thumb Code     0  dfixu.o(x$fpl$dfixu)
    _dfixu                                   0x08016ed5   Thumb Code    90  dfixu.o(x$fpl$dfixu)
    __aeabi_i2d                              0x08016f2f   Thumb Code     0  dflt_clz.o(x$fpl$dflt)
    _dflt                                    0x08016f2f   Thumb Code    46  dflt_clz.o(x$fpl$dflt)
    __aeabi_ui2d                             0x08016f5d   Thumb Code     0  dflt_clz.o(x$fpl$dfltu)
    _dfltu                                   0x08016f5d   Thumb Code    38  dflt_clz.o(x$fpl$dfltu)
    __aeabi_cdcmple                          0x08016f85   Thumb Code     0  dleqf.o(x$fpl$dleqf)
    _dcmple                                  0x08016f85   Thumb Code   120  dleqf.o(x$fpl$dleqf)
    __fpl_dcmple_InfNaN                      0x08016fe7   Thumb Code     0  dleqf.o(x$fpl$dleqf)
    __aeabi_dmul                             0x08016ffd   Thumb Code     0  dmul.o(x$fpl$dmul)
    _dmul                                    0x08016ffd   Thumb Code   332  dmul.o(x$fpl$dmul)
    __fpl_dnaninf                            0x08017151   Thumb Code   156  dnaninf.o(x$fpl$dnaninf)
    __fpl_dretinf                            0x080171ed   Thumb Code    12  dretinf.o(x$fpl$dretinf)
    __aeabi_cdrcmple                         0x080171f9   Thumb Code     0  drleqf.o(x$fpl$drleqf)
    _drcmple                                 0x080171f9   Thumb Code   108  drleqf.o(x$fpl$drleqf)
    __aeabi_drsub                            0x08017265   Thumb Code     0  daddsub_clz.o(x$fpl$drsb)
    _drsb                                    0x08017265   Thumb Code    22  daddsub_clz.o(x$fpl$drsb)
    _dsqrt                                   0x0801727d   Thumb Code   456  dsqrt_noumaal.o(x$fpl$dsqrt)
    __aeabi_dsub                             0x08017449   Thumb Code     0  daddsub_clz.o(x$fpl$dsub)
    _dsub                                    0x08017449   Thumb Code   464  daddsub_clz.o(x$fpl$dsub)
    __aeabi_fadd                             0x0801761d   Thumb Code     0  faddsub_clz.o(x$fpl$fadd)
    _fadd                                    0x0801761d   Thumb Code   196  faddsub_clz.o(x$fpl$fadd)
    __fpl_fcmp_Inf                           0x080176e1   Thumb Code    24  fcmpi.o(x$fpl$fcmpinf)
    __aeabi_f2uiz                            0x080176f9   Thumb Code     0  ffixu.o(x$fpl$ffixu)
    _ffixu                                   0x080176f9   Thumb Code    62  ffixu.o(x$fpl$ffixu)
    __aeabi_i2f                              0x08017739   Thumb Code     0  fflt_clz.o(x$fpl$fflt)
    _fflt                                    0x08017739   Thumb Code    48  fflt_clz.o(x$fpl$fflt)
    __aeabi_ui2f                             0x08017769   Thumb Code     0  fflt_clz.o(x$fpl$ffltu)
    _ffltu                                   0x08017769   Thumb Code    38  fflt_clz.o(x$fpl$ffltu)
    __aeabi_cfcmple                          0x08017791   Thumb Code     0  fleqf.o(x$fpl$fleqf)
    _fcmple                                  0x08017791   Thumb Code   104  fleqf.o(x$fpl$fleqf)
    __fpl_fcmple_InfNaN                      0x080177e3   Thumb Code     0  fleqf.o(x$fpl$fleqf)
    __fpl_fnaninf                            0x080177f9   Thumb Code   140  fnaninf.o(x$fpl$fnaninf)
    __fpl_fretinf                            0x08017885   Thumb Code    10  fretinf.o(x$fpl$fretinf)
    __aeabi_cfrcmple                         0x0801788f   Thumb Code     0  frleqf.o(x$fpl$frleqf)
    _frcmple                                 0x0801788f   Thumb Code    98  frleqf.o(x$fpl$frleqf)
    __aeabi_fsub                             0x080178f1   Thumb Code     0  faddsub_clz.o(x$fpl$fsub)
    _fsub                                    0x080178f1   Thumb Code   234  faddsub_clz.o(x$fpl$fsub)
    _printf_fp_dec                           0x080179db   Thumb Code     4  printf1.o(x$fpl$printf1)
    __fpl_return_NaN                         0x080179df   Thumb Code   100  retnan.o(x$fpl$retnan)
    __ARM_scalbn                             0x08017a43   Thumb Code    92  scalbn.o(x$fpl$scalbn)
    __fpl_cmpreturn                          0x08017a9f   Thumb Code    48  trapv.o(x$fpl$trapveneer)
    __I$use$fp                               0x08017ace   Number         0  usenofp.o(x$fpl$usenofp)
    table_week                               0x08017ace   Data          12  rtc.o(.constdata)
    mon_table                                0x08017ada   Data          12  rtc.o(.constdata)
    auchCRCHi                                0x08017b50   Data         256  crc8_16.o(.constdata)
    auchCRCLo                                0x08017c50   Data         256  crc8_16.o(.constdata)
    devicename                               0x08017d50   Data          64  data_map.o(.constdata)
    warn_char                                0x08017d97   Data          56  wk_json.o(.constdata)
    __mathlib_zero                           0x08017e90   Data           8  qnan.o(.constdata)
    Region$$Table$$Base                      0x08018054   Number         0  anon$$obj.o(Region$$Table)
    Region$$Table$$Limit                     0x08018074   Number         0  anon$$obj.o(Region$$Table)
    __ctype                                  0x08018081   Data           0  lc_ctype_c.o(locale$$data)
    SystemCoreClock                          0x20000004   Data           4  system_stm32f10x.o(.data)
    AHBPrescTable                            0x20000008   Data          16  system_stm32f10x.o(.data)
    memtblsize                               0x20000038   Data           4  os_mem.o(.data)
    memblksize                               0x2000003c   Data           4  os_mem.o(.data)
    memsize                                  0x20000040   Data           4  os_mem.o(.data)
    OSRunning                                0x20000044   Data           4  os_task.o(.data)
    OSPrioCur                                0x20000048   Data           4  os_task.o(.data)
    OSPrioHighRdy                            0x2000004c   Data           4  os_task.o(.data)
    OSTCBCur                                 0x20000050   Data           4  os_task.o(.data)
    OSTCBHighRdy                             0x20000054   Data           4  os_task.o(.data)
    OSIntNesting                             0x20000058   Data           4  os_task.o(.data)
    OSIntExit                                0x2000005c   Data           4  os_task.o(.data)
    OSTaskSwHook                             0x20000060   Data           4  os_task.o(.data)
    OS_ONLYME                                0x20000064   Data           1  os_task.o(.data)
    TASK_Free                                0x20000068   Data           4  os_task.o(.data)
    ONLYME_PRO                               0x2000006c   Data           1  os_task.o(.data)
    LCD_FOCUS                                0x20000096   Data           1  lcd.o(.data)
    LIGHT_RUN_PTR                            0x200000b8   Data           4  light.o(.data)
    RED_LIGHT                                0x200000bc   Data           1  light.o(.data)
    GREEN_LIGHT                              0x200000bd   Data           1  light.o(.data)
    BLUE_LIGHT                               0x200000be   Data           1  light.o(.data)
    RF_FOCUS                                 0x200000c8   Data           1  rf.o(.data)
    USART_RX_STA                             0x200000ce   Data           2  rf.o(.data)
    __stdout                                 0x200000d4   Data           4  rf.o(.data)
    fatfs                                    0x200000dc   Data           8  fats.o(.data)
    file                                     0x200000e4   Data           4  fats.o(.data)
    ftemp                                    0x200000e8   Data           4  fats.o(.data)
    file_br                                  0x200000ec   Data           4  fats.o(.data)
    file_bw                                  0x200000f0   Data           4  fats.o(.data)
    file_buf                                 0x200000f4   Data           4  fats.o(.data)
    FATS_STATE                               0x200000f8   Data           1  fats.o(.data)
    DBG_FATS                                 0x200000f9   Data           1  fats.o(.data)
    SD_Type                                  0x200000fa   Data           1  mmc_sd.o(.data)
    Phy_Addr                                 0x20000102   Data           6  w5500.o(.data)
    MQTT_IP                                  0x20000111   Data           4  baidu_iot.o(.data)
    Transaction                              0x20000140   Data           4  dhcp.o(.data)
    Sub_Mask                                 0x2000014a   Data           4  enternet.o(.data)
    IP_Addr                                  0x2000014e   Data           4  enternet.o(.data)
    Gateway_IP                               0x20000152   Data           4  enternet.o(.data)
    DNS_SERVER                               0x20000156   Data           4  enternet.o(.data)
    NTP_SERVER                               0x2000015a   Data           4  enternet.o(.data)
    SERVER_IP                                0x2000015e   Data           4  enternet.o(.data)
    SERVER_PORT                              0x20000162   Data           2  enternet.o(.data)
    DBG_COPY_TO_S1CK                         0x20000176   Data           1  wk_json.o(.data)
    p_Flash_Write                            0x20000188   Data           4  cmd.o(.data)
    p_Flash_Read                             0x2000018c   Data           4  cmd.o(.data)
    DBG_IP                                   0x20000198   Data           4  debug.o(.data)
    DBG_PORT                                 0x2000019c   Data           2  debug.o(.data)
    IN_CFG                                   0x2000019e   Data           1  my_cfg.o(.data)
    IDLE                                     0x200001a0   Data           4  my_idle.o(.data)
    LCD_PAGE                                 0x200001b6   Data           6  my_lcd.o(.data)
    LCD_STATE                                0x200001bc   Data           8  my_lcd.o(.data)
    LCD_SET_DATA                             0x200001c4   Data           8  my_lcd.o(.data)
    LCD_GET_DATA                             0x200001cc   Data           7  my_lcd.o(.data)
    DBG_INTER_STATE                          0x20000204   Data           1  my_w5500.o(.data)
    my_keytack                               0x20000218   Data         256  main.o(.bss)
    my_lcdtack                               0x20000318   Data         512  main.o(.bss)
    rf_looptack                              0x20000518   Data        1024  main.o(.bss)
    my_lighttack                             0x20000918   Data         512  main.o(.bss)
    my_rf_handtack                           0x20000b18   Data        1024  main.o(.bss)
    my_rf_dealtack                           0x20000f18   Data         256  main.o(.bss)
    my_w5500tack                             0x20001018   Data        1024  main.o(.bss)
    my_autotack                              0x20001418   Data         512  main.o(.bss)
    my_cfgtack                               0x20001618   Data         512  main.o(.bss)
    my_iottack                               0x20001818   Data         512  main.o(.bss)
    my_idletack                              0x20001a18   Data         128  main.o(.bss)
    mallco_dev                               0x20001a98   Data          20  os_mem.o(.bss)
    my_messeg                                0x20001aac   Data         720  os_msg.o(.bss)
    TCB_Table                                0x20001d7c   Data        1024  os_task.o(.bss)
    USART_RX_BUF                             0x2000224c   Data          50  rf.o(.bss)
    MY_CMD                                   0x2000227e   Data          58  rf.o(.bss)
    LASTTIME                                 0x200024b4   Data         128  my_idle.o(.bss)
    IDLETIMES                                0x20002534   Data          64  my_idle.o(.bss)
    __libspace_start                         0x20002574   Data          96  libspace.o(.bss)
    __temporary_stack_top$libspace           0x200025d4   Data           0  libspace.o(.bss)



==============================================================================

Memory Map of the image

  Image Entry point : 0x08002931

  Load Region LR_IROM1 (Base: 0x08002800, Size: 0x00015bb0, Max: 0x00038000, ABSOLUTE, COMPRESSED[0x00015a2c])

    Execution Region ER_IROM1 (Base: 0x08002800, Size: 0x000159a0, Max: 0x00038000, ABSOLUTE)

    Base Addr    Size         Type   Attr      Idx    E Section Name        Object

    0x08002800   0x00000130   Data   RO          336    RESET               startup_stm32f10x_hd.o
    0x08002930   0x00000008   Code   RO         7400  * !!!main             c_w.l(__main.o)
    0x08002938   0x00000034   Code   RO         7740    !!!scatter          c_w.l(__scatter.o)
    0x0800296c   0x0000005a   Code   RO         7738    !!dczerorl2         c_w.l(__dczerorl2.o)
    0x080029c6   0x00000002   PAD
    0x080029c8   0x0000001c   Code   RO         7742    !!handler_zi        c_w.l(__scatter_zi.o)
    0x080029e4   0x00000000   Code   RO         7375    .ARM.Collect$$_printf_percent$$00000000  c_w.l(_printf_percent.o)
    0x080029e4   0x00000006   Code   RO         7373    .ARM.Collect$$_printf_percent$$00000003  c_w.l(_printf_f.o)
    0x080029ea   0x00000006   Code   RO         7374    .ARM.Collect$$_printf_percent$$00000004  c_w.l(_printf_e.o)
    0x080029f0   0x00000006   Code   RO         7371    .ARM.Collect$$_printf_percent$$00000009  c_w.l(_printf_d.o)
    0x080029f6   0x00000006   Code   RO         7372    .ARM.Collect$$_printf_percent$$0000000A  c_w.l(_printf_u.o)
    0x080029fc   0x00000006   Code   RO         7370    .ARM.Collect$$_printf_percent$$0000000C  c_w.l(_printf_x.o)
    0x08002a02   0x00000006   Code   RO         7369    .ARM.Collect$$_printf_percent$$00000014  c_w.l(_printf_s.o)
    0x08002a08   0x00000004   Code   RO         7491    .ARM.Collect$$_printf_percent$$00000017  c_w.l(_printf_percent_end.o)
    0x08002a0c   0x00000002   Code   RO         7614    .ARM.Collect$$libinit$$00000000  c_w.l(libinit.o)
    0x08002a0e   0x00000000   Code   RO         7616    .ARM.Collect$$libinit$$00000002  c_w.l(libinit2.o)
    0x08002a0e   0x00000000   Code   RO         7618    .ARM.Collect$$libinit$$00000004  c_w.l(libinit2.o)
    0x08002a0e   0x00000000   Code   RO         7621    .ARM.Collect$$libinit$$0000000A  c_w.l(libinit2.o)
    0x08002a0e   0x00000000   Code   RO         7623    .ARM.Collect$$libinit$$0000000C  c_w.l(libinit2.o)
    0x08002a0e   0x00000000   Code   RO         7625    .ARM.Collect$$libinit$$0000000E  c_w.l(libinit2.o)
    0x08002a0e   0x00000006   Code   RO         7626    .ARM.Collect$$libinit$$0000000F  c_w.l(libinit2.o)
    0x08002a14   0x00000000   Code   RO         7628    .ARM.Collect$$libinit$$00000011  c_w.l(libinit2.o)
    0x08002a14   0x0000000c   Code   RO         7629    .ARM.Collect$$libinit$$00000012  c_w.l(libinit2.o)
    0x08002a20   0x00000000   Code   RO         7630    .ARM.Collect$$libinit$$00000013  c_w.l(libinit2.o)
    0x08002a20   0x00000000   Code   RO         7632    .ARM.Collect$$libinit$$00000015  c_w.l(libinit2.o)
    0x08002a20   0x0000000a   Code   RO         7633    .ARM.Collect$$libinit$$00000016  c_w.l(libinit2.o)
    0x08002a2a   0x00000000   Code   RO         7634    .ARM.Collect$$libinit$$00000017  c_w.l(libinit2.o)
    0x08002a2a   0x00000000   Code   RO         7636    .ARM.Collect$$libinit$$00000019  c_w.l(libinit2.o)
    0x08002a2a   0x00000000   Code   RO         7638    .ARM.Collect$$libinit$$0000001B  c_w.l(libinit2.o)
    0x08002a2a   0x00000000   Code   RO         7640    .ARM.Collect$$libinit$$0000001D  c_w.l(libinit2.o)
    0x08002a2a   0x00000000   Code   RO         7642    .ARM.Collect$$libinit$$0000001F  c_w.l(libinit2.o)
    0x08002a2a   0x00000000   Code   RO         7644    .ARM.Collect$$libinit$$00000021  c_w.l(libinit2.o)
    0x08002a2a   0x00000000   Code   RO         7646    .ARM.Collect$$libinit$$00000023  c_w.l(libinit2.o)
    0x08002a2a   0x00000000   Code   RO         7648    .ARM.Collect$$libinit$$00000025  c_w.l(libinit2.o)
    0x08002a2a   0x00000000   Code   RO         7652    .ARM.Collect$$libinit$$0000002C  c_w.l(libinit2.o)
    0x08002a2a   0x00000000   Code   RO         7654    .ARM.Collect$$libinit$$0000002E  c_w.l(libinit2.o)
    0x08002a2a   0x00000000   Code   RO         7656    .ARM.Collect$$libinit$$00000030  c_w.l(libinit2.o)
    0x08002a2a   0x00000000   Code   RO         7658    .ARM.Collect$$libinit$$00000032  c_w.l(libinit2.o)
    0x08002a2a   0x00000002   Code   RO         7659    .ARM.Collect$$libinit$$00000033  c_w.l(libinit2.o)
    0x08002a2c   0x00000002   Code   RO         7691    .ARM.Collect$$libshutdown$$00000000  c_w.l(libshutdown.o)
    0x08002a2e   0x00000000   Code   RO         7701    .ARM.Collect$$libshutdown$$00000003  c_w.l(libshutdown2.o)
    0x08002a2e   0x00000000   Code   RO         7704    .ARM.Collect$$libshutdown$$00000006  c_w.l(libshutdown2.o)
    0x08002a2e   0x00000000   Code   RO         7707    .ARM.Collect$$libshutdown$$00000009  c_w.l(libshutdown2.o)
    0x08002a2e   0x00000000   Code   RO         7709    .ARM.Collect$$libshutdown$$0000000B  c_w.l(libshutdown2.o)
    0x08002a2e   0x00000000   Code   RO         7712    .ARM.Collect$$libshutdown$$0000000E  c_w.l(libshutdown2.o)
    0x08002a2e   0x00000002   Code   RO         7713    .ARM.Collect$$libshutdown$$0000000F  c_w.l(libshutdown2.o)
    0x08002a30   0x00000000   Code   RO         7474    .ARM.Collect$$rtentry$$00000000  c_w.l(__rtentry.o)
    0x08002a30   0x00000000   Code   RO         7535    .ARM.Collect$$rtentry$$00000002  c_w.l(__rtentry2.o)
    0x08002a30   0x00000006   Code   RO         7547    .ARM.Collect$$rtentry$$00000004  c_w.l(__rtentry4.o)
    0x08002a36   0x00000000   Code   RO         7537    .ARM.Collect$$rtentry$$00000009  c_w.l(__rtentry2.o)
    0x08002a36   0x00000004   Code   RO         7538    .ARM.Collect$$rtentry$$0000000A  c_w.l(__rtentry2.o)
    0x08002a3a   0x00000000   Code   RO         7540    .ARM.Collect$$rtentry$$0000000C  c_w.l(__rtentry2.o)
    0x08002a3a   0x00000008   Code   RO         7541    .ARM.Collect$$rtentry$$0000000D  c_w.l(__rtentry2.o)
    0x08002a42   0x00000002   Code   RO         7662    .ARM.Collect$$rtexit$$00000000  c_w.l(rtexit.o)
    0x08002a44   0x00000000   Code   RO         7671    .ARM.Collect$$rtexit$$00000002  c_w.l(rtexit2.o)
    0x08002a44   0x00000004   Code   RO         7672    .ARM.Collect$$rtexit$$00000003  c_w.l(rtexit2.o)
    0x08002a48   0x00000006   Code   RO         7673    .ARM.Collect$$rtexit$$00000004  c_w.l(rtexit2.o)
    0x08002a4e   0x00000002   PAD
    0x08002a50   0x00000020   Code   RO          229    .emb_text           core_cm3.o
    0x08002a70   0x0000003c   Code   RO          337    .text               startup_stm32f10x_hd.o
    0x08002aac   0x000000b8   Code   RO         3320    .text               os_cpu_a.o
    0x08002b64   0x00000002   Code   RO         7308    .text               c_w.l(use_no_semi_2.o)
    0x08002b66   0x0000001a   Code   RO         7310    .text               c_w.l(tolower.o)
    0x08002b80   0x0000002c   Code   RO         7312    .text               c_w.l(__2sprintf.o)
    0x08002bac   0x0000004e   Code   RO         7322    .text               c_w.l(_printf_pad.o)
    0x08002bfa   0x00000052   Code   RO         7324    .text               c_w.l(_printf_str.o)
    0x08002c4c   0x00000078   Code   RO         7326    .text               c_w.l(_printf_dec.o)
    0x08002cc4   0x00000058   Code   RO         7331    .text               c_w.l(_printf_hex_int.o)
    0x08002d1c   0x00000138   Code   RO         7361    .text               c_w.l(__printf_flags_wp.o)
    0x08002e54   0x00000014   Code   RO         7376    .text               c_w.l(strchr.o)
    0x08002e68   0x00000048   Code   RO         7380    .text               c_w.l(strcpy.o)
    0x08002eb0   0x0000003e   Code   RO         7382    .text               c_w.l(strlen.o)
    0x08002eee   0x00000096   Code   RO         7384    .text               c_w.l(strncmp.o)
    0x08002f84   0x0000008a   Code   RO         7386    .text               c_w.l(rt_memcpy_v6.o)
    0x0800300e   0x00000064   Code   RO         7388    .text               c_w.l(rt_memcpy_w.o)
    0x08003072   0x00000044   Code   RO         7390    .text               c_w.l(rt_memclr.o)
    0x080030b6   0x0000004e   Code   RO         7392    .text               c_w.l(rt_memclr_w.o)
    0x08003104   0x00000056   Code   RO         7394    .text               c_w.l(strncpy.o)
    0x0800315a   0x00000002   PAD
    0x0800315c   0x00000080   Code   RO         7396    .text               c_w.l(strcmpv7m.o)
    0x080031dc   0x00000006   Code   RO         7398    .text               c_w.l(heapauxi.o)
    0x080031e2   0x00000002   Code   RO         7472    .text               c_w.l(use_no_semi.o)
    0x080031e4   0x00000010   Code   RO         7475    .text               c_w.l(rt_ctype_table.o)
    0x080031f4   0x00000016   Code   RO         7477    .text               c_w.l(_rserrno.o)
    0x0800320a   0x000000b2   Code   RO         7479    .text               c_w.l(_printf_intcommon.o)
    0x080032bc   0x0000041a   Code   RO         7481    .text               c_w.l(_printf_fp_dec.o)
    0x080036d6   0x00000002   PAD
    0x080036d8   0x00000030   Code   RO         7483    .text               c_w.l(_printf_char_common.o)
    0x08003708   0x0000000a   Code   RO         7485    .text               c_w.l(_sputc.o)
    0x08003712   0x0000002c   Code   RO         7489    .text               c_w.l(_printf_char.o)
    0x0800373e   0x00000002   PAD
    0x08003740   0x00000008   Code   RO         7552    .text               c_w.l(rt_locale_intlibspace.o)
    0x08003748   0x00000008   Code   RO         7557    .text               c_w.l(rt_errno_addr_intlibspace.o)
    0x08003750   0x0000008a   Code   RO         7559    .text               c_w.l(lludiv10.o)
    0x080037da   0x00000002   PAD
    0x080037dc   0x00000080   Code   RO         7561    .text               c_w.l(_printf_fp_infnan.o)
    0x0800385c   0x000000dc   Code   RO         7565    .text               c_w.l(bigflt0.o)
    0x08003938   0x00000008   Code   RO         7602    .text               c_w.l(libspace.o)
    0x08003940   0x0000004a   Code   RO         7605    .text               c_w.l(sys_stackheap_outer.o)
    0x0800398a   0x0000000c   Code   RO         7607    .text               c_w.l(exit.o)
    0x08003996   0x0000003e   Code   RO         7568    CL$$btod_d2e        c_w.l(btod.o)
    0x080039d4   0x00000046   Code   RO         7570    CL$$btod_d2e_denorm_low  c_w.l(btod.o)
    0x08003a1a   0x00000060   Code   RO         7569    CL$$btod_d2e_norm_op1  c_w.l(btod.o)
    0x08003a7a   0x00000338   Code   RO         7578    CL$$btod_div_common  c_w.l(btod.o)
    0x08003db2   0x000000c6   Code   RO         7575    CL$$btod_e2e        c_w.l(btod.o)
    0x08003e78   0x00000028   Code   RO         7572    CL$$btod_ediv       c_w.l(btod.o)
    0x08003ea0   0x00000028   Code   RO         7571    CL$$btod_emul       c_w.l(btod.o)
    0x08003ec8   0x00000244   Code   RO         7577    CL$$btod_mult_common  c_w.l(btod.o)
    0x0800410c   0x00000030   Code   RO         6546    i.AutoCtr           my_lcd.o
    0x0800413c   0x0000004c   Code   RO         6547    i.Auto_sleep        my_lcd.o
    0x08004188   0x00000048   Code   RO         3850    i.BEEP_Init         beep.o
    0x080041d0   0x00000010   Code   RO          601    i.BKP_DeInit        stm32f10x_bkp.o
    0x080041e0   0x0000001c   Code   RO          606    i.BKP_ReadBackupRegister  stm32f10x_bkp.o
    0x080041fc   0x0000001c   Code   RO          610    i.BKP_WriteBackupRegister  stm32f10x_bkp.o
    0x08004218   0x00000034   Code   RO         6548    i.BUT_DOWN_HUMI     my_lcd.o
    0x0800424c   0x00000032   Code   RO         6549    i.BUT_DOWN_TEMP     my_lcd.o
    0x0800427e   0x00000034   Code   RO         6550    i.BUT_PM            my_lcd.o
    0x080042b2   0x00000036   Code   RO         6551    i.BUT_UP_HUMI       my_lcd.o
    0x080042e8   0x00000034   Code   RO         6552    i.BUT_UP_TEMP       my_lcd.o
    0x0800431c   0x000000f8   Code   RO         3851    i.Beep_Play         beep.o
    0x08004414   0x0000010c   Code   RO         3852    i.Beep_Run          beep.o
    0x08004520   0x00000004   Code   RO          240    i.BusFault_Handler  stm32f10x_it.o
    0x08004524   0x00000032   Code   RO         6776    i.CheckId           my_rf.o
    0x08004556   0x00000002   PAD
    0x08004558   0x0000001c   Code   RO         4181    i.Clear_Mycmd       rf.o
    0x08004574   0x000000d6   Code   RO         6777    i.Cmd_0x01          my_rf.o
    0x0800464a   0x000000fe   Code   RO         6778    i.Cmd_0x03          my_rf.o
    0x08004748   0x0000004c   Code   RO         3570    i.CreateTask        os_task.o
    0x08004794   0x00000004   Code   RO          241    i.DebugMon_Handler  stm32f10x_it.o
    0x08004798   0x0000000c   Code   RO         4691    i.Delay             w5500.o
    0x080047a4   0x000001ae   Code   RO         6781    i.Device_state_see  my_rf.o
    0x08004952   0x00000002   PAD
    0x08004954   0x000000d8   Code   RO         4692    i.EXTI4_IRQHandler  w5500.o
    0x08004a2c   0x0000000c   Code   RO         1139    i.EXTI_ClearITPendingBit  stm32f10x_exti.o
    0x08004a38   0x00000028   Code   RO         1143    i.EXTI_GetITStatus  stm32f10x_exti.o
    0x08004a60   0x00000094   Code   RO         1144    i.EXTI_Init         stm32f10x_exti.o
    0x08004af4   0x0000004c   Code   RO         1197    i.FLASH_ErasePage   stm32f10x_flash.o
    0x08004b40   0x00000034   Code   RO         1198    i.FLASH_GetBank1Status  stm32f10x_flash.o
    0x08004b74   0x00000014   Code   RO         1207    i.FLASH_Lock        stm32f10x_flash.o
    0x08004b88   0x00000040   Code   RO         1210    i.FLASH_ProgramHalfWord  stm32f10x_flash.o
    0x08004bc8   0x00000018   Code   RO         1215    i.FLASH_Unlock      stm32f10x_flash.o
    0x08004be0   0x00000026   Code   RO         1219    i.FLASH_WaitForLastOperation  stm32f10x_flash.o
    0x08004c06   0x00000002   PAD
    0x08004c08   0x00000040   Code   RO         1489    i.GPIO_EXTILineConfig  stm32f10x_gpio.o
    0x08004c48   0x00000116   Code   RO         1492    i.GPIO_Init         stm32f10x_gpio.o
    0x08004d5e   0x00000002   PAD
    0x08004d60   0x00000090   Code   RO         1494    i.GPIO_PinRemapConfig  stm32f10x_gpio.o
    0x08004df0   0x00000008   Code   RO         1495    i.GPIO_ReadInputData  stm32f10x_gpio.o
    0x08004df8   0x00000004   Code   RO         1499    i.GPIO_ResetBits    stm32f10x_gpio.o
    0x08004dfc   0x00000004   Code   RO         1500    i.GPIO_SetBits      stm32f10x_gpio.o
    0x08004e00   0x00000008   Code   RO         4966    i.GetCJDataAddr     data_map.o
    0x08004e08   0x00000008   Code   RO         4967    i.GetCfgData        data_map.o
    0x08004e10   0x0000003c   Code   RO         4968    i.GetDeviceNum      data_map.o
    0x08004e4c   0x00000042   Code   RO         4969    i.GetDeviceState    data_map.o
    0x08004e8e   0x0000003e   Code   RO         4970    i.GetDeviceType     data_map.o
    0x08004ecc   0x0000004e   Code   RO         4971    i.GetNextDeviceaddr  data_map.o
    0x08004f1a   0x00000002   PAD
    0x08004f1c   0x00000060   Code   RO         4182    i.Get_BuffData      rf.o
    0x08004f7c   0x00000038   Code   RO         4945    i.Get_Crc16         crc8_16.o
    0x08004fb4   0x00000018   Code   RO         3931    i.Get_Key           key.o
    0x08004fcc   0x0000000a   Code   RO         4972    i.Get_MyAddr        data_map.o
    0x08004fd6   0x0000000c   Code   RO         4973    i.Get_MyChanel      data_map.o
    0x08004fe2   0x0000000c   Code   RO         4974    i.Get_MyIP          data_map.o
    0x08004fee   0x00000002   PAD
    0x08004ff0   0x00000024   Code   RO         4183    i.Get_Mycmd         rf.o
    0x08005014   0x00000078   Code   RO         6136    i.Get_cmd           cmd.o
    0x0800508c   0x00000098   Code   RO         6553    i.Hand_Set_Init     my_lcd.o
    0x08005124   0x00000004   Code   RO          242    i.HardFault_Handler  stm32f10x_it.o
    0x08005128   0x00000010   Code   RO         1804    i.IWDG_Enable       stm32f10x_iwdg.o
    0x08005138   0x00000008   Code   RO         3829    i.IWDG_Feed         iwdg.o
    0x08005140   0x00000036   Code   RO         3830    i.IWDG_Init         iwdg.o
    0x08005176   0x00000002   PAD
    0x08005178   0x00000010   Code   RO         1806    i.IWDG_ReloadCounter  stm32f10x_iwdg.o
    0x08005188   0x0000000c   Code   RO         1807    i.IWDG_SetPrescaler  stm32f10x_iwdg.o
    0x08005194   0x0000000c   Code   RO         1808    i.IWDG_SetReload    stm32f10x_iwdg.o
    0x080051a0   0x0000000c   Code   RO         1809    i.IWDG_WriteAccessCmd  stm32f10x_iwdg.o
    0x080051ac   0x00000034   Code   RO         6554    i.Into_Senior       my_lcd.o
    0x080051e0   0x0000003a   Code   RO         3759    i.Is_Leap_Year      rtc.o
    0x0800521a   0x00000002   PAD
    0x0800521c   0x0000022c   Code   RO         3932    i.KEY_IRQHandler    key.o
    0x08005448   0x00000034   Code   RO         3933    i.Key_Init          key.o
    0x0800547c   0x000000f0   Code   RO         3966    i.LCD_Init          lcd.o
    0x0800556c   0x00000060   Code   RO         3967    i.LCD_Receive_Data  lcd.o
    0x080055cc   0x0000004c   Code   RO         3968    i.LCD_Send_Data     lcd.o
    0x08005618   0x00000010   Code   RO         3969    i.LCD_SetFocus      lcd.o
    0x08005628   0x0000000a   Code   RO         4975    i.Lcd_GetHandstate  data_map.o
    0x08005632   0x00000016   Code   RO         4976    i.Lcd_GetLimitData  data_map.o
    0x08005648   0x0000000c   Code   RO         4977    i.Lcd_SetHandstate  data_map.o
    0x08005654   0x00000014   Code   RO         4978    i.Lcd_SetLimitData  data_map.o
    0x08005668   0x00000124   Code   RO         4012    i.Light_init        light.o
    0x0800578c   0x00000088   Code   RO         4979    i.Load_Config       data_map.o
    0x08005814   0x0000008c   Code   RO         4980    i.Load_LCD          data_map.o
    0x080058a0   0x00000050   Code   RO         4693    i.Load_Net_Parameters  w5500.o
    0x080058f0   0x0000007c   Code   RO         3853    i.Load_down         beep.o
    0x0800596c   0x0000048e   Code   RO         3854    i.Load_song         beep.o
    0x08005dfa   0x00000002   PAD
    0x08005dfc   0x00000694   Code   RO         3855    i.Load_song1        beep.o
    0x08006490   0x000005ec   Code   RO         3856    i.Load_song2        beep.o
    0x08006a7c   0x00000734   Code   RO         3857    i.Load_song3        beep.o
    0x080071b0   0x0000007c   Code   RO         3858    i.Load_up           beep.o
    0x0800722c   0x00000076   Code   RO         6919    i.MQTTDeserialize_connack  mqttconnectclient.o
    0x080072a2   0x00000058   Code   RO         7065    i.MQTTPacket_decode  mqttpacket.o
    0x080072fa   0x00000002   PAD
    0x080072fc   0x0000001c   Code   RO         7066    i.MQTTPacket_decodeBuf  mqttpacket.o
    0x08007318   0x00000036   Code   RO         7068    i.MQTTPacket_encode  mqttpacket.o
    0x0800734e   0x00000002   PAD
    0x08007350   0x00000028   Code   RO         7070    i.MQTTPacket_len    mqttpacket.o
    0x08007378   0x00000168   Code   RO         6920    i.MQTTSerialize_connect  mqttconnectclient.o
    0x080074e0   0x00000076   Code   RO         6921    i.MQTTSerialize_connectLength  mqttconnectclient.o
    0x08007556   0x00000018   Code   RO         7073    i.MQTTstrlen        mqttpacket.o
    0x0800756e   0x00000004   Code   RO          243    i.MemManage_Handler  stm32f10x_it.o
    0x08007572   0x00000004   Code   RO          244    i.NMI_Handler       stm32f10x_it.o
    0x08007576   0x00000002   PAD
    0x08007578   0x00000070   Code   RO          341    i.NVIC_Init         misc.o
    0x080075e8   0x00000014   Code   RO          342    i.NVIC_PriorityGroupConfig  misc.o
    0x080075fc   0x00000014   Code   RO          343    i.NVIC_SetVectorTable  misc.o
    0x08007610   0x00000024   Code   RO          245    i.NVIC_SystemReset  stm32f10x_it.o
    0x08007634   0x00000054   Code   RO         3574    i.OSStart           os_task.o
    0x08007688   0x0000009a   Code   RO         3308    i.OSTaskStkInit     os_cpu_c.o
    0x08007722   0x00000002   PAD
    0x08007724   0x00000030   Code   RO         3575    i.OS_Enter_Onlyme   os_task.o
    0x08007754   0x00000038   Code   RO         3576    i.OS_Exit_Onlyme    os_task.o
    0x0800778c   0x00000028   Code   RO         3577    i.OS_TCBInit        os_task.o
    0x080077b4   0x0000000c   Code   RO         1846    i.PWR_BackupAccessCmd  stm32f10x_pwr.o
    0x080077c0   0x00000010   Code   RO         5912    i.PingCalculationDelayIRQ  ping.o
    0x080077d0   0x00000020   Code   RO         1908    i.RCC_APB1PeriphClockCmd  stm32f10x_rcc.o
    0x080077f0   0x00000020   Code   RO         1909    i.RCC_APB1PeriphResetCmd  stm32f10x_rcc.o
    0x08007810   0x00000020   Code   RO         1910    i.RCC_APB2PeriphClockCmd  stm32f10x_rcc.o
    0x08007830   0x00000020   Code   RO         1911    i.RCC_APB2PeriphResetCmd  stm32f10x_rcc.o
    0x08007850   0x0000000c   Code   RO         1913    i.RCC_BackupResetCmd  stm32f10x_rcc.o
    0x0800785c   0x000000d4   Code   RO         1918    i.RCC_GetClocksFreq  stm32f10x_rcc.o
    0x08007930   0x0000003c   Code   RO         1919    i.RCC_GetFlagStatus  stm32f10x_rcc.o
    0x0800796c   0x00000034   Code   RO         1926    i.RCC_LSEConfig     stm32f10x_rcc.o
    0x080079a0   0x0000000c   Code   RO         1933    i.RCC_RTCCLKCmd     stm32f10x_rcc.o
    0x080079ac   0x00000010   Code   RO         1934    i.RCC_RTCCLKConfig  stm32f10x_rcc.o
    0x080079bc   0x00000050   Code   RO         4184    i.RF1_tx_bytes      rf.o
    0x08007a0c   0x0000003c   Code   RO         4185    i.RF_Get            rf.o
    0x08007a48   0x000000d8   Code   RO         4186    i.RF_GetCmd         rf.o
    0x08007b20   0x00000138   Code   RO         4187    i.RF_Init           rf.o
    0x08007c58   0x000000a0   Code   RO         4188    i.RF_SetChannel     rf.o
    0x08007cf8   0x00000010   Code   RO         4189    i.RF_SetFocus       rf.o
    0x08007d08   0x00000010   Code   RO         2107    i.RTC_ClearITPendingBit  stm32f10x_rtc.o
    0x08007d18   0x00000014   Code   RO         2108    i.RTC_EnterConfigMode  stm32f10x_rtc.o
    0x08007d2c   0x00000014   Code   RO         2109    i.RTC_ExitConfigMode  stm32f10x_rtc.o
    0x08007d40   0x00000100   Code   RO         3760    i.RTC_Get           rtc.o
    0x08007e40   0x00000014   Code   RO         2110    i.RTC_GetCounter    stm32f10x_rtc.o
    0x08007e54   0x00000024   Code   RO         2113    i.RTC_GetITStatus   stm32f10x_rtc.o
    0x08007e78   0x00000008   Code   RO         3762    i.RTC_GetTimeObj    rtc.o
    0x08007e80   0x00000078   Code   RO         3763    i.RTC_Get_Week      rtc.o
    0x08007ef8   0x00000028   Code   RO         3764    i.RTC_IRQHandler    rtc.o
    0x08007f20   0x00000020   Code   RO         2114    i.RTC_ITConfig      stm32f10x_rtc.o
    0x08007f40   0x000000be   Code   RO         3765    i.RTC_Init          rtc.o
    0x08007ffe   0x00000022   Code   RO         3766    i.RTC_NVIC_Config   rtc.o
    0x08008020   0x000000c8   Code   RO         3767    i.RTC_Set           rtc.o
    0x080080e8   0x0000001c   Code   RO         2116    i.RTC_SetCounter    stm32f10x_rtc.o
    0x08008104   0x00000020   Code   RO         2117    i.RTC_SetPrescaler  stm32f10x_rtc.o
    0x08008124   0x00000022   Code   RO         3768    i.RTC_SetTimeBySec  rtc.o
    0x08008146   0x00000002   PAD
    0x08008148   0x00000014   Code   RO         2118    i.RTC_WaitForLastTask  stm32f10x_rtc.o
    0x0800815c   0x00000024   Code   RO         2119    i.RTC_WaitForSynchro  stm32f10x_rtc.o
    0x08008180   0x00000128   Code   RO         4694    i.Read_SOCK_Data_Buffer  w5500.o
    0x080082a8   0x00000044   Code   RO         4695    i.Read_W5500_1Byte  w5500.o
    0x080082ec   0x00000050   Code   RO         4696    i.Read_W5500_SOCK_1Byte  w5500.o
    0x0800833c   0x00000068   Code   RO         4697    i.Read_W5500_SOCK_2Byte  w5500.o
    0x080083a4   0x00000034   Code   RO         4166    i.Relay_Init        relay.o
    0x080083d8   0x00000030   Code   RO         3323    i.RunTime_IRQHandler  delay.o
    0x08008408   0x00000014   Code   RO         4323    i.SD_DisSelect      mmc_sd.o
    0x0800841c   0x0000002a   Code   RO         4325    i.SD_GetCSD         mmc_sd.o
    0x08008446   0x00000026   Code   RO         4326    i.SD_GetResponse    mmc_sd.o
    0x0800846c   0x00000076   Code   RO         4327    i.SD_GetSectorCount  mmc_sd.o
    0x080084e2   0x00000002   PAD
    0x080084e4   0x00000188   Code   RO         4328    i.SD_Initialize     mmc_sd.o
    0x0800866c   0x00000074   Code   RO         4329    i.SD_ReadDisk       mmc_sd.o
    0x080086e0   0x00000038   Code   RO         4330    i.SD_RecvData       mmc_sd.o
    0x08008718   0x00000012   Code   RO         4331    i.SD_Reset          mmc_sd.o
    0x0800872a   0x00000002   PAD
    0x0800872c   0x00000040   Code   RO         4332    i.SD_SPI_Init       mmc_sd.o
    0x0800876c   0x0000000c   Code   RO         4333    i.SD_SPI_ReadWriteByte  mmc_sd.o
    0x08008778   0x0000000a   Code   RO         4334    i.SD_SPI_SpeedHigh  mmc_sd.o
    0x08008782   0x0000000a   Code   RO         4335    i.SD_SPI_SpeedLow   mmc_sd.o
    0x0800878c   0x00000020   Code   RO         4336    i.SD_Select         mmc_sd.o
    0x080087ac   0x00000052   Code   RO         4337    i.SD_SendBlock      mmc_sd.o
    0x080087fe   0x00000078   Code   RO         4338    i.SD_SendCmd        mmc_sd.o
    0x08008876   0x00000022   Code   RO         4339    i.SD_WaitReady      mmc_sd.o
    0x08008898   0x00000090   Code   RO         4340    i.SD_WriteDisk      mmc_sd.o
    0x08008928   0x00000020   Code   RO         4698    i.SPI1_Send_Byte    w5500.o
    0x08008948   0x0000001c   Code   RO         4699    i.SPI1_Send_Short   w5500.o
    0x08008964   0x00000094   Code   RO         4446    i.SPI2_Init         spi.o
    0x080089f8   0x00000054   Code   RO         4447    i.SPI2_ReadWriteByte  spi.o
    0x08008a4c   0x00000028   Code   RO         4448    i.SPI2_SetSpeed     spi.o
    0x08008a74   0x00000018   Code   RO         2387    i.SPI_Cmd           stm32f10x_spi.o
    0x08008a8c   0x000000a4   Code   RO         4700    i.SPI_Configuration  w5500.o
    0x08008b30   0x00000020   Code   RO         4582    i.SPI_FLASH_Write_Enable  flash.o
    0x08008b50   0x00000048   Code   RO         4585    i.SPI_Flash_Erase_Sector  flash.o
    0x08008b98   0x0000000c   Code   RO         4586    i.SPI_Flash_GetType  flash.o
    0x08008ba4   0x0000006c   Code   RO         4587    i.SPI_Flash_Init    flash.o
    0x08008c10   0x00000058   Code   RO         4589    i.SPI_Flash_Read    flash.o
    0x08008c68   0x00000048   Code   RO         4590    i.SPI_Flash_ReadID  flash.o
    0x08008cb0   0x0000002c   Code   RO         4591    i.SPI_Flash_ReadSR  flash.o
    0x08008cdc   0x00000012   Code   RO         4593    i.SPI_Flash_Wait_Busy  flash.o
    0x08008cee   0x000000dc   Code   RO         4594    i.SPI_Flash_Write   flash.o
    0x08008dca   0x00000042   Code   RO         4595    i.SPI_Flash_Write_NoCheck  flash.o
    0x08008e0c   0x00000050   Code   RO         4596    i.SPI_Flash_Write_Page  flash.o
    0x08008e5c   0x00000012   Code   RO         2395    i.SPI_I2S_GetFlagStatus  stm32f10x_spi.o
    0x08008e6e   0x00000006   Code   RO         2398    i.SPI_I2S_ReceiveData  stm32f10x_spi.o
    0x08008e74   0x00000004   Code   RO         2399    i.SPI_I2S_SendData  stm32f10x_spi.o
    0x08008e78   0x0000003c   Code   RO         2400    i.SPI_Init          stm32f10x_spi.o
    0x08008eb4   0x0000002e   Code   RO         4470    i.STMFLASH_Read     stmflash.o
    0x08008ee2   0x00000006   Code   RO         4471    i.STMFLASH_ReadHalfWord  stmflash.o
    0x08008ee8   0x0000021c   Code   RO         4472    i.STMFLASH_Write    stmflash.o
    0x08009104   0x00000026   Code   RO         4473    i.STMFLASH_Write_NoCheck  stmflash.o
    0x0800912a   0x00000002   Code   RO          246    i.SVC_Handler       stm32f10x_it.o
    0x0800912c   0x00000018   Code   RO         4981    i.Save_Config       data_map.o
    0x08009144   0x00000018   Code   RO         4982    i.Save_LCD          data_map.o
    0x0800915c   0x00000028   Code   RO         4190    i.See_BuffData      rf.o
    0x08009184   0x00000024   Code   RO         4191    i.See_BuffNextData  rf.o
    0x080091a8   0x00000008   Code   RO          300    i.SetSysClock       system_stm32f10x.o
    0x080091b0   0x000000e0   Code   RO          301    i.SetSysClockTo72   system_stm32f10x.o
    0x08009290   0x00000062   Code   RO         4983    i.Set_Device        data_map.o
    0x080092f2   0x00000002   PAD
    0x080092f4   0x000000e4   Code   RO         6557    i.Set_Init          my_lcd.o
    0x080093d8   0x00000038   Code   RO         3934    i.Set_Key           key.o
    0x08009410   0x0000000c   Code   RO         4984    i.Set_MyAddr        data_map.o
    0x0800941c   0x00000018   Code   RO         4985    i.Set_MyChanel      data_map.o
    0x08009434   0x00000022   Code   RO         4986    i.Set_MyIP          data_map.o
    0x08009456   0x00000002   PAD
    0x08009458   0x00000288   Code   RO         6558    i.Set_Save          my_lcd.o
    0x080096e0   0x0000002a   Code   RO         4702    i.Socket_Init       w5500.o
    0x0800970a   0x0000003c   Code   RO         4704    i.Socket_UDP        w5500.o
    0x08009746   0x00000002   PAD
    0x08009748   0x00000030   Code   RO         5953    i.SysPowerOff       power.o
    0x08009778   0x00000022   Code   RO         5954    i.SysPowerOn        power.o
    0x0800979a   0x00000028   Code   RO          345    i.SysTick_CLKSourceConfig  misc.o
    0x080097c2   0x00000002   PAD
    0x080097c4   0x00000050   Code   RO         3324    i.SysTick_Handler   delay.o
    0x08009814   0x00000030   Code   RO         5955    i.Sys_Init          power.o
    0x08009844   0x00000060   Code   RO          303    i.SystemInit        system_stm32f10x.o
    0x080098a4   0x0000002c   Code   RO         4506    i.TIM2_IRQHandler   timer.o
    0x080098d0   0x0000001c   Code   RO         4507    i.TIM3_IRQHandler   timer.o
    0x080098ec   0x000000c0   Code   RO         4508    i.TIM4_IRQHandler   timer.o
    0x080099ac   0x0000005c   Code   RO         4509    i.TIME2_Init        timer.o
    0x08009a08   0x000000b0   Code   RO         4510    i.TIME3_Init        timer.o
    0x08009ab8   0x00000060   Code   RO         4511    i.TIME4_Init        timer.o
    0x08009b18   0x00000006   Code   RO         2537    i.TIM_ClearITPendingBit  stm32f10x_tim.o
    0x08009b1e   0x00000018   Code   RO         2542    i.TIM_Cmd           stm32f10x_tim.o
    0x08009b36   0x00000022   Code   RO         2563    i.TIM_GetITStatus   stm32f10x_tim.o
    0x08009b58   0x00000012   Code   RO         2567    i.TIM_ITConfig      stm32f10x_tim.o
    0x08009b6a   0x00000002   PAD
    0x08009b6c   0x000000a0   Code   RO         2581    i.TIM_OC3Init       stm32f10x_tim.o
    0x08009c0c   0x00000012   Code   RO         2584    i.TIM_OC3PreloadConfig  stm32f10x_tim.o
    0x08009c1e   0x00000002   PAD
    0x08009c20   0x0000007c   Code   RO         2586    i.TIM_OC4Init       stm32f10x_tim.o
    0x08009c9c   0x0000001a   Code   RO         2588    i.TIM_OC4PreloadConfig  stm32f10x_tim.o
    0x08009cb6   0x00000002   PAD
    0x08009cb8   0x000000a4   Code   RO         2613    i.TIM_TimeBaseInit  stm32f10x_tim.o
    0x08009d5c   0x0000006c   Code   RO         3578    i.TaskGetMsg        os_task.o
    0x08009dc8   0x000000a0   Code   RO         3579    i.TaskIntSendMsg    os_task.o
    0x08009e68   0x00000038   Code   RO         3581    i.TaskPend          os_task.o
    0x08009ea0   0x0000004c   Code   RO         3582    i.TaskRepend        os_task.o
    0x08009eec   0x00000054   Code   RO         3583    i.TaskSendMsg       os_task.o
    0x08009f40   0x0000004c   Code   RO         3584    i.Task_AddFree      os_task.o
    0x08009f8c   0x00000040   Code   RO         3585    i.Task_DelFree      os_task.o
    0x08009fcc   0x000002f4   Code   RO         6559    i.Time_Set          my_lcd.o
    0x0800a2c0   0x00000010   Code   RO         4512    i.TimersInit        timer.o
    0x0800a2d0   0x0000004c   Code   RO         3586    i.ToggleTasks       os_task.o
    0x0800a31c   0x000000dc   Code   RO         4193    i.USART1_IRQHandler  rf.o
    0x0800a3f8   0x0000008c   Code   RO         3970    i.USART2_IRQHandler  lcd.o
    0x0800a484   0x00000012   Code   RO         3074    i.USART_ClearFlag   stm32f10x_usart.o
    0x0800a496   0x00000018   Code   RO         3078    i.USART_Cmd         stm32f10x_usart.o
    0x0800a4ae   0x00000002   PAD
    0x0800a4b0   0x0000009c   Code   RO         3080    i.USART_DeInit      stm32f10x_usart.o
    0x0800a54c   0x0000001a   Code   RO         3081    i.USART_GetFlagStatus  stm32f10x_usart.o
    0x0800a566   0x00000054   Code   RO         3082    i.USART_GetITStatus  stm32f10x_usart.o
    0x0800a5ba   0x0000004a   Code   RO         3084    i.USART_ITConfig    stm32f10x_usart.o
    0x0800a604   0x000000d8   Code   RO         3085    i.USART_Init        stm32f10x_usart.o
    0x0800a6dc   0x0000000a   Code   RO         3092    i.USART_ReceiveData  stm32f10x_usart.o
    0x0800a6e6   0x00000008   Code   RO         3095    i.USART_SendData    stm32f10x_usart.o
    0x0800a6ee   0x00000002   PAD
    0x0800a6f0   0x00000080   Code   RO         4987    i.Updata_DeviceNum  data_map.o
    0x0800a770   0x0000006e   Code   RO         6782    i.Updata_devicestate  my_rf.o
    0x0800a7de   0x00000004   Code   RO          247    i.UsageFault_Handler  stm32f10x_it.o
    0x0800a7e2   0x00000002   PAD
    0x0800a7e4   0x00000054   Code   RO         4597    i.W25Q_ReadWriteByte  flash.o
    0x0800a838   0x00000084   Code   RO         4705    i.W5500_GPIO_Configuration  w5500.o
    0x0800a8bc   0x0000003c   Code   RO         4706    i.W5500_Hardware_Reset  w5500.o
    0x0800a8f8   0x00000078   Code   RO         4707    i.W5500_Init        w5500.o
    0x0800a970   0x0000001e   Code   RO         4708    i.W5500_Initialization  w5500.o
    0x0800a98e   0x00000002   PAD
    0x0800a990   0x000000d8   Code   RO         4711    i.Write_SOCK_Data_Buffer  w5500.o
    0x0800aa68   0x00000030   Code   RO         4712    i.Write_W5500_1Byte  w5500.o
    0x0800aa98   0x00000030   Code   RO         4713    i.Write_W5500_2Byte  w5500.o
    0x0800aac8   0x0000003c   Code   RO         4714    i.Write_W5500_SOCK_1Byte  w5500.o
    0x0800ab04   0x0000003c   Code   RO         4715    i.Write_W5500_SOCK_2Byte  w5500.o
    0x0800ab40   0x00000054   Code   RO         4716    i.Write_W5500_SOCK_4Byte  w5500.o
    0x0800ab94   0x00000044   Code   RO         4717    i.Write_W5500_nByte  w5500.o
    0x0800abd8   0x00000028   Code   RO         7521    i.__ARM_fpclassify  m_ws.l(fpclassify.o)
    0x0800ac00   0x000000aa   Code   RO         7523    i.__kernel_poly     m_ws.l(poly.o)
    0x0800acaa   0x00000002   PAD
    0x0800acac   0x00000010   Code   RO         7507    i.__mathlib_dbl_divzero  m_ws.l(dunder.o)
    0x0800acbc   0x00000004   Code   RO         7509    i.__mathlib_dbl_infnan2  m_ws.l(dunder.o)
    0x0800acc0   0x0000000c   Code   RO         7510    i.__mathlib_dbl_invalid  m_ws.l(dunder.o)
    0x0800accc   0x0000000e   Code   RO         7511    i.__mathlib_dbl_overflow  m_ws.l(dunder.o)
    0x0800acda   0x00000002   PAD
    0x0800acdc   0x00000010   Code   RO         7513    i.__mathlib_dbl_underflow  m_ws.l(dunder.o)
    0x0800acec   0x0000000e   Code   RO         7359    i._is_digit         c_w.l(__printf_wp.o)
    0x0800acfa   0x00000008   Code   RO         4194    i._sys_exit         rf.o
    0x0800ad02   0x0000006a   Code   RO         4988    i.addDevAddr        data_map.o
    0x0800ad6c   0x00000028   Code   RO         4513    i.addTimerIrq10ms   timer.o
    0x0800ad94   0x00000028   Code   RO         4514    i.addTimerIrq10us   timer.o
    0x0800adbc   0x00000028   Code   RO         7074    i.bufchar           mqttpacket.o
    0x0800ade4   0x0000002a   Code   RO         5579    i.cJSON_AddItemToArray  cjson.o
    0x0800ae0e   0x00000002   PAD
    0x0800ae10   0x00000030   Code   RO         5580    i.cJSON_AddItemToObject  cjson.o
    0x0800ae40   0x00000024   Code   RO         5588    i.cJSON_CreateNumber  cjson.o
    0x0800ae64   0x00000012   Code   RO         5589    i.cJSON_CreateObject  cjson.o
    0x0800ae76   0x0000001c   Code   RO         5590    i.cJSON_CreateString  cjson.o
    0x0800ae92   0x00000002   PAD
    0x0800ae94   0x00000050   Code   RO         5593    i.cJSON_Delete      cjson.o
    0x0800aee4   0x0000001e   Code   RO         5602    i.cJSON_GetObjectItem  cjson.o
    0x0800af02   0x00000002   PAD
    0x0800af04   0x00000040   Code   RO         5603    i.cJSON_InitHooks   cjson.o
    0x0800af44   0x00000020   Code   RO         5605    i.cJSON_New_Item    cjson.o
    0x0800af64   0x00000010   Code   RO         5606    i.cJSON_Parse       cjson.o
    0x0800af74   0x00000064   Code   RO         5607    i.cJSON_ParseWithOpts  cjson.o
    0x0800afd8   0x00000010   Code   RO         5609    i.cJSON_PrintUnformatted  cjson.o
    0x0800afe8   0x0000004c   Code   RO         5612    i.cJSON_strcasecmp  cjson.o
    0x0800b034   0x0000002c   Code   RO         5613    i.cJSON_strdup      cjson.o
    0x0800b060   0x000000e8   Code   RO         6411    i.cfg_0x01          my_cfg.o
    0x0800b148   0x000000b8   Code   RO         6412    i.cfg_0x06          my_cfg.o
    0x0800b200   0x00000048   Code   RO         6413    i.cfg_0x07          my_cfg.o
    0x0800b248   0x00000094   Code   RO         6414    i.cfg_0x08          my_cfg.o
    0x0800b2dc   0x00000048   Code   RO         6415    i.cfg_0x09          my_cfg.o
    0x0800b324   0x0000008c   Code   RO         6416    i.cfg_retern        my_cfg.o
    0x0800b3b0   0x00000020   Code   RO         4718    i.checkNetstate     w5500.o
    0x0800b3d0   0x00000020   Code   RO         4719    i.checkSocketState  w5500.o
    0x0800b3f0   0x00000018   Code   RO         4720    i.checkSocketStateN  w5500.o
    0x0800b408   0x0000002c   Code   RO         6876    i.check_server_data  my_w5500.o
    0x0800b434   0x00000040   Code   RO         5913    i.checksum          ping.o
    0x0800b474   0x00000028   Code   RO         6137    i.cheeckflash       cmd.o
    0x0800b49c   0x0000001a   Code   RO         4989    i.clearDev          data_map.o
    0x0800b4b6   0x0000003e   Code   RO         6138    i.cmd_0x05          cmd.o
    0x0800b4f4   0x00000028   Code   RO         6208    i.cmd_byudp         debug.o
    0x0800b51c   0x00000026   Code   RO         6139    i.cmd_flash_read    cmd.o
    0x0800b542   0x00000026   Code   RO         6140    i.cmd_flash_write   cmd.o
    0x0800b568   0x0000008c   Code   RO         6141    i.cmd_return        cmd.o
    0x0800b5f4   0x00000020   Code   RO         6209    i.cmd_send          debug.o
    0x0800b614   0x00000018   Code   RO         3729    i.copy_data         my_fun.o
    0x0800b62c   0x00000038   Code   RO         3325    i.cpuBreakIRQ       delay.o
    0x0800b664   0x000000f6   Code   RO         6375    i.ctrl_air          my_autocontrol.o
    0x0800b75a   0x0000023e   Code   RO         6376    i.ctrl_humi         my_autocontrol.o
    0x0800b998   0x00000224   Code   RO         6377    i.ctrl_temp         my_autocontrol.o
    0x0800bbbc   0x00000024   Code   RO         6142    i.data_real         cmd.o
    0x0800bbe0   0x000001dc   Code   RO         6210    i.dbg_Interpreter   debug.o
    0x0800bdbc   0x00000068   Code   RO         6211    i.dbg_booting       debug.o
    0x0800be24   0x00000194   Code   RO         6212    i.dbg_copydata      debug.o
    0x0800bfb8   0x00000100   Code   RO         6213    i.dbg_devconfig     debug.o
    0x0800c0b8   0x00000054   Code   RO         6214    i.dbg_err           debug.o
    0x0800c10c   0x0000001c   Code   RO         4990    i.dbg_getdevname    data_map.o
    0x0800c128   0x000000d8   Code   RO         6215    i.dbg_getdevstate   debug.o
    0x0800c200   0x000000ec   Code   RO         6216    i.dbg_getip         debug.o
    0x0800c2ec   0x00000370   Code   RO         6217    i.dbg_help          debug.o
    0x0800c65c   0x000009ec   Code   RO         6218    i.dbg_info          debug.o
    0x0800d048   0x00000144   Code   RO         6219    i.dbg_key           debug.o
    0x0800d18c   0x000000ac   Code   RO         6220    i.dbg_mqtt          debug.o
    0x0800d238   0x000000b0   Code   RO         6221    i.dbg_ntp           debug.o
    0x0800d2e8   0x00000094   Code   RO         6222    i.dbg_oche          debug.o
    0x0800d37c   0x00000108   Code   RO         6223    i.dbg_ping          debug.o
    0x0800d484   0x00000040   Code   RO         6224    i.dbg_reboot        debug.o
    0x0800d4c4   0x00000d10   Code   RO         6225    i.dbg_set           debug.o
    0x0800e1d4   0x00000484   Code   RO         6226    i.dbg_set_adddev    debug.o
    0x0800e658   0x000000f4   Code   RO         6227    i.dbg_task          debug.o
    0x0800e74c   0x00000088   Code   RO         6228    i.dbg_whos          debug.o
    0x0800e7d4   0x000000d4   Code   RO         4991    i.delDevAddr        data_map.o
    0x0800e8a8   0x0000002c   Code   RO         4515    i.delTimerIrq10ms   timer.o
    0x0800e8d4   0x00000058   Code   RO         3326    i.delay_init        delay.o
    0x0800e92c   0x00000034   Code   RO         3327    i.delay_ms          delay.o
    0x0800e960   0x00000050   Code   RO         3328    i.delay_us          delay.o
    0x0800e9b0   0x000000f8   Code   RO         5338    i.dhcp_ask          dhcp.o
    0x0800eaa8   0x0000022c   Code   RO         5339    i.dhcp_discover     dhcp.o
    0x0800ecd4   0x000002f8   Code   RO         5340    i.dhcp_request      dhcp.o
    0x0800efcc   0x000000e4   Code   RO         5341    i.dhcp_retry        dhcp.o
    0x0800f0b0   0x00000100   Code   RO         5380    i.dns_answer        dns.o
    0x0800f1b0   0x000000c8   Code   RO         5381    i.dns_makequery     dns.o
    0x0800f278   0x000000b0   Code   RO         5382    i.dns_query         dns.o
    0x0800f328   0x00000026   Code   RO         5383    i.dns_question      dns.o
    0x0800f34e   0x00000044   Code   RO         6417    i.exit_cfg          my_cfg.o
    0x0800f392   0x00000002   PAD
    0x0800f394   0x00000168   Code   RO         4294    i.fats_init         fats.o
    0x0800f4fc   0x0000002c   Code   RO         3470    i.find_messeg       os_msg.o
    0x0800f528   0x000000dc   Code   RO         7459    i.floor             m_ws.l(floor.o)
    0x0800f604   0x0000000c   Code   RO         4992    i.getAutoCtrlAmount  data_map.o
    0x0800f610   0x0000000c   Code   RO         4993    i.getAutoCtrlFrequency  data_map.o
    0x0800f61c   0x0000000c   Code   RO         6474    i.getIdleTask       my_idle.o
    0x0800f628   0x0000001c   Code   RO         6475    i.getKilledTask     my_idle.o
    0x0800f644   0x00000008   Code   RO         4995    i.getLcdCfgData     data_map.o
    0x0800f64c   0x0000000c   Code   RO         4996    i.getMyName         data_map.o
    0x0800f658   0x0000000c   Code   RO         3329    i.getSysRunTime     delay.o
    0x0800f664   0x0000000c   Code   RO         4997    i.getWarnTolerance  data_map.o
    0x0800f670   0x00000080   Code   RO         3471    i.get_messeg        os_msg.o
    0x0800f6f0   0x00000066   Code   RO         6783    i.get_newstate      my_rf.o
    0x0800f756   0x0000005a   Code   RO         3730    i.getnumfstr        my_fun.o
    0x0800f7b0   0x000000c0   Code   RO         6476    i.idle_task         my_idle.o
    0x0800f870   0x00000048   Code   RO         6418    i.into_cfg          my_cfg.o
    0x0800f8b8   0x00000008   Code   RO         3859    i.jianpu_end        beep.o
    0x0800f8c0   0x0000003e   Code   RO         5978    i.json_cheek        wk_json.o
    0x0800f8fe   0x00000002   PAD
    0x0800f900   0x00000158   Code   RO         5979    i.json_close        wk_json.o
    0x0800fa58   0x00000064   Code   RO         5980    i.json_get_devicname  wk_json.o
    0x0800fabc   0x00000100   Code   RO         5981    i.json_mode         wk_json.o
    0x0800fbbc   0x00000128   Code   RO         5982    i.json_return       wk_json.o
    0x0800fce4   0x00000130   Code   RO         5983    i.json_setting      wk_json.o
    0x0800fe14   0x00000158   Code   RO         5985    i.json_start        wk_json.o
    0x0800ff6c   0x00000158   Code   RO         5986    i.json_startdown    wk_json.o
    0x080100c4   0x00000158   Code   RO         5987    i.json_startup      wk_json.o
    0x0801021c   0x00000124   Code   RO         5988    i.json_version      wk_json.o
    0x08010340   0x0000002c   Code   RO         4015    i.key_around        light.o
    0x0801036c   0x0000002c   Code   RO         4016    i.key_light         light.o
    0x08010398   0x00000018   Code   RO         4017    i.key_reset         light.o
    0x080103b0   0x000003d8   Code   RO         4019    i.key_send          light.o
    0x08010788   0x00000034   Code   RO         4020    i.key_senddata      light.o
    0x080107bc   0x00000034   Code   RO         6560    i.lcd_beep          my_lcd.o
    0x080107f0   0x00000018   Code   RO         6561    i.lcd_chan_state    my_lcd.o
    0x08010808   0x0000006c   Code   RO         6562    i.lcd_dataUp        my_lcd.o
    0x08010874   0x00000098   Code   RO         6563    i.lcd_gettime       my_lcd.o
    0x0801090c   0x000001a4   Code   RO         6564    i.lcd_messeg_02     my_lcd.o
    0x08010ab0   0x00000160   Code   RO         6565    i.lcd_messeg_03     my_lcd.o
    0x08010c10   0x00000014   Code   RO         6566    i.lcd_page          my_lcd.o
    0x08010c24   0x00000020   Code   RO         6567    i.lcd_set_data      my_lcd.o
    0x08010c44   0x00000038   Code   RO         6568    i.lcd_sleep         my_lcd.o
    0x08010c7c   0x000000e0   Code   RO         6569    i.lcd_timetosleep   my_lcd.o
    0x08010d5c   0x0000015e   Code   RO         6711    i.led_light         my_light.o
    0x08010eba   0x00000002   PAD
    0x08010ebc   0x0000007c   Code   RO         6712    i.led_lightall      my_light.o
    0x08010f38   0x00000028   Code   RO         4024    i.led_resetall      light.o
    0x08010f60   0x000001a8   Code   RO         6713    i.led_run           my_light.o
    0x08011108   0x00000034   Code   RO         4025    i.led_senddata      light.o
    0x0801113c   0x00000024   Code   RO         4026    i.led_setall        light.o
    0x08011160   0x00000020   Code   RO         4027    i.led_setcolor      light.o
    0x08011180   0x000001d8   Code   RO         6715    i.light_runto       my_light.o
    0x08011358   0x00000028   Code   RO         4028    i.light_setcolor    light.o
    0x08011380   0x00000174   Code   RO         6784    i.load_test_cfg     my_rf.o
    0x080114f4   0x00000042   Code   RO         6785    i.loushui_warn      my_rf.o
    0x08011536   0x00000002   PAD
    0x08011538   0x000000ec   Code   RO            1    i.main              main.o
    0x08011624   0x00000058   Code   RO         3392    i.mem_free          os_mem.o
    0x0801167c   0x000000e0   Code   RO         3393    i.mem_init          os_mem.o
    0x0801175c   0x00000098   Code   RO         3394    i.mem_malloc        os_mem.o
    0x080117f4   0x00000034   Code   RO         3395    i.mem_perused       os_mem.o
    0x08011828   0x00000130   Code   RO         4897    i.mqtt_connect      baidu_iot.o
    0x08011958   0x00000020   Code   RO         3474    i.msgInit           os_msg.o
    0x08011978   0x00000144   Code   RO         6378    i.my_autocontrol    my_autocontrol.o
    0x08011abc   0x00000130   Code   RO         6419    i.my_cfg            my_cfg.o
    0x08011bec   0x0000009c   Code   RO         6229    i.my_debug          debug.o
    0x08011c88   0x0000001a   Code   RO         6503    i.my_iot            my_iot.o
    0x08011ca2   0x00000002   PAD
    0x08011ca4   0x00000504   Code   RO         6525    i.my_key            my_key.o
    0x080121a8   0x0000017c   Code   RO         6570    i.my_lcd            my_lcd.o
    0x08012324   0x00000030   Code   RO         6571    i.my_lcd_init       my_lcd.o
    0x08012354   0x00000096   Code   RO         6716    i.my_light          my_light.o
    0x080123ea   0x000001a6   Code   RO         6786    i.my_rf_deal        my_rf.o
    0x08012590   0x00000308   Code   RO         6787    i.my_rf_hand        my_rf.o
    0x08012898   0x00000280   Code   RO         6788    i.my_rf_loop        my_rf.o
    0x08012b18   0x000000a0   Code   RO         6877    i.my_w5500          my_w5500.o
    0x08012bb8   0x00000028   Code   RO         3396    i.myfree            os_mem.o
    0x08012be0   0x0000002c   Code   RO         3397    i.mymalloc          os_mem.o
    0x08012c0c   0x0000001a   Code   RO         3398    i.mymemcpy          os_mem.o
    0x08012c26   0x00000014   Code   RO         3399    i.mymemset          os_mem.o
    0x08012c3a   0x00000016   Code   RO         5342    i.nest_Options      dhcp.o
    0x08012c50   0x000000d4   Code   RO         5424    i.net_check_gateway  enternet.o
    0x08012d24   0x00000064   Code   RO         5425    i.net_check_parameters  enternet.o
    0x08012d88   0x0000000e   Code   RO         5426    i.net_get_comstate  enternet.o
    0x08012d96   0x0000000e   Code   RO         5427    i.net_get_phycstate  enternet.o
    0x08012da4   0x00000018   Code   RO         5428    i.net_init          enternet.o
    0x08012dbc   0x00000010   Code   RO         5430    i.net_set_getway    enternet.o
    0x08012dcc   0x00000010   Code   RO         5431    i.net_set_myip      enternet.o
    0x08012ddc   0x00000010   Code   RO         5432    i.net_set_sub_mask  enternet.o
    0x08012dec   0x00000024   Code   RO         5433    i.net_sysboot_init  enternet.o
    0x08012e10   0x000000a0   Code   RO         5434    i.net_test          enternet.o
    0x08012eb0   0x000000f8   Code   RO         6363    i.ntp_gettime       ntp.o
    0x08012fa8   0x00000062   Code   RO         5615    i.num_to_str        cjson.o
    0x0801300a   0x00000008   Code   RO         3380    i.os_fats_init      os_fats.o
    0x08013012   0x00000014   Code   RO         3556    i.os_init           os_sys.o
    0x08013026   0x00000008   Code   RO         3401    i.os_mem_init       os_mem.o
    0x0801302e   0x0000000a   Code   RO         3475    i.os_msg_init       os_msg.o
    0x08013038   0x00000008   Code   RO         3587    i.os_task_init      os_task.o
    0x08013040   0x000000de   Code   RO         5384    i.parseMSG          dns.o
    0x0801311e   0x00000002   PAD
    0x08013120   0x000000ac   Code   RO         5616    i.parse_array       cjson.o
    0x080131cc   0x00000114   Code   RO         5617    i.parse_hex4        cjson.o
    0x080132e0   0x000000d8   Code   RO         5385    i.parse_name        dns.o
    0x080133b8   0x000001bc   Code   RO         5618    i.parse_number      cjson.o
    0x08013574   0x00000114   Code   RO         5619    i.parse_object      cjson.o
    0x08013688   0x000001cc   Code   RO         5620    i.parse_string      cjson.o
    0x08013854   0x000000bc   Code   RO         5621    i.parse_value       cjson.o
    0x08013910   0x000000dc   Code   RO         5914    i.ping_auto         ping.o
    0x080139ec   0x0000005a   Code   RO         5915    i.ping_reply        ping.o
    0x08013a46   0x00000002   PAD
    0x08013a48   0x00000094   Code   RO         5916    i.ping_request      ping.o
    0x08013adc   0x000009b8   Code   RO         7463    i.pow               m_ws.l(pow.o)
    0x08014494   0x0000016c   Code   RO         5622    i.print_array       cjson.o
    0x08014600   0x00000174   Code   RO         5623    i.print_number      cjson.o
    0x08014774   0x00000274   Code   RO         5624    i.print_object      cjson.o
    0x080149e8   0x0000000c   Code   RO         5625    i.print_string      cjson.o
    0x080149f4   0x00000128   Code   RO         5626    i.print_string_ptr  cjson.o
    0x08014b1c   0x00000094   Code   RO         5627    i.print_value       cjson.o
    0x08014bb0   0x0000000e   Code   RO         7076    i.readChar          mqttpacket.o
    0x08014bbe   0x00000002   Code   RO         6143    i.read_flash        cmd.o
    0x08014bc0   0x00000160   Code   RO         5989    i.recv_json         wk_json.o
    0x08014d20   0x00000098   Code   RO         6789    i.rf_cjq_deal       my_rf.o
    0x08014db8   0x0000002e   Code   RO         3731    i.samestr           my_fun.o
    0x08014de6   0x00000048   Code   RO         5990    i.send_json         wk_json.o
    0x08014e2e   0x00000002   PAD
    0x08014e30   0x00000294   Code   RO         5991    i.send_json_adddevice  wk_json.o
    0x080150c4   0x000002f0   Code   RO         5992    i.send_json_cj      wk_json.o
    0x080153b4   0x000001e8   Code   RO         5993    i.send_json_kz      wk_json.o
    0x0801559c   0x0000025c   Code   RO         5994    i.send_json_limit   wk_json.o
    0x080157f8   0x000001d0   Code   RO         5995    i.send_json_warn    wk_json.o
    0x080159c8   0x00000084   Code   RO         3476    i.send_messeg       os_msg.o
    0x08015a4c   0x00000042   Code   RO         6379    i.send_warn         my_autocontrol.o
    0x08015a8e   0x00000048   Code   RO         5997    i.server_data       wk_json.o
    0x08015ad6   0x00000002   PAD
    0x08015ad8   0x000000c0   Code   RO         5998    i.server_read_data  wk_json.o
    0x08015b98   0x000000c8   Code   RO         5999    i.server_send_data  wk_json.o
    0x08015c60   0x00000018   Code   RO         4998    i.setAutoCtrlAmount  data_map.o
    0x08015c78   0x00000010   Code   RO         4999    i.setAutoCtrlFrequency  data_map.o
    0x08015c88   0x00000028   Code   RO         5001    i.setGatewayIP      data_map.o
    0x08015cb0   0x0000002c   Code   RO         5002    i.setMyName         data_map.o
    0x08015cdc   0x00000028   Code   RO         5003    i.setNativeIP       data_map.o
    0x08015d04   0x00000018   Code   RO         5004    i.setNativePort     data_map.o
    0x08015d1c   0x00000028   Code   RO         5005    i.setServerIP       data_map.o
    0x08015d44   0x00000018   Code   RO         5006    i.setServerPort     data_map.o
    0x08015d5c   0x00000018   Code   RO         5007    i.setWarnTolerance  data_map.o
    0x08015d74   0x00000034   Code   RO         3860    i.set_jianpu        beep.o
    0x08015da8   0x00000012   Code   RO         5628    i.skip              cjson.o
    0x08015dba   0x00000002   PAD
    0x08015dbc   0x00000040   Code   RO         3330    i.sleep_ms          delay.o
    0x08015dfc   0x00000018   Code   RO         4031    i.sm16703_reset     light.o
    0x08015e14   0x000003d8   Code   RO         4032    i.sm16703_send      light.o
    0x080161ec   0x0000001a   Code   RO         5436    i.socket_recv       enternet.o
    0x08016206   0x0000004c   Code   RO         7527    i.sqrt              m_ws.l(sqrt.o)
    0x08016252   0x00000030   Code   RO         3732    i.str2num           my_fun.o
    0x08016282   0x00000006   Code   RO         5629    i.suffix_object     cjson.o
    0x08016288   0x0000001e   Code   RO         6878    i.sys_test          my_w5500.o
    0x080162a6   0x0000001a   Code   RO         5437    i.tcp_close         enternet.o
    0x080162c0   0x000000b6   Code   RO         5438    i.tcp_connect       enternet.o
    0x08016376   0x0000001e   Code   RO         5439    i.tcp_send          enternet.o
    0x08016394   0x00000038   Code   RO         5440    i.udp_close         enternet.o
    0x080163cc   0x0000004a   Code   RO         5441    i.udp_init          enternet.o
    0x08016416   0x0000004c   Code   RO         5442    i.udp_send          enternet.o
    0x08016462   0x00000002   PAD
    0x08016464   0x00000010   Code   RO         6879    i.w5500_rest_timer_irq  my_w5500.o
    0x08016474   0x000000fc   Code   RO         6880    i.wk_client         my_w5500.o
    0x08016570   0x00000028   Code   RO         7079    i.writeCString      mqttpacket.o
    0x08016598   0x0000000c   Code   RO         7080    i.writeChar         mqttpacket.o
    0x080165a4   0x00000030   Code   RO         7081    i.writeInt          mqttpacket.o
    0x080165d4   0x0000003e   Code   RO         7082    i.writeMQTTString   mqttpacket.o
    0x08016612   0x00000002   PAD
    0x08016614   0x00000130   Code   RO         6144    i.write_flash       cmd.o
    0x08016744   0x000001bc   Code   RO         6145    i.writting_flash    cmd.o
    0x08016900   0x00000090   Code   RO         6790    i.yt_newstate       my_rf.o
    0x08016990   0x0000002c   Code   RO         7591    locale$$code        c_w.l(lc_ctype_c.o)
    0x080169bc   0x0000002c   Code   RO         7594    locale$$code        c_w.l(lc_numeric_c.o)
    0x080169e8   0x00000062   Code   RO         7402    x$fpl$d2f           fz_ws.l(d2f.o)
    0x08016a4a   0x00000002   PAD
    0x08016a4c   0x00000150   Code   RO         7404    x$fpl$dadd          fz_ws.l(daddsub_clz.o)
    0x08016b9c   0x00000010   Code   RO         7596    x$fpl$dcheck1       fz_ws.l(dcheck1.o)
    0x08016bac   0x00000018   Code   RO         7492    x$fpl$dcmpinf       fz_ws.l(dcmpi.o)
    0x08016bc4   0x000002b0   Code   RO         7411    x$fpl$ddiv          fz_ws.l(ddiv.o)
    0x08016e74   0x0000005e   Code   RO         7414    x$fpl$dfix          fz_ws.l(dfix.o)
    0x08016ed2   0x00000002   PAD
    0x08016ed4   0x0000005a   Code   RO         7418    x$fpl$dfixu         fz_ws.l(dfixu.o)
    0x08016f2e   0x0000002e   Code   RO         7423    x$fpl$dflt          fz_ws.l(dflt_clz.o)
    0x08016f5c   0x00000026   Code   RO         7422    x$fpl$dfltu         fz_ws.l(dflt_clz.o)
    0x08016f82   0x00000002   PAD
    0x08016f84   0x00000078   Code   RO         7428    x$fpl$dleqf         fz_ws.l(dleqf.o)
    0x08016ffc   0x00000154   Code   RO         7430    x$fpl$dmul          fz_ws.l(dmul.o)
    0x08017150   0x0000009c   Code   RO         7494    x$fpl$dnaninf       fz_ws.l(dnaninf.o)
    0x080171ec   0x0000000c   Code   RO         7496    x$fpl$dretinf       fz_ws.l(dretinf.o)
    0x080171f8   0x0000006c   Code   RO         7432    x$fpl$drleqf        fz_ws.l(drleqf.o)
    0x08017264   0x00000016   Code   RO         7405    x$fpl$drsb          fz_ws.l(daddsub_clz.o)
    0x0801727a   0x00000002   PAD
    0x0801727c   0x000001cc   Code   RO         7598    x$fpl$dsqrt         fz_ws.l(dsqrt_noumaal.o)
    0x08017448   0x000001d4   Code   RO         7406    x$fpl$dsub          fz_ws.l(daddsub_clz.o)
    0x0801761c   0x000000c4   Code   RO         7436    x$fpl$fadd          fz_ws.l(faddsub_clz.o)
    0x080176e0   0x00000018   Code   RO         7498    x$fpl$fcmpinf       fz_ws.l(fcmpi.o)
    0x080176f8   0x0000003e   Code   RO         7442    x$fpl$ffixu         fz_ws.l(ffixu.o)
    0x08017736   0x00000002   PAD
    0x08017738   0x00000030   Code   RO         7447    x$fpl$fflt          fz_ws.l(fflt_clz.o)
    0x08017768   0x00000026   Code   RO         7446    x$fpl$ffltu         fz_ws.l(fflt_clz.o)
    0x0801778e   0x00000002   PAD
    0x08017790   0x00000068   Code   RO         7452    x$fpl$fleqf         fz_ws.l(fleqf.o)
    0x080177f8   0x0000008c   Code   RO         7500    x$fpl$fnaninf       fz_ws.l(fnaninf.o)
    0x08017884   0x0000000a   Code   RO         7502    x$fpl$fretinf       fz_ws.l(fretinf.o)
    0x0801788e   0x00000062   Code   RO         7454    x$fpl$frleqf        fz_ws.l(frleqf.o)
    0x080178f0   0x000000ea   Code   RO         7438    x$fpl$fsub          fz_ws.l(faddsub_clz.o)
    0x080179da   0x00000004   Code   RO         7456    x$fpl$printf1       fz_ws.l(printf1.o)
    0x080179de   0x00000064   Code   RO         7660    x$fpl$retnan        fz_ws.l(retnan.o)
    0x08017a42   0x0000005c   Code   RO         7504    x$fpl$scalbn        fz_ws.l(scalbn.o)
    0x08017a9e   0x00000030   Code   RO         7668    x$fpl$trapveneer    fz_ws.l(trapv.o)
    0x08017ace   0x00000000   Code   RO         7506    x$fpl$usenofp       fz_ws.l(usenofp.o)
    0x08017ace   0x00000018   Data   RO         3770    .constdata          rtc.o
    0x08017ae6   0x00000002   PAD
    0x08017ae8   0x00000010   Data   RO         3861    .constdata          beep.o
    0x08017af8   0x00000058   Data   RO         4900    .constdata          baidu_iot.o
    0x08017b50   0x00000200   Data   RO         4947    .constdata          crc8_16.o
    0x08017d50   0x00000040   Data   RO         5009    .constdata          data_map.o
    0x08017d90   0x00000007   Data   RO         5630    .constdata          cjson.o
    0x08017d97   0x00000038   Data   RO         6000    .constdata          wk_json.o
    0x08017dcf   0x00000028   Data   RO         7332    .constdata          c_w.l(_printf_hex_int.o)
    0x08017df7   0x00000011   Data   RO         7362    .constdata          c_w.l(__printf_flags_wp.o)
    0x08017e08   0x00000088   Data   RO         7464    .constdata          m_ws.l(pow.o)
    0x08017e90   0x00000008   Data   RO         7525    .constdata          m_ws.l(qnan.o)
    0x08017e98   0x00000094   Data   RO         7566    .constdata          c_w.l(bigflt0.o)
    0x08017f2c   0x00000047   Data   RO         5010    .conststring        data_map.o
    0x08017f73   0x00000001   PAD
    0x08017f74   0x000000de   Data   RO         6230    .conststring        debug.o
    0x08018052   0x00000002   PAD
    0x08018054   0x00000020   Data   RO         7736    Region$$Table       anon$$obj.o
    0x08018074   0x00000110   Data   RO         7590    locale$$data        c_w.l(lc_ctype_c.o)
    0x08018184   0x0000001c   Data   RO         7593    locale$$data        c_w.l(lc_numeric_c.o)


    Execution Region RW_IRAM1 (Base: 0x20000004, Size: 0x000027d4, Max: 0x000027fc, ABSOLUTE, COMPRESSED[0x0000008c])

    Base Addr    Size         Type   Attr      Idx    E Section Name        Object

    0x20000004   0x00000014   Data   RW          304    .data               system_stm32f10x.o
    0x20000018   0x00000014   Data   RW         1938    .data               stm32f10x_rcc.o
    0x2000002c   0x0000000c   Data   RW         3331    .data               delay.o
    0x20000038   0x0000000c   Data   RW         3403    .data               os_mem.o
    0x20000044   0x00000029   Data   RW         3589    .data               os_task.o
    0x2000006d   0x00000001   PAD
    0x2000006e   0x00000002   Data   RW         3771    .data               rtc.o
    0x20000070   0x00000014   Data   RW         3862    .data               beep.o
    0x20000084   0x00000012   Data   RW         3935    .data               key.o
    0x20000096   0x00000003   Data   RW         3972    .data               lcd.o
    0x20000099   0x00000003   PAD
    0x2000009c   0x0000002a   Data   RW         4034    .data               light.o
    0x200000c6   0x00000002   PAD
    0x200000c8   0x00000011   Data   RW         4198    .data               rf.o
    0x200000d9   0x00000003   PAD
    0x200000dc   0x0000001e   Data   RW         4297    .data               fats.o
    0x200000fa   0x00000001   Data   RW         4341    .data               mmc_sd.o
    0x200000fb   0x00000001   PAD
    0x200000fc   0x00000004   Data   RW         4518    .data               timer.o
    0x20000100   0x00000002   Data   RW         4598    .data               flash.o
    0x20000102   0x0000000f   Data   RW         4723    .data               w5500.o
    0x20000111   0x00000004   Data   RW         4901    .data               baidu_iot.o
    0x20000115   0x00000001   PAD
    0x20000116   0x00000028   Data   RW         5011    .data               data_map.o
    0x2000013e   0x00000002   PAD
    0x20000140   0x00000004   Data   RW         5343    .data               dhcp.o
    0x20000144   0x00000006   Data   RW         5386    .data               dns.o
    0x2000014a   0x0000001a   Data   RW         5443    .data               enternet.o
    0x20000164   0x0000000c   Data   RW         5631    .data               cjson.o
    0x20000170   0x00000006   Data   RW         5917    .data               ping.o
    0x20000176   0x00000001   Data   RW         6001    .data               wk_json.o
    0x20000177   0x00000001   PAD
    0x20000178   0x0000001c   Data   RW         6146    .data               cmd.o
    0x20000194   0x0000000a   Data   RW         6231    .data               debug.o
    0x2000019e   0x00000001   Data   RW         6420    .data               my_cfg.o
    0x2000019f   0x00000001   PAD
    0x200001a0   0x00000004   Data   RW         6478    .data               my_idle.o
    0x200001a4   0x00000012   Data   RW         6527    .data               my_key.o
    0x200001b6   0x00000022   Data   RW         6572    .data               my_lcd.o
    0x200001d8   0x0000002c   Data   RW         6717    .data               my_light.o
    0x20000204   0x00000009   Data   RW         6881    .data               my_w5500.o
    0x2000020d   0x00000003   PAD
    0x20000210   0x00000004   Data   RW         7083    .data               mqttpacket.o
    0x20000214   0x00000004   PAD
    0x20000218   0x00001880   Zero   RW            2    .bss                main.o
    0x20001a98   0x00000014   Zero   RW         3402    .bss                os_mem.o
    0x20001aac   0x000002d0   Zero   RW         3478    .bss                os_msg.o
    0x20001d7c   0x00000400   Zero   RW         3588    .bss                os_task.o
    0x2000217c   0x0000000a   Zero   RW         3769    .bss                rtc.o
    0x20002186   0x0000001e   Zero   RW         3971    .bss                lcd.o
    0x200021a4   0x000000a8   Zero   RW         4033    .bss                light.o
    0x2000224c   0x0000006c   Zero   RW         4197    .bss                rf.o
    0x200022b8   0x00000028   Zero   RW         4517    .bss                timer.o
    0x200022e0   0x000001d1   Zero   RW         5008    .bss                data_map.o
    0x200024b1   0x00000003   PAD
    0x200024b4   0x000000c0   Zero   RW         6477    .bss                my_idle.o
    0x20002574   0x00000060   Zero   RW         7603    .bss                c_w.l(libspace.o)
    0x200025d4   0x00000004   PAD
    0x200025d8   0x00000000   Zero   RW          335    HEAP                startup_stm32f10x_hd.o
    0x200025d8   0x00000200   Zero   RW          334    STACK               startup_stm32f10x_hd.o


==============================================================================

Image component sizes


      Code (inc. data)   RO Data    RW Data    ZI Data      Debug   Object Name

       304         10         88          4          0       3114   baidu_iot.o
      7106        448         16         20          0       8710   beep.o
      4388        246          7         12          0      22511   cjson.o
      1224        102          0         28          0       8008   cmd.o
        32          0          0          0          0        536   core_cm3.o
        56         10        512          0          0       1214   crc8_16.o
      1704         44        135         40        465      21723   data_map.o
     11452       4928        222         10          0      15932   debug.o
       480         74          0         12          0       4015   delay.o
      1814        118          0          4          0       6672   dhcp.o
      1108         38          0          6          0       5396   dns.o
      1078         50          0         26          0      10593   enternet.o
       360         64          0         30          0       5109   fats.o
       896         72          0          2          0       7460   flash.o
        62          0          0          0          0        920   iwdg.o
       688         34          0         18          0       3040   key.o
       568         72          0          3         30       3669   lcd.o
      2648        116          0         42        168       9515   light.o
       236         90          0          0       6272     277465   main.o
       192         30          0          0          0       2439   misc.o
      1308         32          0          1          0      10425   mmc_sd.o
       596         18          0          0          0       2800   mqttconnectclient.o
       450         18          0          4          0       6506   mqttpacket.o
      1758          4          0          0          0       4260   my_autocontrol.o
      1292         66          0          1          0       5840   my_cfg.o
       208          0          0          0          0       2625   my_fun.o
       232         36          0          4        192       2160   my_idle.o
        26          0          0          0          0        996   my_iot.o
      1284         24          0         18          0       2241   my_key.o
      4088        156          0         34          0      15052   my_lcd.o
      1520         92          0         44          0       5006   my_light.o
      3732         52          0          0          0      10070   my_rf.o
       502         52          0          9          0       3483   my_w5500.o
       248          0          0          0          0       1186   ntp.o
       184         34          0          0          0        316   os_cpu_a.o
       154          0          0          0          0        984   os_cpu_c.o
         8          0          0          0          0        451   os_fats.o
       654         74          0         12         20       6452   os_mem.o
       346         18          0          0        720       4509   os_msg.o
        20          0          0          0          0        450   os_sys.o
      1012        146          0         41       1024       9329   os_task.o
       538         22          0          6          0       4385   ping.o
       130         14          0          0          0       1346   power.o
        52          6          0          0          0        465   relay.o
      1308        160          0         17        108       9206   rf.o
       940         40         24          2         10       5697   rtc.o
       272         18          0          0          0       1701   spi.o
        60         22        304          0        512        772   startup_stm32f10x_hd.o
        72         10          0          0          0       2548   stm32f10x_bkp.o
       200         18          0          0          0       1972   stm32f10x_exti.o
       274         30          0          0          0       3202   stm32f10x_flash.o
       502         10          0          0          0       4785   stm32f10x_gpio.o
        62         10          0          0          0      18182   stm32f10x_it.o
        68         30          0          0          0       2330   stm32f10x_iwdg.o
        12          6          0          0          0        478   stm32f10x_pwr.o
       492         70          0         20          0       7920   stm32f10x_rcc.o
       260         48          0          0          0       4812   stm32f10x_rtc.o
       112          0          0          0          0       3626   stm32f10x_spi.o
       574         62          0          0          0       5784   stm32f10x_tim.o
       616         28          0          0          0       6954   stm32f10x_usart.o
       630          6          0          0          0       3242   stmflash.o
       328         28          0         20          0       2069   system_stm32f10x.o
       768         42          0          4         40       5732   timer.o
      2196        136          0         15          0      15738   w5500.o
      6542       1512         56          1          0      14586   wk_json.o

    ----------------------------------------------------------------------
     73110       9696       1401        528       9568     640714   Object Totals
         0          0         32          0          0          0   (incl. Generated)
        84          0          5         18          7          0   (incl. Padding)

    ----------------------------------------------------------------------

      Code (inc. data)   RO Data    RW Data    ZI Data      Debug   Library Member Name

        44          6          0          0          0         84   __2sprintf.o
        90          0          0          0          0          0   __dczerorl2.o
         8          0          0          0          0         68   __main.o
       312          4         17          0          0         92   __printf_flags_wp.o
        14          0          0          0          0         68   __printf_wp.o
         0          0          0          0          0          0   __rtentry.o
        12          0          0          0          0          0   __rtentry2.o
         6          0          0          0          0          0   __rtentry4.o
        52          8          0          0          0          0   __scatter.o
        28          0          0          0          0          0   __scatter_zi.o
        44          0          0          0          0        108   _printf_char.o
        48          6          0          0          0         96   _printf_char_common.o
         6          0          0          0          0          0   _printf_d.o
       120         16          0          0          0         92   _printf_dec.o
         6          0          0          0          0          0   _printf_e.o
         6          0          0          0          0          0   _printf_f.o
      1050          0          0          0          0        216   _printf_fp_dec.o
       128         16          0          0          0         84   _printf_fp_infnan.o
        88          4         40          0          0         88   _printf_hex_int.o
       178          0          0          0          0         88   _printf_intcommon.o
        78          0          0          0          0        108   _printf_pad.o
         0          0          0          0          0          0   _printf_percent.o
         4          0          0          0          0          0   _printf_percent_end.o
         6          0          0          0          0          0   _printf_s.o
        82          0          0          0          0         80   _printf_str.o
         6          0          0          0          0          0   _printf_u.o
         6          0          0          0          0          0   _printf_x.o
        22          0          0          0          0        100   _rserrno.o
        10          0          0          0          0         68   _sputc.o
       220          4        148          0          0         96   bigflt0.o
      1910        128          0          0          0        672   btod.o
        12          0          0          0          0         72   exit.o
         6          0          0          0          0        152   heapauxi.o
        44         10        272          0          0         76   lc_ctype_c.o
        44         10         28          0          0         76   lc_numeric_c.o
         2          0          0          0          0          0   libinit.o
        30          0          0          0          0          0   libinit2.o
         2          0          0          0          0          0   libshutdown.o
         2          0          0          0          0          0   libshutdown2.o
         8          4          0          0         96         68   libspace.o
       138          0          0          0          0         80   lludiv10.o
        16          4          0          0          0         76   rt_ctype_table.o
         8          4          0          0          0         68   rt_errno_addr_intlibspace.o
         8          4          0          0          0         68   rt_locale_intlibspace.o
        68          0          0          0          0         68   rt_memclr.o
        78          0          0          0          0         80   rt_memclr_w.o
       138          0          0          0          0         68   rt_memcpy_v6.o
       100          0          0          0          0         80   rt_memcpy_w.o
         2          0          0          0          0          0   rtexit.o
        10          0          0          0          0          0   rtexit2.o
        20          0          0          0          0         68   strchr.o
       128          0          0          0          0         68   strcmpv7m.o
        72          0          0          0          0         80   strcpy.o
        62          0          0          0          0         76   strlen.o
       150          0          0          0          0         80   strncmp.o
        86          0          0          0          0         76   strncpy.o
        74          0          0          0          0         80   sys_stackheap_outer.o
        26          0          0          0          0         76   tolower.o
         2          0          0          0          0         68   use_no_semi.o
         2          0          0          0          0         68   use_no_semi_2.o
        98          4          0          0          0         92   d2f.o
       826         16          0          0          0        348   daddsub_clz.o
        16          4          0          0          0         68   dcheck1.o
        24          0          0          0          0         68   dcmpi.o
       688        140          0          0          0        208   ddiv.o
        94          4          0          0          0         92   dfix.o
        90          4          0          0          0         92   dfixu.o
        84          0          0          0          0        136   dflt_clz.o
       120          4          0          0          0         92   dleqf.o
       340         12          0          0          0        104   dmul.o
       156          4          0          0          0         92   dnaninf.o
        12          0          0          0          0         68   dretinf.o
       108          0          0          0          0         80   drleqf.o
       460         56          0          0          0        120   dsqrt_noumaal.o
       430          8          0          0          0        168   faddsub_clz.o
        24          0          0          0          0         68   fcmpi.o
        62          4          0          0          0         84   ffixu.o
        86          0          0          0          0        136   fflt_clz.o
       104          4          0          0          0         84   fleqf.o
       140          4          0          0          0         84   fnaninf.o
        10          0          0          0          0         68   fretinf.o
        98          0          0          0          0         68   frleqf.o
         4          0          0          0          0         68   printf1.o
       100          0          0          0          0         68   retnan.o
        92          0          0          0          0         68   scalbn.o
        48          0          0          0          0         68   trapv.o
         0          0          0          0          0          0   usenofp.o
        62         10          0          0          0        340   dunder.o
       220         16          0          0          0         84   floor.o
        40          0          0          0          0         68   fpclassify.o
       170          0          0          0          0         96   poly.o
      2488        190        136          0          0        300   pow.o
         0          0          8          0          0          0   qnan.o
        76          0          0          0          0         84   sqrt.o

    ----------------------------------------------------------------------
     13320        712        649          0        100       7644   Library Totals
        28          0          0          0          4          0   (incl. Padding)

    ----------------------------------------------------------------------

      Code (inc. data)   RO Data    RW Data    ZI Data      Debug   Library Name

      5922        228        505          0         96       3980   c_w.l
      4314        268          0          0          0       2692   fz_ws.l
      3056        216        144          0          0        972   m_ws.l

    ----------------------------------------------------------------------
     13320        712        649          0        100       7644   Library Totals

    ----------------------------------------------------------------------

==============================================================================


      Code (inc. data)   RO Data    RW Data    ZI Data      Debug   

     86430      10408       2050        528       9668     618350   Grand Totals
     86430      10408       2050        140       9668     618350   ELF Image Totals (compressed)
     86430      10408       2050        140          0          0   ROM Totals

==============================================================================

    Total RO  Size (Code + RO Data)                88480 (  86.41kB)
    Total RW  Size (RW Data + ZI Data)             10196 (   9.96kB)
    Total ROM Size (Code + RO Data + RW Data)      88620 (  86.54kB)

==============================================================================

