Component: ARM Compiler 5.05 update 1 (build 106) Tool: armlink [4d0efa]

==============================================================================

Section Cross References

    main.o(i.main) refers to power.o(i.SysPowerOn) for SysPowerOn
    main.o(i.main) refers to os_task.o(i.CreateTask) for CreateTask
    main.o(i.main) refers to os_task.o(i.OSStart) for OSStart
    main.o(i.main) refers to main.o(.bss) for my_keytack
    main.o(i.main) refers to my_key.o(i.my_key) for my_key
    main.o(i.main) refers to my_lcd.o(i.my_lcd) for my_lcd
    main.o(i.main) refers to my_rf.o(i.my_rf_loop) for my_rf_loop
    main.o(i.main) refers to my_light.o(i.my_light) for my_light
    main.o(i.main) refers to my_rf.o(i.my_rf_hand) for my_rf_hand
    main.o(i.main) refers to my_rf.o(i.my_rf_deal) for my_rf_deal
    main.o(i.main) refers to my_w5500.o(i.my_w5500) for my_w5500
    main.o(i.main) refers to my_autocontrol.o(i.my_autocontrol) for my_autocontrol
    main.o(i.main) refers to my_cfg.o(i.my_cfg) for my_cfg
    main.o(i.main) refers to my_iot.o(i.my_iot) for my_iot
    main.o(i.main) refers to my_idle.o(i.idle_task) for idle_task
    stm32f10x_it.o(i.BusFault_Handler) refers to stm32f10x_it.o(i.NVIC_SystemReset) for NVIC_SystemReset
    stm32f10x_it.o(i.DebugMon_Handler) refers to stm32f10x_it.o(i.NVIC_SystemReset) for NVIC_SystemReset
    stm32f10x_it.o(i.HardFault_Handler) refers to stm32f10x_it.o(i.NVIC_SystemReset) for NVIC_SystemReset
    stm32f10x_it.o(i.MemManage_Handler) refers to stm32f10x_it.o(i.NVIC_SystemReset) for NVIC_SystemReset
    stm32f10x_it.o(i.NMI_Handler) refers to stm32f10x_it.o(i.NVIC_SystemReset) for NVIC_SystemReset
    stm32f10x_it.o(i.UsageFault_Handler) refers to stm32f10x_it.o(i.NVIC_SystemReset) for NVIC_SystemReset
    system_stm32f10x.o(i.SetSysClock) refers to system_stm32f10x.o(i.SetSysClockTo72) for SetSysClockTo72
    system_stm32f10x.o(i.SystemCoreClockUpdate) refers to system_stm32f10x.o(.data) for SystemCoreClock
    system_stm32f10x.o(i.SystemInit) refers to system_stm32f10x.o(i.SetSysClock) for SetSysClock
    startup_stm32f10x_hd.o(STACK) refers (Special) to heapauxi.o(.text) for __use_two_region_memory
    startup_stm32f10x_hd.o(HEAP) refers (Special) to heapauxi.o(.text) for __use_two_region_memory
    startup_stm32f10x_hd.o(RESET) refers (Special) to heapauxi.o(.text) for __use_two_region_memory
    startup_stm32f10x_hd.o(RESET) refers to startup_stm32f10x_hd.o(STACK) for __initial_sp
    startup_stm32f10x_hd.o(RESET) refers to startup_stm32f10x_hd.o(.text) for Reset_Handler
    startup_stm32f10x_hd.o(RESET) refers to stm32f10x_it.o(i.NMI_Handler) for NMI_Handler
    startup_stm32f10x_hd.o(RESET) refers to stm32f10x_it.o(i.HardFault_Handler) for HardFault_Handler
    startup_stm32f10x_hd.o(RESET) refers to stm32f10x_it.o(i.MemManage_Handler) for MemManage_Handler
    startup_stm32f10x_hd.o(RESET) refers to stm32f10x_it.o(i.BusFault_Handler) for BusFault_Handler
    startup_stm32f10x_hd.o(RESET) refers to stm32f10x_it.o(i.UsageFault_Handler) for UsageFault_Handler
    startup_stm32f10x_hd.o(RESET) refers to stm32f10x_it.o(i.SVC_Handler) for SVC_Handler
    startup_stm32f10x_hd.o(RESET) refers to stm32f10x_it.o(i.DebugMon_Handler) for DebugMon_Handler
    startup_stm32f10x_hd.o(RESET) refers to os_cpu_a.o(.text) for PendSV_Handler
    startup_stm32f10x_hd.o(RESET) refers to delay.o(i.SysTick_Handler) for SysTick_Handler
    startup_stm32f10x_hd.o(RESET) refers to rtc.o(i.RTC_IRQHandler) for RTC_IRQHandler
    startup_stm32f10x_hd.o(RESET) refers to w5500.o(i.EXTI4_IRQHandler) for EXTI4_IRQHandler
    startup_stm32f10x_hd.o(RESET) refers to timer.o(i.TIM2_IRQHandler) for TIM2_IRQHandler
    startup_stm32f10x_hd.o(RESET) refers to timer.o(i.TIM3_IRQHandler) for TIM3_IRQHandler
    startup_stm32f10x_hd.o(RESET) refers to timer.o(i.TIM4_IRQHandler) for TIM4_IRQHandler
    startup_stm32f10x_hd.o(RESET) refers to rf.o(i.USART1_IRQHandler) for USART1_IRQHandler
    startup_stm32f10x_hd.o(RESET) refers to lcd.o(i.USART2_IRQHandler) for USART2_IRQHandler
    startup_stm32f10x_hd.o(.text) refers (Special) to heapauxi.o(.text) for __use_two_region_memory
    startup_stm32f10x_hd.o(.text) refers to system_stm32f10x.o(i.SystemInit) for SystemInit
    startup_stm32f10x_hd.o(.text) refers to __main.o(!!!main) for __main
    startup_stm32f10x_hd.o(.text) refers to startup_stm32f10x_hd.o(HEAP) for Heap_Mem
    startup_stm32f10x_hd.o(.text) refers to startup_stm32f10x_hd.o(STACK) for Stack_Mem
    stm32f10x_adc.o(i.ADC_DeInit) refers to stm32f10x_rcc.o(i.RCC_APB2PeriphResetCmd) for RCC_APB2PeriphResetCmd
    stm32f10x_bkp.o(i.BKP_DeInit) refers to stm32f10x_rcc.o(i.RCC_BackupResetCmd) for RCC_BackupResetCmd
    stm32f10x_can.o(i.CAN_DeInit) refers to stm32f10x_rcc.o(i.RCC_APB1PeriphResetCmd) for RCC_APB1PeriphResetCmd
    stm32f10x_can.o(i.CAN_GetITStatus) refers to stm32f10x_can.o(i.CheckITStatus) for CheckITStatus
[...]
    tcp_connect                              0x08015f39   Thumb Code   182  enternet.o(i.tcp_connect)
    tcp_send                                 0x08015fef   Thumb Code    30  enternet.o(i.tcp_send)
    udp_close                                0x0801600d   Thumb Code    64  enternet.o(i.udp_close)
    udp_init                                 0x0801604d   Thumb Code    74  enternet.o(i.udp_init)
    udp_send                                 0x08016097   Thumb Code    76  enternet.o(i.udp_send)
    wk_client                                0x080160e5   Thumb Code   210  my_w5500.o(i.wk_client)
    writeCString                             0x080161c5   Thumb Code    40  mqttpacket.o(i.writeCString)
    writeChar                                0x080161ed   Thumb Code    12  mqttpacket.o(i.writeChar)
    writeInt                                 0x080161f9   Thumb Code    48  mqttpacket.o(i.writeInt)
    writeMQTTString                          0x08016229   Thumb Code    62  mqttpacket.o(i.writeMQTTString)
    write_flash                              0x08016269   Thumb Code   232  cmd.o(i.write_flash)
    writting_flash                           0x0801636d   Thumb Code   402  cmd.o(i.writting_flash)
    yt_newstate                              0x0801651d   Thumb Code   144  my_rf.o(i.yt_newstate)
    _get_lc_ctype                            0x080165ad   Thumb Code    44  lc_ctype_c.o(locale$$code)
    _get_lc_numeric                          0x080165d9   Thumb Code    44  lc_numeric_c.o(locale$$code)
    __aeabi_d2f                              0x08016605   Thumb Code     0  d2f.o(x$fpl$d2f)
    _d2f                                     0x08016605   Thumb Code    98  d2f.o(x$fpl$d2f)
    __aeabi_dadd                             0x08016669   Thumb Code     0  daddsub_clz.o(x$fpl$dadd)
    _dadd                                    0x08016669   Thumb Code   332  daddsub_clz.o(x$fpl$dadd)
    __fpl_dcheck_NaN1                        0x080167b9   Thumb Code    10  dcheck1.o(x$fpl$dcheck1)
    __fpl_dcmp_Inf                           0x080167c9   Thumb Code    24  dcmpi.o(x$fpl$dcmpinf)
    __aeabi_ddiv                             0x080167e1   Thumb Code     0  ddiv.o(x$fpl$ddiv)
    _ddiv                                    0x080167e1   Thumb Code   552  ddiv.o(x$fpl$ddiv)
    __aeabi_d2iz                             0x08016a91   Thumb Code     0  dfix.o(x$fpl$dfix)
    _dfix                                    0x08016a91   Thumb Code    94  dfix.o(x$fpl$dfix)
    __aeabi_d2uiz                            0x08016af1   Thumb Code     0  dfixu.o(x$fpl$dfixu)
    _dfixu                                   0x08016af1   Thumb Code    90  dfixu.o(x$fpl$dfixu)
    __aeabi_i2d                              0x08016b4b   Thumb Code     0  dflt_clz.o(x$fpl$dflt)
    _dflt                                    0x08016b4b   Thumb Code    46  dflt_clz.o(x$fpl$dflt)
    __aeabi_ui2d                             0x08016b79   Thumb Code     0  dflt_clz.o(x$fpl$dfltu)
    _dfltu                                   0x08016b79   Thumb Code    38  dflt_clz.o(x$fpl$dfltu)
    __aeabi_cdcmple                          0x08016ba1   Thumb Code     0  dleqf.o(x$fpl$dleqf)
    _dcmple                                  0x08016ba1   Thumb Code   120  dleqf.o(x$fpl$dleqf)
    __fpl_dcmple_InfNaN                      0x08016c03   Thumb Code     0  dleqf.o(x$fpl$dleqf)
    __aeabi_dmul                             0x08016c19   Thumb Code     0  dmul.o(x$fpl$dmul)
    _dmul                                    0x08016c19   Thumb Code   332  dmul.o(x$fpl$dmul)
    __fpl_dnaninf                            0x08016d6d   Thumb Code   156  dnaninf.o(x$fpl$dnaninf)
    __fpl_dretinf                            0x08016e09   Thumb Code    12  dretinf.o(x$fpl$dretinf)
    __aeabi_cdrcmple                         0x08016e15   Thumb Code     0  drleqf.o(x$fpl$drleqf)
    _drcmple                                 0x08016e15   Thumb Code   108  drleqf.o(x$fpl$drleqf)
    __aeabi_drsub                            0x08016e81   Thumb Code     0  daddsub_clz.o(x$fpl$drsb)
    _drsb                                    0x08016e81   Thumb Code    22  daddsub_clz.o(x$fpl$drsb)
    _dsqrt                                   0x08016e99   Thumb Code   456  dsqrt_noumaal.o(x$fpl$dsqrt)
    __aeabi_dsub                             0x08017065   Thumb Code     0  daddsub_clz.o(x$fpl$dsub)
    _dsub                                    0x08017065   Thumb Code   464  daddsub_clz.o(x$fpl$dsub)
    __aeabi_fadd                             0x08017239   Thumb Code     0  faddsub_clz.o(x$fpl$fadd)
    _fadd                                    0x08017239   Thumb Code   196  faddsub_clz.o(x$fpl$fadd)
    __fpl_fcmp_Inf                           0x080172fd   Thumb Code    24  fcmpi.o(x$fpl$fcmpinf)
    __aeabi_f2uiz                            0x08017315   Thumb Code     0  ffixu.o(x$fpl$ffixu)
    _ffixu                                   0x08017315   Thumb Code    62  ffixu.o(x$fpl$ffixu)
    __aeabi_i2f                              0x08017355   Thumb Code     0  fflt_clz.o(x$fpl$fflt)
    _fflt                                    0x08017355   Thumb Code    48  fflt_clz.o(x$fpl$fflt)
    __aeabi_ui2f                             0x08017385   Thumb Code     0  fflt_clz.o(x$fpl$ffltu)
    _ffltu                                   0x08017385   Thumb Code    38  fflt_clz.o(x$fpl$ffltu)
    __aeabi_cfcmple                          0x080173ad   Thumb Code     0  fleqf.o(x$fpl$fleqf)
    _fcmple                                  0x080173ad   Thumb Code   104  fleqf.o(x$fpl$fleqf)
    __fpl_fcmple_InfNaN                      0x080173ff   Thumb Code     0  fleqf.o(x$fpl$fleqf)
    __fpl_fnaninf                            0x08017415   Thumb Code   140  fnaninf.o(x$fpl$fnaninf)
    __fpl_fretinf                            0x080174a1   Thumb Code    10  fretinf.o(x$fpl$fretinf)
    __aeabi_cfrcmple                         0x080174ab   Thumb Code     0  frleqf.o(x$fpl$frleqf)
    _frcmple                                 0x080174ab   Thumb Code    98  frleqf.o(x$fpl$frleqf)
    __aeabi_fsub                             0x0801750d   Thumb Code     0  faddsub_clz.o(x$fpl$fsub)
    _fsub                                    0x0801750d   Thumb Code   234  faddsub_clz.o(x$fpl$fsub)
    _printf_fp_dec                           0x080175f7   Thumb Code     4  printf1.o(x$fpl$printf1)
    __fpl_return_NaN                         0x080175fb   Thumb Code   100  retnan.o(x$fpl$retnan)
    __ARM_scalbn                             0x0801765f   Thumb Code    92  scalbn.o(x$fpl$scalbn)
    __fpl_cmpreturn                          0x080176bb   Thumb Code    48  trapv.o(x$fpl$trapveneer)
    __I$use$fp                               0x080176ea   Number         0  usenofp.o(x$fpl$usenofp)
    table_week                               0x080176ea   Data          12  rtc.o(.constdata)
    mon_table                                0x080176f6   Data          12  rtc.o(.constdata)
    auchCRCHi                                0x0801776c   Data         256  crc8_16.o(.constdata)
    auchCRCLo                                0x0801786c   Data         256  crc8_16.o(.constdata)
    devicename                               0x0801796c   Data          64  data_map.o(.constdata)
    warn_char                                0x080179b3   Data          56  wk_json.o(.constdata)
    __mathlib_zero                           0x08017ab0   Data           8  qnan.o(.constdata)
    Region$$Table$$Base                      0x08017c74   Number         0  anon$$obj.o(Region$$Table)
    Region$$Table$$Limit                     0x08017c94   Number         0  anon$$obj.o(Region$$Table)
    __ctype                                  0x08017ca1   Data           0  lc_ctype_c.o(locale$$data)
    SystemCoreClock                          0x20000004   Data           4  system_stm32f10x.o(.data)
    AHBPrescTable                            0x20000008   Data          16  system_stm32f10x.o(.data)
    memtblsize                               0x20000038   Data           4  os_mem.o(.data)
    memblksize                               0x2000003c   Data           4  os_mem.o(.data)
    memsize                                  0x20000040   Data           4  os_mem.o(.data)
    OSRunning                                0x20000044   Data           4  os_task.o(.data)
    OSPrioCur                                0x20000048   Data           4  os_task.o(.data)
    OSPrioHighRdy                            0x2000004c   Data           4  os_task.o(.data)
    OSTCBCur                                 0x20000050   Data           4  os_task.o(.data)
    OSTCBHighRdy                             0x20000054   Data           4  os_task.o(.data)
    OSIntNesting                             0x20000058   Data           4  os_task.o(.data)
    OSIntExit                                0x2000005c   Data           4  os_task.o(.data)
    OS_ONLYME                                0x20000060   Data           1  os_task.o(.data)
    TASK_Free                                0x20000064   Data           4  os_task.o(.data)
    ONLYME_PRO                               0x20000068   Data           1  os_task.o(.data)
    LCD_FOCUS                                0x20000092   Data           1  lcd.o(.data)
    LIGHT_RUN_PTR                            0x200000b4   Data           4  light.o(.data)
    RED_LIGHT                                0x200000b8   Data           1  light.o(.data)
    GREEN_LIGHT                              0x200000b9   Data           1  light.o(.data)
    BLUE_LIGHT                               0x200000ba   Data           1  light.o(.data)
    RF_FOCUS                                 0x200000c4   Data           1  rf.o(.data)
    USART_RX_STA                             0x200000ca   Data           2  rf.o(.data)
    __stdout                                 0x200000d0   Data           4  rf.o(.data)
    fatfs                                    0x200000d8   Data           8  fats.o(.data)
    file                                     0x200000e0   Data           4  fats.o(.data)
    ftemp                                    0x200000e4   Data           4  fats.o(.data)
    file_br                                  0x200000e8   Data           4  fats.o(.data)
    file_bw                                  0x200000ec   Data           4  fats.o(.data)
    file_buf                                 0x200000f0   Data           4  fats.o(.data)
    FATS_STATE                               0x200000f4   Data           1  fats.o(.data)
    DBG_FATS                                 0x200000f5   Data           1  fats.o(.data)
    SD_Type                                  0x200000f6   Data           1  mmc_sd.o(.data)
    Phy_Addr                                 0x200000fe   Data           6  w5500.o(.data)
    MQTT_IP                                  0x2000010d   Data           4  baidu_iot.o(.data)
    Transaction                              0x2000013c   Data           4  dhcp.o(.data)
    Sub_Mask                                 0x20000146   Data           4  enternet.o(.data)
    IP_Addr                                  0x2000014a   Data           4  enternet.o(.data)
    Gateway_IP                               0x2000014e   Data           4  enternet.o(.data)
    DNS_SERVER                               0x20000152   Data           4  enternet.o(.data)
    NTP_SERVER                               0x20000156   Data           4  enternet.o(.data)
    SERVER_IP                                0x2000015a   Data           4  enternet.o(.data)
    SERVER_PORT                              0x2000015e   Data           2  enternet.o(.data)
    DBG_COPY_TO_S1CK                         0x20000172   Data           1  wk_json.o(.data)
    DBG_IP                                   0x2000018c   Data           4  debug.o(.data)
    DBG_PORT                                 0x20000190   Data           2  debug.o(.data)
    IN_CFG                                   0x20000192   Data           1  my_cfg.o(.data)
    IDLE                                     0x20000194   Data           4  my_idle.o(.data)
    LCD_PAGE                                 0x200001aa   Data           6  my_lcd.o(.data)
    LCD_STATE                                0x200001b0   Data           8  my_lcd.o(.data)
    LCD_SET_DATA                             0x200001b8   Data           8  my_lcd.o(.data)
    LCD_GET_DATA                             0x200001c0   Data           7  my_lcd.o(.data)
    DBG_INTER_STATE                          0x200001f8   Data           1  my_w5500.o(.data)
    my_keytack                               0x20000200   Data         256  main.o(.bss)
    my_lcdtack                               0x20000300   Data         512  main.o(.bss)
    rf_looptack                              0x20000500   Data        1024  main.o(.bss)
    my_lighttack                             0x20000900   Data         512  main.o(.bss)
    my_rf_handtack                           0x20000b00   Data        1024  main.o(.bss)
    my_rf_dealtack                           0x20000f00   Data         256  main.o(.bss)
    my_w5500tack                             0x20001000   Data        1024  main.o(.bss)
    my_autotack                              0x20001400   Data         512  main.o(.bss)
    my_cfgtack                               0x20001600   Data         512  main.o(.bss)
    my_iottack                               0x20001800   Data         512  main.o(.bss)
    my_idletack                              0x20001a00   Data         128  main.o(.bss)
    mallco_dev                               0x20001a80   Data          20  os_mem.o(.bss)
    my_messeg                                0x20001a94   Data         720  os_msg.o(.bss)
    TCB_Table                                0x20001d64   Data         768  os_task.o(.bss)
    USART_RX_BUF                             0x2000208c   Data          50  rf.o(.bss)
    MY_CMD                                   0x200020be   Data          58  rf.o(.bss)
    LASTTIME                                 0x200022f4   Data         128  my_idle.o(.bss)
    IDLETIMES                                0x20002374   Data          64  my_idle.o(.bss)
    __libspace_start                         0x200023b4   Data          96  libspace.o(.bss)
    __temporary_stack_top$libspace           0x20002414   Data           0  libspace.o(.bss)



==============================================================================

Memory Map of the image

  Image Entry point : 0x08002931

  Load Region LR_IROM1 (Base: 0x08002800, Size: 0x000157bc, Max: 0x00038000, ABSOLUTE, COMPRESSED[0x00015650])

    Execution Region ER_IROM1 (Base: 0x08002800, Size: 0x000155c0, Max: 0x00038000, ABSOLUTE)

    Base Addr    Size         Type   Attr      Idx    E Section Name        Object

    0x08002800   0x00000130   Data   RO          336    RESET               startup_stm32f10x_hd.o
    0x08002930   0x00000008   Code   RO         7304  * !!!main             c_w.l(__main.o)
    0x08002938   0x00000034   Code   RO         7644    !!!scatter          c_w.l(__scatter.o)
    0x0800296c   0x0000005a   Code   RO         7642    !!dczerorl2         c_w.l(__dczerorl2.o)
    0x080029c6   0x00000002   PAD
    0x080029c8   0x0000001c   Code   RO         7646    !!handler_zi        c_w.l(__scatter_zi.o)
    0x080029e4   0x00000000   Code   RO         7279    .ARM.Collect$$_printf_percent$$00000000  c_w.l(_printf_percent.o)
    0x080029e4   0x00000006   Code   RO         7277    .ARM.Collect$$_printf_percent$$00000003  c_w.l(_printf_f.o)
    0x080029ea   0x00000006   Code   RO         7278    .ARM.Collect$$_printf_percent$$00000004  c_w.l(_printf_e.o)
    0x080029f0   0x00000006   Code   RO         7276    .ARM.Collect$$_printf_percent$$00000009  c_w.l(_printf_d.o)
    0x080029f6   0x00000006   Code   RO         7275    .ARM.Collect$$_printf_percent$$0000000C  c_w.l(_printf_x.o)
    0x080029fc   0x00000006   Code   RO         7274    .ARM.Collect$$_printf_percent$$00000014  c_w.l(_printf_s.o)
    0x08002a02   0x00000004   Code   RO         7395    .ARM.Collect$$_printf_percent$$00000017  c_w.l(_printf_percent_end.o)
    0x08002a06   0x00000002   Code   RO         7518    .ARM.Collect$$libinit$$00000000  c_w.l(libinit.o)
    0x08002a08   0x00000000   Code   RO         7520    .ARM.Collect$$libinit$$00000002  c_w.l(libinit2.o)
    0x08002a08   0x00000000   Code   RO         7522    .ARM.Collect$$libinit$$00000004  c_w.l(libinit2.o)
    0x08002a08   0x00000000   Code   RO         7525    .ARM.Collect$$libinit$$0000000A  c_w.l(libinit2.o)
    0x08002a08   0x00000000   Code   RO         7527    .ARM.Collect$$libinit$$0000000C  c_w.l(libinit2.o)
    0x08002a08   0x00000000   Code   RO         7529    .ARM.Collect$$libinit$$0000000E  c_w.l(libinit2.o)
    0x08002a08   0x00000006   Code   RO         7530    .ARM.Collect$$libinit$$0000000F  c_w.l(libinit2.o)
    0x08002a0e   0x00000000   Code   RO         7532    .ARM.Collect$$libinit$$00000011  c_w.l(libinit2.o)
    0x08002a0e   0x0000000c   Code   RO         7533    .ARM.Collect$$libinit$$00000012  c_w.l(libinit2.o)
    0x08002a1a   0x00000000   Code   RO         7534    .ARM.Collect$$libinit$$00000013  c_w.l(libinit2.o)
    0x08002a1a   0x00000000   Code   RO         7536    .ARM.Collect$$libinit$$00000015  c_w.l(libinit2.o)
    0x08002a1a   0x0000000a   Code   RO         7537    .ARM.Collect$$libinit$$00000016  c_w.l(libinit2.o)
    0x08002a24   0x00000000   Code   RO         7538    .ARM.Collect$$libinit$$00000017  c_w.l(libinit2.o)
    0x08002a24   0x00000000   Code   RO         7540    .ARM.Collect$$libinit$$00000019  c_w.l(libinit2.o)
    0x08002a24   0x00000000   Code   RO         7542    .ARM.Collect$$libinit$$0000001B  c_w.l(libinit2.o)
    0x08002a24   0x00000000   Code   RO         7544    .ARM.Collect$$libinit$$0000001D  c_w.l(libinit2.o)
    0x08002a24   0x00000000   Code   RO         7546    .ARM.Collect$$libinit$$0000001F  c_w.l(libinit2.o)
    0x08002a24   0x00000000   Code   RO         7548    .ARM.Collect$$libinit$$00000021  c_w.l(libinit2.o)
    0x08002a24   0x00000000   Code   RO         7550    .ARM.Collect$$libinit$$00000023  c_w.l(libinit2.o)
    0x08002a24   0x00000000   Code   RO         7552    .ARM.Collect$$libinit$$00000025  c_w.l(libinit2.o)
    0x08002a24   0x00000000   Code   RO         7556    .ARM.Collect$$libinit$$0000002C  c_w.l(libinit2.o)
    0x08002a24   0x00000000   Code   RO         7558    .ARM.Collect$$libinit$$0000002E  c_w.l(libinit2.o)
    0x08002a24   0x00000000   Code   RO         7560    .ARM.Collect$$libinit$$00000030  c_w.l(libinit2.o)
    0x08002a24   0x00000000   Code   RO         7562    .ARM.Collect$$libinit$$00000032  c_w.l(libinit2.o)
    0x08002a24   0x00000002   Code   RO         7563    .ARM.Collect$$libinit$$00000033  c_w.l(libinit2.o)
    0x08002a26   0x00000002   Code   RO         7595    .ARM.Collect$$libshutdown$$00000000  c_w.l(libshutdown.o)
    0x08002a28   0x00000000   Code   RO         7605    .ARM.Collect$$libshutdown$$00000003  c_w.l(libshutdown2.o)
    0x08002a28   0x00000000   Code   RO         7608    .ARM.Collect$$libshutdown$$00000006  c_w.l(libshutdown2.o)
    0x08002a28   0x00000000   Code   RO         7611    .ARM.Collect$$libshutdown$$00000009  c_w.l(libshutdown2.o)
    0x08002a28   0x00000000   Code   RO         7613    .ARM.Collect$$libshutdown$$0000000B  c_w.l(libshutdown2.o)
    0x08002a28   0x00000000   Code   RO         7616    .ARM.Collect$$libshutdown$$0000000E  c_w.l(libshutdown2.o)
    0x08002a28   0x00000002   Code   RO         7617    .ARM.Collect$$libshutdown$$0000000F  c_w.l(libshutdown2.o)
    0x08002a2a   0x00000000   Code   RO         7378    .ARM.Collect$$rtentry$$00000000  c_w.l(__rtentry.o)
    0x08002a2a   0x00000000   Code   RO         7439    .ARM.Collect$$rtentry$$00000002  c_w.l(__rtentry2.o)
    0x08002a2a   0x00000006   Code   RO         7451    .ARM.Collect$$rtentry$$00000004  c_w.l(__rtentry4.o)
    0x08002a30   0x00000000   Code   RO         7441    .ARM.Collect$$rtentry$$00000009  c_w.l(__rtentry2.o)
    0x08002a30   0x00000004   Code   RO         7442    .ARM.Collect$$rtentry$$0000000A  c_w.l(__rtentry2.o)
    0x08002a34   0x00000000   Code   RO         7444    .ARM.Collect$$rtentry$$0000000C  c_w.l(__rtentry2.o)
    0x08002a34   0x00000008   Code   RO         7445    .ARM.Collect$$rtentry$$0000000D  c_w.l(__rtentry2.o)
    0x08002a3c   0x00000002   Code   RO         7566    .ARM.Collect$$rtexit$$00000000  c_w.l(rtexit.o)
    0x08002a3e   0x00000000   Code   RO         7575    .ARM.Collect$$rtexit$$00000002  c_w.l(rtexit2.o)
    0x08002a3e   0x00000004   Code   RO         7576    .ARM.Collect$$rtexit$$00000003  c_w.l(rtexit2.o)
    0x08002a42   0x00000006   Code   RO         7577    .ARM.Collect$$rtexit$$00000004  c_w.l(rtexit2.o)
    0x08002a48   0x00000020   Code   RO          229    .emb_text           core_cm3.o
    0x08002a68   0x0000003c   Code   RO          337    .text               startup_stm32f10x_hd.o
    0x08002aa4   0x000000b8   Code   RO         3320    .text               os_cpu_a.o
    0x08002b5c   0x00000002   Code   RO         7213    .text               c_w.l(use_no_semi_2.o)
    0x08002b5e   0x0000001a   Code   RO         7215    .text               c_w.l(tolower.o)
    0x08002b78   0x0000002c   Code   RO         7217    .text               c_w.l(__2sprintf.o)
    0x08002ba4   0x0000004e   Code   RO         7227    .text               c_w.l(_printf_pad.o)
    0x08002bf2   0x00000052   Code   RO         7229    .text               c_w.l(_printf_str.o)
    0x08002c44   0x00000078   Code   RO         7231    .text               c_w.l(_printf_dec.o)
    0x08002cbc   0x00000058   Code   RO         7236    .text               c_w.l(_printf_hex_int.o)
    0x08002d14   0x00000138   Code   RO         7266    .text               c_w.l(__printf_flags_wp.o)
    0x08002e4c   0x00000014   Code   RO         7280    .text               c_w.l(strchr.o)
    0x08002e60   0x00000048   Code   RO         7284    .text               c_w.l(strcpy.o)
    0x08002ea8   0x0000003e   Code   RO         7286    .text               c_w.l(strlen.o)
    0x08002ee6   0x00000096   Code   RO         7288    .text               c_w.l(strncmp.o)
    0x08002f7c   0x0000008a   Code   RO         7290    .text               c_w.l(rt_memcpy_v6.o)
    0x08003006   0x00000064   Code   RO         7292    .text               c_w.l(rt_memcpy_w.o)
    0x0800306a   0x00000044   Code   RO         7294    .text               c_w.l(rt_memclr.o)
    0x080030ae   0x0000004e   Code   RO         7296    .text               c_w.l(rt_memclr_w.o)
    0x080030fc   0x00000056   Code   RO         7298    .text               c_w.l(strncpy.o)
    0x08003152   0x00000002   PAD
    0x08003154   0x00000080   Code   RO         7300    .text               c_w.l(strcmpv7m.o)
    0x080031d4   0x00000006   Code   RO         7302    .text               c_w.l(heapauxi.o)
    0x080031da   0x00000002   Code   RO         7376    .text               c_w.l(use_no_semi.o)
    0x080031dc   0x00000010   Code   RO         7379    .text               c_w.l(rt_ctype_table.o)
    0x080031ec   0x00000016   Code   RO         7381    .text               c_w.l(_rserrno.o)
    0x08003202   0x000000b2   Code   RO         7383    .text               c_w.l(_printf_intcommon.o)
    0x080032b4   0x0000041a   Code   RO         7385    .text               c_w.l(_printf_fp_dec.o)
    0x080036ce   0x00000002   PAD
    0x080036d0   0x00000030   Code   RO         7387    .text               c_w.l(_printf_char_common.o)
    0x08003700   0x0000000a   Code   RO         7389    .text               c_w.l(_sputc.o)
    0x0800370a   0x0000002c   Code   RO         7393    .text               c_w.l(_printf_char.o)
    0x08003736   0x00000002   PAD
    0x08003738   0x00000008   Code   RO         7456    .text               c_w.l(rt_locale_intlibspace.o)
    0x08003740   0x00000008   Code   RO         7461    .text               c_w.l(rt_errno_addr_intlibspace.o)
    0x08003748   0x0000008a   Code   RO         7463    .text               c_w.l(lludiv10.o)
    0x080037d2   0x00000002   PAD
    0x080037d4   0x00000080   Code   RO         7465    .text               c_w.l(_printf_fp_infnan.o)
    0x08003854   0x000000dc   Code   RO         7469    .text               c_w.l(bigflt0.o)
    0x08003930   0x00000008   Code   RO         7506    .text               c_w.l(libspace.o)
    0x08003938   0x0000004a   Code   RO         7509    .text               c_w.l(sys_stackheap_outer.o)
    0x08003982   0x0000000c   Code   RO         7511    .text               c_w.l(exit.o)
    0x0800398e   0x0000003e   Code   RO         7472    CL$$btod_d2e        c_w.l(btod.o)
    0x080039cc   0x00000046   Code   RO         7474    CL$$btod_d2e_denorm_low  c_w.l(btod.o)
    0x08003a12   0x00000060   Code   RO         7473    CL$$btod_d2e_norm_op1  c_w.l(btod.o)
    0x08003a72   0x00000338   Code   RO         7482    CL$$btod_div_common  c_w.l(btod.o)
    0x08003daa   0x000000c6   Code   RO         7479    CL$$btod_e2e        c_w.l(btod.o)
    0x08003e70   0x00000028   Code   RO         7476    CL$$btod_ediv       c_w.l(btod.o)
    0x08003e98   0x00000028   Code   RO         7475    CL$$btod_emul       c_w.l(btod.o)
    0x08003ec0   0x00000244   Code   RO         7481    CL$$btod_mult_common  c_w.l(btod.o)
    0x08004104   0x00000030   Code   RO         6469    i.AutoCtr           my_lcd.o
    0x08004134   0x0000004c   Code   RO         6470    i.Auto_sleep        my_lcd.o
    0x08004180   0x00000048   Code   RO         3814    i.BEEP_Init         beep.o
    0x080041c8   0x00000010   Code   RO          601    i.BKP_DeInit        stm32f10x_bkp.o
    0x080041d8   0x0000001c   Code   RO          606    i.BKP_ReadBackupRegister  stm32f10x_bkp.o
    0x080041f4   0x0000001c   Code   RO          610    i.BKP_WriteBackupRegister  stm32f10x_bkp.o
    0x08004210   0x00000034   Code   RO         6471    i.BUT_DOWN_HUMI     my_lcd.o
    0x08004244   0x00000032   Code   RO         6472    i.BUT_DOWN_TEMP     my_lcd.o
    0x08004276   0x00000034   Code   RO         6473    i.BUT_PM            my_lcd.o
    0x080042aa   0x00000036   Code   RO         6474    i.BUT_UP_HUMI       my_lcd.o
    0x080042e0   0x00000034   Code   RO         6475    i.BUT_UP_TEMP       my_lcd.o
    0x08004314   0x000000f8   Code   RO         3815    i.Beep_Play         beep.o
    0x0800440c   0x0000010c   Code   RO         3816    i.Beep_Run          beep.o
    0x08004518   0x00000004   Code   RO          240    i.BusFault_Handler  stm32f10x_it.o
    0x0800451c   0x00000032   Code   RO         6693    i.CheckId           my_rf.o
    0x0800454e   0x00000002   PAD
    0x08004550   0x0000001c   Code   RO         4138    i.Clear_Mycmd       rf.o
    0x0800456c   0x000000d6   Code   RO         6694    i.Cmd_0x01          my_rf.o
    0x08004642   0x000000fe   Code   RO         6695    i.Cmd_0x03          my_rf.o
    0x08004740   0x0000004c   Code   RO         3562    i.CreateTask        os_task.o
    0x0800478c   0x00000004   Code   RO          241    i.DebugMon_Handler  stm32f10x_it.o
    0x08004790   0x0000000c   Code   RO         4648    i.Delay             w5500.o
    0x0800479c   0x000001ae   Code   RO         6698    i.Device_state_see  my_rf.o
    0x0800494a   0x00000002   PAD
    0x0800494c   0x000000d8   Code   RO         4649    i.EXTI4_IRQHandler  w5500.o
    0x08004a24   0x0000000c   Code   RO         1139    i.EXTI_ClearITPendingBit  stm32f10x_exti.o
    0x08004a30   0x00000028   Code   RO         1143    i.EXTI_GetITStatus  stm32f10x_exti.o
    0x08004a58   0x00000094   Code   RO         1144    i.EXTI_Init         stm32f10x_exti.o
    0x08004aec   0x0000004c   Code   RO         1197    i.FLASH_ErasePage   stm32f10x_flash.o
    0x08004b38   0x00000034   Code   RO         1198    i.FLASH_GetBank1Status  stm32f10x_flash.o
    0x08004b6c   0x00000014   Code   RO         1207    i.FLASH_Lock        stm32f10x_flash.o
    0x08004b80   0x00000040   Code   RO         1210    i.FLASH_ProgramHalfWord  stm32f10x_flash.o
    0x08004bc0   0x00000018   Code   RO         1215    i.FLASH_Unlock      stm32f10x_flash.o
    0x08004bd8   0x00000026   Code   RO         1219    i.FLASH_WaitForLastOperation  stm32f10x_flash.o
    0x08004bfe   0x00000002   PAD
    0x08004c00   0x00000040   Code   RO         1489    i.GPIO_EXTILineConfig  stm32f10x_gpio.o
    0x08004c40   0x00000116   Code   RO         1492    i.GPIO_Init         stm32f10x_gpio.o
    0x08004d56   0x00000002   PAD
    0x08004d58   0x00000090   Code   RO         1494    i.GPIO_PinRemapConfig  stm32f10x_gpio.o
    0x08004de8   0x00000008   Code   RO         1495    i.GPIO_ReadInputData  stm32f10x_gpio.o
    0x08004df0   0x00000004   Code   RO         1499    i.GPIO_ResetBits    stm32f10x_gpio.o
    0x08004df4   0x00000004   Code   RO         1500    i.GPIO_SetBits      stm32f10x_gpio.o
    0x08004df8   0x00000008   Code   RO         4917    i.GetCJDataAddr     data_map.o
    0x08004e00   0x00000008   Code   RO         4918    i.GetCfgData        data_map.o
    0x08004e08   0x0000003c   Code   RO         4919    i.GetDeviceNum      data_map.o
    0x08004e44   0x00000042   Code   RO         4920    i.GetDeviceState    data_map.o
    0x08004e86   0x0000003e   Code   RO         4921    i.GetDeviceType     data_map.o
    0x08004ec4   0x0000004e   Code   RO         4922    i.GetNextDeviceaddr  data_map.o
    0x08004f12   0x00000002   PAD
    0x08004f14   0x00000060   Code   RO         4139    i.Get_BuffData      rf.o
    0x08004f74   0x00000038   Code   RO         4896    i.Get_Crc16         crc8_16.o
    0x08004fac   0x00000018   Code   RO         3895    i.Get_Key           key.o
    0x08004fc4   0x0000000a   Code   RO         4923    i.Get_MyAddr        data_map.o
    0x08004fce   0x0000000c   Code   RO         4924    i.Get_MyChanel      data_map.o
    0x08004fda   0x0000000c   Code   RO         4925    i.Get_MyIP          data_map.o
    0x08004fe6   0x00000002   PAD
    0x08004fe8   0x00000024   Code   RO         4140    i.Get_Mycmd         rf.o
    0x0800500c   0x00000078   Code   RO         6087    i.Get_cmd           cmd.o
    0x08005084   0x00000098   Code   RO         6476    i.Hand_Set_Init     my_lcd.o
    0x0800511c   0x00000004   Code   RO          242    i.HardFault_Handler  stm32f10x_it.o
    0x08005120   0x00000010   Code   RO         1804    i.IWDG_Enable       stm32f10x_iwdg.o
    0x08005130   0x00000008   Code   RO         3793    i.IWDG_Feed         iwdg.o
    0x08005138   0x00000036   Code   RO         3794    i.IWDG_Init         iwdg.o
    0x0800516e   0x00000002   PAD
    0x08005170   0x00000010   Code   RO         1806    i.IWDG_ReloadCounter  stm32f10x_iwdg.o
    0x08005180   0x0000000c   Code   RO         1807    i.IWDG_SetPrescaler  stm32f10x_iwdg.o
    0x0800518c   0x0000000c   Code   RO         1808    i.IWDG_SetReload    stm32f10x_iwdg.o
    0x08005198   0x0000000c   Code   RO         1809    i.IWDG_WriteAccessCmd  stm32f10x_iwdg.o
    0x080051a4   0x00000034   Code   RO         6477    i.Into_Senior       my_lcd.o
    0x080051d8   0x0000003a   Code   RO         3723    i.Is_Leap_Year      rtc.o
    0x08005212   0x00000002   PAD
    0x08005214   0x0000022c   Code   RO         3896    i.KEY_IRQHandler    key.o
    0x08005440   0x00000034   Code   RO         3897    i.Key_Init          key.o
    0x08005474   0x000000f0   Code   RO         3924    i.LCD_Init          lcd.o
    0x08005564   0x00000044   Code   RO         3925    i.LCD_Receive_Data  lcd.o
    0x080055a8   0x0000004c   Code   RO         3926    i.LCD_Send_Data     lcd.o
    0x080055f4   0x00000010   Code   RO         3927    i.LCD_SetFocus      lcd.o
    0x08005604   0x00000076   Code   RO         6478    i.LCD_tolight       my_lcd.o
    0x0800567a   0x00000074   Code   RO         6479    i.LCD_tosleep       my_lcd.o
    0x080056ee   0x0000000a   Code   RO         4926    i.Lcd_GetHandstate  data_map.o
    0x080056f8   0x00000016   Code   RO         4927    i.Lcd_GetLimitData  data_map.o
    0x0800570e   0x0000000c   Code   RO         4928    i.Lcd_SetHandstate  data_map.o
    0x0800571a   0x00000014   Code   RO         4929    i.Lcd_SetLimitData  data_map.o
    0x0800572e   0x00000002   PAD
    0x08005730   0x00000124   Code   RO         3970    i.Light_init        light.o
    0x08005854   0x00000088   Code   RO         4930    i.Load_Config       data_map.o
    0x080058dc   0x0000008c   Code   RO         4931    i.Load_LCD          data_map.o
    0x08005968   0x00000050   Code   RO         4650    i.Load_Net_Parameters  w5500.o
    0x080059b8   0x0000007c   Code   RO         3817    i.Load_down         beep.o
    0x08005a34   0x0000048e   Code   RO         3818    i.Load_song         beep.o
    0x08005ec2   0x00000002   PAD
    0x08005ec4   0x00000694   Code   RO         3819    i.Load_song1        beep.o
    0x08006558   0x000005ec   Code   RO         3820    i.Load_song2        beep.o
    0x08006b44   0x00000734   Code   RO         3821    i.Load_song3        beep.o
    0x08007278   0x0000007c   Code   RO         3822    i.Load_up           beep.o
    0x080072f4   0x00000076   Code   RO         6824    i.MQTTDeserialize_connack  mqttconnectclient.o
    0x0800736a   0x00000058   Code   RO         6970    i.MQTTPacket_decode  mqttpacket.o
    0x080073c2   0x00000002   PAD
    0x080073c4   0x0000001c   Code   RO         6971    i.MQTTPacket_decodeBuf  mqttpacket.o
    0x080073e0   0x00000036   Code   RO         6973    i.MQTTPacket_encode  mqttpacket.o
    0x08007416   0x00000002   PAD
    0x08007418   0x00000028   Code   RO         6975    i.MQTTPacket_len    mqttpacket.o
    0x08007440   0x00000168   Code   RO         6825    i.MQTTSerialize_connect  mqttconnectclient.o
    0x080075a8   0x00000076   Code   RO         6826    i.MQTTSerialize_connectLength  mqttconnectclient.o
    0x0800761e   0x00000018   Code   RO         6978    i.MQTTstrlen        mqttpacket.o
    0x08007636   0x00000004   Code   RO          243    i.MemManage_Handler  stm32f10x_it.o
    0x0800763a   0x00000004   Code   RO          244    i.NMI_Handler       stm32f10x_it.o
    0x0800763e   0x00000002   PAD
    0x08007640   0x00000070   Code   RO          341    i.NVIC_Init         misc.o
    0x080076b0   0x00000014   Code   RO          342    i.NVIC_PriorityGroupConfig  misc.o
    0x080076c4   0x00000014   Code   RO          343    i.NVIC_SetVectorTable  misc.o
    0x080076d8   0x00000024   Code   RO          245    i.NVIC_SystemReset  stm32f10x_it.o
    0x080076fc   0x00000058   Code   RO         3563    i.OSStart           os_task.o
    0x08007754   0x0000009a   Code   RO         3308    i.OSTaskStkInit     os_cpu_c.o
    0x080077ee   0x00000002   PAD
    0x080077f0   0x00000030   Code   RO         3564    i.OS_Enter_Onlyme   os_task.o
    0x08007820   0x00000038   Code   RO         3565    i.OS_Exit_Onlyme    os_task.o
    0x08007858   0x00000030   Code   RO         3566    i.OS_TCBInit        os_task.o
    0x08007888   0x0000000c   Code   RO         1846    i.PWR_BackupAccessCmd  stm32f10x_pwr.o
    0x08007894   0x00000010   Code   RO         5863    i.PingCalculationDelayIRQ  ping.o
    0x080078a4   0x00000020   Code   RO         1908    i.RCC_APB1PeriphClockCmd  stm32f10x_rcc.o
    0x080078c4   0x00000020   Code   RO         1909    i.RCC_APB1PeriphResetCmd  stm32f10x_rcc.o
    0x080078e4   0x00000020   Code   RO         1910    i.RCC_APB2PeriphClockCmd  stm32f10x_rcc.o
    0x08007904   0x00000020   Code   RO         1911    i.RCC_APB2PeriphResetCmd  stm32f10x_rcc.o
    0x08007924   0x0000000c   Code   RO         1913    i.RCC_BackupResetCmd  stm32f10x_rcc.o
    0x08007930   0x000000d4   Code   RO         1918    i.RCC_GetClocksFreq  stm32f10x_rcc.o
    0x08007a04   0x0000003c   Code   RO         1919    i.RCC_GetFlagStatus  stm32f10x_rcc.o
    0x08007a40   0x00000034   Code   RO         1926    i.RCC_LSEConfig     stm32f10x_rcc.o
    0x08007a74   0x0000000c   Code   RO         1933    i.RCC_RTCCLKCmd     stm32f10x_rcc.o
    0x08007a80   0x00000010   Code   RO         1934    i.RCC_RTCCLKConfig  stm32f10x_rcc.o
    0x08007a90   0x00000050   Code   RO         4141    i.RF1_tx_bytes      rf.o
    0x08007ae0   0x0000003c   Code   RO         4142    i.RF_Get            rf.o
    0x08007b1c   0x000000d8   Code   RO         4143    i.RF_GetCmd         rf.o
    0x08007bf4   0x00000138   Code   RO         4144    i.RF_Init           rf.o
    0x08007d2c   0x000000a0   Code   RO         4145    i.RF_SetChannel     rf.o
    0x08007dcc   0x00000010   Code   RO         4146    i.RF_SetFocus       rf.o
    0x08007ddc   0x00000010   Code   RO         2107    i.RTC_ClearITPendingBit  stm32f10x_rtc.o
    0x08007dec   0x00000014   Code   RO         2108    i.RTC_EnterConfigMode  stm32f10x_rtc.o
    0x08007e00   0x00000014   Code   RO         2109    i.RTC_ExitConfigMode  stm32f10x_rtc.o
    0x08007e14   0x00000100   Code   RO         3724    i.RTC_Get           rtc.o
    0x08007f14   0x00000014   Code   RO         2110    i.RTC_GetCounter    stm32f10x_rtc.o
    0x08007f28   0x00000024   Code   RO         2113    i.RTC_GetITStatus   stm32f10x_rtc.o
    0x08007f4c   0x00000008   Code   RO         3726    i.RTC_GetTimeObj    rtc.o
    0x08007f54   0x00000078   Code   RO         3727    i.RTC_Get_Week      rtc.o
    0x08007fcc   0x00000028   Code   RO         3728    i.RTC_IRQHandler    rtc.o
    0x08007ff4   0x00000020   Code   RO         2114    i.RTC_ITConfig      stm32f10x_rtc.o
    0x08008014   0x000000be   Code   RO         3729    i.RTC_Init          rtc.o
    0x080080d2   0x00000022   Code   RO         3730    i.RTC_NVIC_Config   rtc.o
    0x080080f4   0x000000c8   Code   RO         3731    i.RTC_Set           rtc.o
    0x080081bc   0x0000001c   Code   RO         2116    i.RTC_SetCounter    stm32f10x_rtc.o
    0x080081d8   0x00000020   Code   RO         2117    i.RTC_SetPrescaler  stm32f10x_rtc.o
    0x080081f8   0x00000022   Code   RO         3732    i.RTC_SetTimeBySec  rtc.o
    0x0800821a   0x00000002   PAD
    0x0800821c   0x00000014   Code   RO         2118    i.RTC_WaitForLastTask  stm32f10x_rtc.o
    0x08008230   0x00000024   Code   RO         2119    i.RTC_WaitForSynchro  stm32f10x_rtc.o
    0x08008254   0x00000128   Code   RO         4651    i.Read_SOCK_Data_Buffer  w5500.o
    0x0800837c   0x00000044   Code   RO         4652    i.Read_W5500_1Byte  w5500.o
    0x080083c0   0x00000050   Code   RO         4653    i.Read_W5500_SOCK_1Byte  w5500.o
    0x08008410   0x00000068   Code   RO         4654    i.Read_W5500_SOCK_2Byte  w5500.o
    0x08008478   0x00000034   Code   RO         4123    i.Relay_Init        relay.o
    0x080084ac   0x00000030   Code   RO         3323    i.RunTime_IRQHandler  delay.o
    0x080084dc   0x00000014   Code   RO         4280    i.SD_DisSelect      mmc_sd.o
    0x080084f0   0x0000002a   Code   RO         4282    i.SD_GetCSD         mmc_sd.o
    0x0800851a   0x00000026   Code   RO         4283    i.SD_GetResponse    mmc_sd.o
    0x08008540   0x00000076   Code   RO         4284    i.SD_GetSectorCount  mmc_sd.o
    0x080085b6   0x00000002   PAD
    0x080085b8   0x00000188   Code   RO         4285    i.SD_Initialize     mmc_sd.o
    0x08008740   0x00000074   Code   RO         4286    i.SD_ReadDisk       mmc_sd.o
    0x080087b4   0x00000038   Code   RO         4287    i.SD_RecvData       mmc_sd.o
    0x080087ec   0x00000012   Code   RO         4288    i.SD_Reset          mmc_sd.o
    0x080087fe   0x00000002   PAD
    0x08008800   0x00000040   Code   RO         4289    i.SD_SPI_Init       mmc_sd.o
    0x08008840   0x0000000c   Code   RO         4290    i.SD_SPI_ReadWriteByte  mmc_sd.o
    0x0800884c   0x0000000a   Code   RO         4291    i.SD_SPI_SpeedHigh  mmc_sd.o
    0x08008856   0x0000000a   Code   RO         4292    i.SD_SPI_SpeedLow   mmc_sd.o
    0x08008860   0x00000020   Code   RO         4293    i.SD_Select         mmc_sd.o
    0x08008880   0x00000052   Code   RO         4294    i.SD_SendBlock      mmc_sd.o
    0x080088d2   0x00000078   Code   RO         4295    i.SD_SendCmd        mmc_sd.o
    0x0800894a   0x00000022   Code   RO         4296    i.SD_WaitReady      mmc_sd.o
    0x0800896c   0x00000090   Code   RO         4297    i.SD_WriteDisk      mmc_sd.o
    0x080089fc   0x00000020   Code   RO         4655    i.SPI1_Send_Byte    w5500.o
    0x08008a1c   0x0000001c   Code   RO         4656    i.SPI1_Send_Short   w5500.o
    0x08008a38   0x00000094   Code   RO         4403    i.SPI2_Init         spi.o
    0x08008acc   0x00000054   Code   RO         4404    i.SPI2_ReadWriteByte  spi.o
    0x08008b20   0x00000028   Code   RO         4405    i.SPI2_SetSpeed     spi.o
    0x08008b48   0x00000018   Code   RO         2387    i.SPI_Cmd           stm32f10x_spi.o
    0x08008b60   0x000000a4   Code   RO         4657    i.SPI_Configuration  w5500.o
    0x08008c04   0x00000020   Code   RO         4539    i.SPI_FLASH_Write_Enable  flash.o
    0x08008c24   0x00000048   Code   RO         4542    i.SPI_Flash_Erase_Sector  flash.o
    0x08008c6c   0x0000000c   Code   RO         4543    i.SPI_Flash_GetType  flash.o
    0x08008c78   0x0000006c   Code   RO         4544    i.SPI_Flash_Init    flash.o
    0x08008ce4   0x00000058   Code   RO         4546    i.SPI_Flash_Read    flash.o
    0x08008d3c   0x00000048   Code   RO         4547    i.SPI_Flash_ReadID  flash.o
    0x08008d84   0x0000002c   Code   RO         4548    i.SPI_Flash_ReadSR  flash.o
    0x08008db0   0x00000012   Code   RO         4550    i.SPI_Flash_Wait_Busy  flash.o
    0x08008dc2   0x000000dc   Code   RO         4551    i.SPI_Flash_Write   flash.o
    0x08008e9e   0x00000042   Code   RO         4552    i.SPI_Flash_Write_NoCheck  flash.o
    0x08008ee0   0x00000050   Code   RO         4553    i.SPI_Flash_Write_Page  flash.o
    0x08008f30   0x00000012   Code   RO         2395    i.SPI_I2S_GetFlagStatus  stm32f10x_spi.o
    0x08008f42   0x00000006   Code   RO         2398    i.SPI_I2S_ReceiveData  stm32f10x_spi.o
    0x08008f48   0x00000004   Code   RO         2399    i.SPI_I2S_SendData  stm32f10x_spi.o
    0x08008f4c   0x0000003c   Code   RO         2400    i.SPI_Init          stm32f10x_spi.o
    0x08008f88   0x0000002e   Code   RO         4427    i.STMFLASH_Read     stmflash.o
    0x08008fb6   0x00000006   Code   RO         4428    i.STMFLASH_ReadHalfWord  stmflash.o
    0x08008fbc   0x00000218   Code   RO         4429    i.STMFLASH_Write    stmflash.o
    0x080091d4   0x00000026   Code   RO         4430    i.STMFLASH_Write_NoCheck  stmflash.o
    0x080091fa   0x00000002   Code   RO          246    i.SVC_Handler       stm32f10x_it.o
    0x080091fc   0x00000018   Code   RO         4932    i.Save_Config       data_map.o
    0x08009214   0x00000018   Code   RO         4933    i.Save_LCD          data_map.o
    0x0800922c   0x00000028   Code   RO         4147    i.See_BuffData      rf.o
    0x08009254   0x00000024   Code   RO         4148    i.See_BuffNextData  rf.o
    0x08009278   0x00000008   Code   RO          300    i.SetSysClock       system_stm32f10x.o
    0x08009280   0x000000e0   Code   RO          301    i.SetSysClockTo72   system_stm32f10x.o
    0x08009360   0x00000062   Code   RO         4934    i.Set_Device        data_map.o
    0x080093c2   0x00000002   PAD
    0x080093c4   0x000000e4   Code   RO         6480    i.Set_Init          my_lcd.o
    0x080094a8   0x0000000c   Code   RO         4935    i.Set_MyAddr        data_map.o
    0x080094b4   0x00000018   Code   RO         4936    i.Set_MyChanel      data_map.o
    0x080094cc   0x00000022   Code   RO         4937    i.Set_MyIP          data_map.o
    0x080094ee   0x00000002   PAD
    0x080094f0   0x00000280   Code   RO         6481    i.Set_Save          my_lcd.o
    0x08009770   0x0000002a   Code   RO         4659    i.Socket_Init       w5500.o
    0x0800979a   0x0000003c   Code   RO         4661    i.Socket_UDP        w5500.o
    0x080097d6   0x00000002   PAD
    0x080097d8   0x00000030   Code   RO         5904    i.SysPowerOff       power.o
    0x08009808   0x00000022   Code   RO         5905    i.SysPowerOn        power.o
    0x0800982a   0x00000028   Code   RO          345    i.SysTick_CLKSourceConfig  misc.o
    0x08009852   0x00000002   PAD
    0x08009854   0x0000005c   Code   RO         3324    i.SysTick_Handler   delay.o
    0x080098b0   0x00000030   Code   RO         5906    i.Sys_Init          power.o
    0x080098e0   0x00000060   Code   RO          303    i.SystemInit        system_stm32f10x.o
    0x08009940   0x0000002c   Code   RO         4463    i.TIM2_IRQHandler   timer.o
    0x0800996c   0x0000001c   Code   RO         4464    i.TIM3_IRQHandler   timer.o
    0x08009988   0x000000c0   Code   RO         4465    i.TIM4_IRQHandler   timer.o
    0x08009a48   0x0000005c   Code   RO         4466    i.TIME2_Init        timer.o
    0x08009aa4   0x000000b0   Code   RO         4467    i.TIME3_Init        timer.o
    0x08009b54   0x00000060   Code   RO         4468    i.TIME4_Init        timer.o
    0x08009bb4   0x00000006   Code   RO         2537    i.TIM_ClearITPendingBit  stm32f10x_tim.o
    0x08009bba   0x00000018   Code   RO         2542    i.TIM_Cmd           stm32f10x_tim.o
    0x08009bd2   0x00000022   Code   RO         2563    i.TIM_GetITStatus   stm32f10x_tim.o
    0x08009bf4   0x00000012   Code   RO         2567    i.TIM_ITConfig      stm32f10x_tim.o
    0x08009c06   0x00000002   PAD
    0x08009c08   0x000000a0   Code   RO         2581    i.TIM_OC3Init       stm32f10x_tim.o
    0x08009ca8   0x00000012   Code   RO         2584    i.TIM_OC3PreloadConfig  stm32f10x_tim.o
    0x08009cba   0x00000002   PAD
    0x08009cbc   0x0000007c   Code   RO         2586    i.TIM_OC4Init       stm32f10x_tim.o
    0x08009d38   0x0000001a   Code   RO         2588    i.TIM_OC4PreloadConfig  stm32f10x_tim.o
    0x08009d52   0x00000002   PAD
    0x08009d54   0x000000a4   Code   RO         2613    i.TIM_TimeBaseInit  stm32f10x_tim.o
    0x08009df8   0x00000054   Code   RO         3567    i.TaskGetMsg        os_task.o
    0x08009e4c   0x000000b0   Code   RO         3568    i.TaskIntSendMsg    os_task.o
    0x08009efc   0x00000040   Code   RO         3570    i.TaskPend          os_task.o
    0x08009f3c   0x0000005c   Code   RO         3571    i.TaskRepend        os_task.o
    0x08009f98   0x00000060   Code   RO         3572    i.TaskSendMsg       os_task.o
    0x08009ff8   0x00000054   Code   RO         3573    i.Task_AddFree      os_task.o
    0x0800a04c   0x00000044   Code   RO         3574    i.Task_DelFree      os_task.o
    0x0800a090   0x000002dc   Code   RO         6482    i.Time_Set          my_lcd.o
    0x0800a36c   0x00000010   Code   RO         4469    i.TimersInit        timer.o
    0x0800a37c   0x00000050   Code   RO         3575    i.ToggleTasks       os_task.o
    0x0800a3cc   0x000000dc   Code   RO         4150    i.USART1_IRQHandler  rf.o
    0x0800a4a8   0x0000008c   Code   RO         3928    i.USART2_IRQHandler  lcd.o
    0x0800a534   0x00000012   Code   RO         3074    i.USART_ClearFlag   stm32f10x_usart.o
    0x0800a546   0x00000018   Code   RO         3078    i.USART_Cmd         stm32f10x_usart.o
    0x0800a55e   0x00000002   PAD
    0x0800a560   0x0000009c   Code   RO         3080    i.USART_DeInit      stm32f10x_usart.o
    0x0800a5fc   0x0000001a   Code   RO         3081    i.USART_GetFlagStatus  stm32f10x_usart.o
    0x0800a616   0x00000054   Code   RO         3082    i.USART_GetITStatus  stm32f10x_usart.o
    0x0800a66a   0x0000004a   Code   RO         3084    i.USART_ITConfig    stm32f10x_usart.o
    0x0800a6b4   0x000000d8   Code   RO         3085    i.USART_Init        stm32f10x_usart.o
    0x0800a78c   0x0000000a   Code   RO         3092    i.USART_ReceiveData  stm32f10x_usart.o
    0x0800a796   0x00000008   Code   RO         3095    i.USART_SendData    stm32f10x_usart.o
    0x0800a79e   0x00000002   PAD
    0x0800a7a0   0x00000080   Code   RO         4938    i.Updata_DeviceNum  data_map.o
    0x0800a820   0x0000006e   Code   RO         6699    i.Updata_devicestate  my_rf.o
    0x0800a88e   0x00000004   Code   RO          247    i.UsageFault_Handler  stm32f10x_it.o
    0x0800a892   0x00000002   PAD
    0x0800a894   0x00000054   Code   RO         4554    i.W25Q_ReadWriteByte  flash.o
    0x0800a8e8   0x00000084   Code   RO         4662    i.W5500_GPIO_Configuration  w5500.o
    0x0800a96c   0x0000003c   Code   RO         4663    i.W5500_Hardware_Reset  w5500.o
    0x0800a9a8   0x00000078   Code   RO         4664    i.W5500_Init        w5500.o
    0x0800aa20   0x0000001e   Code   RO         4665    i.W5500_Initialization  w5500.o
    0x0800aa3e   0x00000002   PAD
    0x0800aa40   0x000000d8   Code   RO         4668    i.Write_SOCK_Data_Buffer  w5500.o
    0x0800ab18   0x00000030   Code   RO         4669    i.Write_W5500_1Byte  w5500.o
    0x0800ab48   0x00000030   Code   RO         4670    i.Write_W5500_2Byte  w5500.o
    0x0800ab78   0x0000003c   Code   RO         4671    i.Write_W5500_SOCK_1Byte  w5500.o
    0x0800abb4   0x0000003c   Code   RO         4672    i.Write_W5500_SOCK_2Byte  w5500.o
    0x0800abf0   0x00000054   Code   RO         4673    i.Write_W5500_SOCK_4Byte  w5500.o
    0x0800ac44   0x00000044   Code   RO         4674    i.Write_W5500_nByte  w5500.o
    0x0800ac88   0x00000028   Code   RO         7425    i.__ARM_fpclassify  m_ws.l(fpclassify.o)
    0x0800acb0   0x000000aa   Code   RO         7427    i.__kernel_poly     m_ws.l(poly.o)
    0x0800ad5a   0x00000002   PAD
    0x0800ad5c   0x00000010   Code   RO         7411    i.__mathlib_dbl_divzero  m_ws.l(dunder.o)
    0x0800ad6c   0x00000004   Code   RO         7413    i.__mathlib_dbl_infnan2  m_ws.l(dunder.o)
    0x0800ad70   0x0000000c   Code   RO         7414    i.__mathlib_dbl_invalid  m_ws.l(dunder.o)
    0x0800ad7c   0x0000000e   Code   RO         7415    i.__mathlib_dbl_overflow  m_ws.l(dunder.o)
    0x0800ad8a   0x00000002   PAD
    0x0800ad8c   0x00000010   Code   RO         7417    i.__mathlib_dbl_underflow  m_ws.l(dunder.o)
    0x0800ad9c   0x0000000e   Code   RO         7264    i._is_digit         c_w.l(__printf_wp.o)
    0x0800adaa   0x00000008   Code   RO         4151    i._sys_exit         rf.o
    0x0800adb2   0x0000006a   Code   RO         4939    i.addDevAddr        data_map.o
    0x0800ae1c   0x00000028   Code   RO         4470    i.addTimerIrq10ms   timer.o
    0x0800ae44   0x00000028   Code   RO         4471    i.addTimerIrq10us   timer.o
    0x0800ae6c   0x00000028   Code   RO         6979    i.bufchar           mqttpacket.o
    0x0800ae94   0x0000002a   Code   RO         5530    i.cJSON_AddItemToArray  cjson.o
    0x0800aebe   0x00000002   PAD
    0x0800aec0   0x00000030   Code   RO         5531    i.cJSON_AddItemToObject  cjson.o
    0x0800aef0   0x00000024   Code   RO         5539    i.cJSON_CreateNumber  cjson.o
    0x0800af14   0x00000012   Code   RO         5540    i.cJSON_CreateObject  cjson.o
    0x0800af26   0x0000001c   Code   RO         5541    i.cJSON_CreateString  cjson.o
    0x0800af42   0x00000002   PAD
    0x0800af44   0x00000050   Code   RO         5544    i.cJSON_Delete      cjson.o
    0x0800af94   0x0000001e   Code   RO         5553    i.cJSON_GetObjectItem  cjson.o
    0x0800afb2   0x00000002   PAD
    0x0800afb4   0x00000040   Code   RO         5554    i.cJSON_InitHooks   cjson.o
    0x0800aff4   0x00000020   Code   RO         5556    i.cJSON_New_Item    cjson.o
    0x0800b014   0x00000010   Code   RO         5557    i.cJSON_Parse       cjson.o
    0x0800b024   0x00000064   Code   RO         5558    i.cJSON_ParseWithOpts  cjson.o
    0x0800b088   0x00000010   Code   RO         5560    i.cJSON_PrintUnformatted  cjson.o
    0x0800b098   0x0000004c   Code   RO         5563    i.cJSON_strcasecmp  cjson.o
    0x0800b0e4   0x0000002c   Code   RO         5564    i.cJSON_strdup      cjson.o
    0x0800b110   0x000000e8   Code   RO         6334    i.cfg_0x01          my_cfg.o
    0x0800b1f8   0x000000b8   Code   RO         6335    i.cfg_0x06          my_cfg.o
    0x0800b2b0   0x00000048   Code   RO         6336    i.cfg_0x07          my_cfg.o
    0x0800b2f8   0x00000094   Code   RO         6337    i.cfg_0x08          my_cfg.o
    0x0800b38c   0x00000048   Code   RO         6338    i.cfg_0x09          my_cfg.o
    0x0800b3d4   0x0000008c   Code   RO         6339    i.cfg_retern        my_cfg.o
    0x0800b460   0x00000020   Code   RO         4675    i.checkNetstate     w5500.o
    0x0800b480   0x00000020   Code   RO         4676    i.checkSocketState  w5500.o
    0x0800b4a0   0x00000040   Code   RO         5864    i.checksum          ping.o
    0x0800b4e0   0x00000028   Code   RO         6088    i.cheeckflash       cmd.o
    0x0800b508   0x0000001a   Code   RO         4940    i.clearDev          data_map.o
    0x0800b522   0x0000003e   Code   RO         6089    i.cmd_0x05          cmd.o
    0x0800b560   0x00000028   Code   RO         6146    i.cmd_byudp         debug.o
    0x0800b588   0x0000008c   Code   RO         6090    i.cmd_return        cmd.o
    0x0800b614   0x00000020   Code   RO         6147    i.cmd_send          debug.o
    0x0800b634   0x00000018   Code   RO         3693    i.copy_data         my_fun.o
    0x0800b64c   0x00000038   Code   RO         3325    i.cpuBreakIRQ       delay.o
    0x0800b684   0x000000f6   Code   RO         6298    i.ctrl_air          my_autocontrol.o
    0x0800b77a   0x0000023e   Code   RO         6299    i.ctrl_humi         my_autocontrol.o
    0x0800b9b8   0x00000224   Code   RO         6300    i.ctrl_temp         my_autocontrol.o
    0x0800bbdc   0x00000024   Code   RO         6091    i.data_real         cmd.o
    0x0800bc00   0x000001a4   Code   RO         6148    i.dbg_Interpreter   debug.o
    0x0800bda4   0x00000068   Code   RO         6149    i.dbg_booting       debug.o
    0x0800be0c   0x00000194   Code   RO         6150    i.dbg_copydata      debug.o
    0x0800bfa0   0x00000100   Code   RO         6151    i.dbg_devconfig     debug.o
    0x0800c0a0   0x00000054   Code   RO         6152    i.dbg_err           debug.o
    0x0800c0f4   0x0000001c   Code   RO         4941    i.dbg_getdevname    data_map.o
    0x0800c110   0x000000d8   Code   RO         6153    i.dbg_getdevstate   debug.o
    0x0800c1e8   0x000000ec   Code   RO         6154    i.dbg_getip         debug.o
    0x0800c2d4   0x000002e8   Code   RO         6155    i.dbg_help          debug.o
    0x0800c5bc   0x0000099c   Code   RO         6156    i.dbg_info          debug.o
    0x0800cf58   0x000000ac   Code   RO         6157    i.dbg_mqtt          debug.o
    0x0800d004   0x000000a8   Code   RO         6158    i.dbg_ntp           debug.o
    0x0800d0ac   0x00000094   Code   RO         6159    i.dbg_oche          debug.o
    0x0800d140   0x00000108   Code   RO         6160    i.dbg_ping          debug.o
    0x0800d248   0x00000040   Code   RO         6161    i.dbg_reboot        debug.o
    0x0800d288   0x00000d10   Code   RO         6162    i.dbg_set           debug.o
    0x0800df98   0x00000484   Code   RO         6163    i.dbg_set_adddev    debug.o
    0x0800e41c   0x000000f4   Code   RO         6164    i.dbg_task          debug.o
    0x0800e510   0x000000d4   Code   RO         4942    i.delDevAddr        data_map.o
    0x0800e5e4   0x0000002c   Code   RO         4472    i.delTimerIrq10ms   timer.o
    0x0800e610   0x00000058   Code   RO         3326    i.delay_init        delay.o
    0x0800e668   0x00000038   Code   RO         3327    i.delay_ms          delay.o
    0x0800e6a0   0x00000050   Code   RO         3328    i.delay_us          delay.o
    0x0800e6f0   0x0000009c   Code   RO         5289    i.dhcp_ask          dhcp.o
    0x0800e78c   0x0000022c   Code   RO         5290    i.dhcp_discover     dhcp.o
    0x0800e9b8   0x000002f8   Code   RO         5291    i.dhcp_request      dhcp.o
    0x0800ecb0   0x000000e4   Code   RO         5292    i.dhcp_retry        dhcp.o
    0x0800ed94   0x00000100   Code   RO         5331    i.dns_answer        dns.o
    0x0800ee94   0x000000c8   Code   RO         5332    i.dns_makequery     dns.o
    0x0800ef5c   0x000000b0   Code   RO         5333    i.dns_query         dns.o
    0x0800f00c   0x00000026   Code   RO         5334    i.dns_question      dns.o
    0x0800f032   0x00000044   Code   RO         6340    i.exit_cfg          my_cfg.o
    0x0800f076   0x00000002   PAD
    0x0800f078   0x00000168   Code   RO         4251    i.fats_init         fats.o
    0x0800f1e0   0x0000002c   Code   RO         3464    i.find_messeg       os_msg.o
    0x0800f20c   0x000000dc   Code   RO         7363    i.floor             m_ws.l(floor.o)
    0x0800f2e8   0x0000000c   Code   RO         4943    i.getAutoCtrlAmount  data_map.o
    0x0800f2f4   0x0000000c   Code   RO         4944    i.getAutoCtrlFrequency  data_map.o
    0x0800f300   0x0000000c   Code   RO         6397    i.getIdleTask       my_idle.o
    0x0800f30c   0x0000001c   Code   RO         6398    i.getKilledTask     my_idle.o
    0x0800f328   0x00000008   Code   RO         4946    i.getLcdCfgData     data_map.o
    0x0800f330   0x0000000c   Code   RO         4947    i.getMyName         data_map.o
    0x0800f33c   0x0000000c   Code   RO         3329    i.getSysRunTime     delay.o
    0x0800f348   0x0000000c   Code   RO         4948    i.getWarnTolerance  data_map.o
    0x0800f354   0x00000080   Code   RO         3465    i.get_messeg        os_msg.o
    0x0800f3d4   0x00000066   Code   RO         6700    i.get_newstate      my_rf.o
    0x0800f43a   0x0000005a   Code   RO         3694    i.getnumfstr        my_fun.o
    0x0800f494   0x0000008c   Code   RO         6399    i.idle_task         my_idle.o
    0x0800f520   0x00000048   Code   RO         6341    i.into_cfg          my_cfg.o
    0x0800f568   0x00000008   Code   RO         3823    i.jianpu_end        beep.o
    0x0800f570   0x0000003e   Code   RO         5929    i.json_cheek        wk_json.o
    0x0800f5ae   0x00000002   PAD
    0x0800f5b0   0x00000158   Code   RO         5930    i.json_close        wk_json.o
    0x0800f708   0x00000064   Code   RO         5931    i.json_get_devicname  wk_json.o
    0x0800f76c   0x00000100   Code   RO         5932    i.json_mode         wk_json.o
    0x0800f86c   0x00000128   Code   RO         5933    i.json_return       wk_json.o
    0x0800f994   0x00000130   Code   RO         5934    i.json_setting      wk_json.o
    0x0800fac4   0x00000158   Code   RO         5936    i.json_start        wk_json.o
    0x0800fc1c   0x00000158   Code   RO         5937    i.json_startdown    wk_json.o
    0x0800fd74   0x00000158   Code   RO         5938    i.json_startup      wk_json.o
    0x0800fecc   0x00000124   Code   RO         5939    i.json_version      wk_json.o
    0x0800fff0   0x0000002c   Code   RO         3973    i.key_around        light.o
    0x0801001c   0x0000002c   Code   RO         3974    i.key_light         light.o
    0x08010048   0x00000018   Code   RO         3975    i.key_reset         light.o
    0x08010060   0x000003d8   Code   RO         3977    i.key_send          light.o
    0x08010438   0x00000034   Code   RO         3978    i.key_senddata      light.o
    0x0801046c   0x00000034   Code   RO         6483    i.lcd_beep          my_lcd.o
    0x080104a0   0x00000018   Code   RO         6484    i.lcd_chan_state    my_lcd.o
    0x080104b8   0x0000006c   Code   RO         6485    i.lcd_dataUp        my_lcd.o
    0x08010524   0x000001a4   Code   RO         6486    i.lcd_messeg_02     my_lcd.o
    0x080106c8   0x00000098   Code   RO         6487    i.lcd_messeg_03     my_lcd.o
    0x08010760   0x00000014   Code   RO         6488    i.lcd_page          my_lcd.o
    0x08010774   0x00000020   Code   RO         6489    i.lcd_set_data      my_lcd.o
    0x08010794   0x000000f4   Code   RO         6490    i.lcd_sleep         my_lcd.o
    0x08010888   0x000000ec   Code   RO         6491    i.lcd_timetosleep   my_lcd.o
    0x08010974   0x0000014c   Code   RO         6628    i.led_light         my_light.o
    0x08010ac0   0x0000007c   Code   RO         6629    i.led_lightall      my_light.o
    0x08010b3c   0x00000028   Code   RO         3982    i.led_resetall      light.o
    0x08010b64   0x000001a8   Code   RO         6630    i.led_run           my_light.o
    0x08010d0c   0x00000034   Code   RO         3983    i.led_senddata      light.o
    0x08010d40   0x00000024   Code   RO         3984    i.led_setall        light.o
    0x08010d64   0x00000020   Code   RO         3985    i.led_setcolor      light.o
    0x08010d84   0x000001d8   Code   RO         6632    i.light_runto       my_light.o
    0x08010f5c   0x00000028   Code   RO         3986    i.light_setcolor    light.o
    0x08010f84   0x00000174   Code   RO         6701    i.load_test_cfg     my_rf.o
    0x080110f8   0x00000042   Code   RO         6702    i.loushui_warn      my_rf.o
    0x0801113a   0x00000002   PAD
    0x0801113c   0x000000ec   Code   RO            1    i.main              main.o
    0x08011228   0x00000058   Code   RO         3386    i.mem_free          os_mem.o
    0x08011280   0x000000e0   Code   RO         3387    i.mem_init          os_mem.o
    0x08011360   0x00000098   Code   RO         3388    i.mem_malloc        os_mem.o
    0x080113f8   0x00000034   Code   RO         3389    i.mem_perused       os_mem.o
    0x0801142c   0x00000130   Code   RO         4848    i.mqtt_connect      baidu_iot.o
    0x0801155c   0x00000020   Code   RO         3468    i.msgInit           os_msg.o
    0x0801157c   0x00000144   Code   RO         6301    i.my_autocontrol    my_autocontrol.o
    0x080116c0   0x00000130   Code   RO         6342    i.my_cfg            my_cfg.o
    0x080117f0   0x00000098   Code   RO         6165    i.my_debug          debug.o
    0x08011888   0x0000001a   Code   RO         6426    i.my_iot            my_iot.o
    0x080118a2   0x00000002   PAD
    0x080118a4   0x00000504   Code   RO         6448    i.my_key            my_key.o
    0x08011da8   0x0000017c   Code   RO         6492    i.my_lcd            my_lcd.o
    0x08011f24   0x00000020   Code   RO         6493    i.my_lcd_init       my_lcd.o
    0x08011f44   0x00000096   Code   RO         6633    i.my_light          my_light.o
    0x08011fda   0x000001a6   Code   RO         6703    i.my_rf_deal        my_rf.o
    0x08012180   0x00000308   Code   RO         6704    i.my_rf_hand        my_rf.o
    0x08012488   0x00000278   Code   RO         6705    i.my_rf_loop        my_rf.o
    0x08012700   0x00000094   Code   RO         6793    i.my_w5500          my_w5500.o
    0x08012794   0x00000028   Code   RO         3390    i.myfree            os_mem.o
    0x080127bc   0x0000002c   Code   RO         3391    i.mymalloc          os_mem.o
    0x080127e8   0x0000001a   Code   RO         3392    i.mymemcpy          os_mem.o
    0x08012802   0x00000014   Code   RO         3393    i.mymemset          os_mem.o
    0x08012816   0x00000016   Code   RO         5293    i.nest_Options      dhcp.o
    0x0801282c   0x000000d4   Code   RO         5375    i.net_check_gateway  enternet.o
    0x08012900   0x00000064   Code   RO         5376    i.net_check_parameters  enternet.o
    0x08012964   0x0000000e   Code   RO         5377    i.net_get_comstate  enternet.o
    0x08012972   0x0000000e   Code   RO         5378    i.net_get_phycstate  enternet.o
    0x08012980   0x00000018   Code   RO         5379    i.net_init          enternet.o
    0x08012998   0x00000010   Code   RO         5381    i.net_set_getway    enternet.o
    0x080129a8   0x00000010   Code   RO         5382    i.net_set_myip      enternet.o
    0x080129b8   0x00000010   Code   RO         5383    i.net_set_sub_mask  enternet.o
    0x080129c8   0x00000024   Code   RO         5384    i.net_sysboot_init  enternet.o
    0x080129ec   0x000000a0   Code   RO         5385    i.net_test          enternet.o
    0x08012a8c   0x000000f8   Code   RO         6286    i.ntp_gettime       ntp.o
    0x08012b84   0x00000062   Code   RO         5566    i.num_to_str        cjson.o
    0x08012be6   0x00000008   Code   RO         3374    i.os_fats_init      os_fats.o
    0x08012bee   0x00000014   Code   RO         3550    i.os_init           os_sys.o
    0x08012c02   0x00000008   Code   RO         3395    i.os_mem_init       os_mem.o
    0x08012c0a   0x0000000a   Code   RO         3469    i.os_msg_init       os_msg.o
    0x08012c14   0x00000008   Code   RO         3576    i.os_task_init      os_task.o
    0x08012c1c   0x000000de   Code   RO         5335    i.parseMSG          dns.o
    0x08012cfa   0x00000002   PAD
    0x08012cfc   0x000000ac   Code   RO         5567    i.parse_array       cjson.o
    0x08012da8   0x00000114   Code   RO         5568    i.parse_hex4        cjson.o
    0x08012ebc   0x000000d8   Code   RO         5336    i.parse_name        dns.o
    0x08012f94   0x000001bc   Code   RO         5569    i.parse_number      cjson.o
    0x08013150   0x00000114   Code   RO         5570    i.parse_object      cjson.o
    0x08013264   0x000001cc   Code   RO         5571    i.parse_string      cjson.o
    0x08013430   0x000000bc   Code   RO         5572    i.parse_value       cjson.o
    0x080134ec   0x000000dc   Code   RO         5865    i.ping_auto         ping.o
    0x080135c8   0x0000005a   Code   RO         5866    i.ping_reply        ping.o
    0x08013622   0x00000002   PAD
    0x08013624   0x00000094   Code   RO         5867    i.ping_request      ping.o
    0x080136b8   0x000009b8   Code   RO         7367    i.pow               m_ws.l(pow.o)
    0x08014070   0x0000016c   Code   RO         5573    i.print_array       cjson.o
    0x080141dc   0x00000174   Code   RO         5574    i.print_number      cjson.o
    0x08014350   0x00000274   Code   RO         5575    i.print_object      cjson.o
    0x080145c4   0x0000000c   Code   RO         5576    i.print_string      cjson.o
    0x080145d0   0x00000128   Code   RO         5577    i.print_string_ptr  cjson.o
    0x080146f8   0x00000094   Code   RO         5578    i.print_value       cjson.o
    0x0801478c   0x0000000e   Code   RO         6981    i.readChar          mqttpacket.o
    0x0801479a   0x00000002   Code   RO         6092    i.read_flash        cmd.o
    0x0801479c   0x00000160   Code   RO         5940    i.recv_json         wk_json.o
    0x080148fc   0x00000098   Code   RO         6706    i.rf_cjq_deal       my_rf.o
    0x08014994   0x0000002e   Code   RO         3695    i.samestr           my_fun.o
    0x080149c2   0x00000048   Code   RO         5941    i.send_json         wk_json.o
    0x08014a0a   0x00000002   PAD
    0x08014a0c   0x00000294   Code   RO         5942    i.send_json_adddevice  wk_json.o
    0x08014ca0   0x000002a0   Code   RO         5943    i.send_json_cj      wk_json.o
    0x08014f40   0x000001e8   Code   RO         5944    i.send_json_kz      wk_json.o
    0x08015128   0x0000025c   Code   RO         5945    i.send_json_limit   wk_json.o
    0x08015384   0x000001d0   Code   RO         5946    i.send_json_warn    wk_json.o
    0x08015554   0x00000084   Code   RO         3470    i.send_messeg       os_msg.o
    0x080155d8   0x00000042   Code   RO         6302    i.send_warn         my_autocontrol.o
    0x0801561a   0x00000002   PAD
    0x0801561c   0x0000012c   Code   RO         5947    i.serch_server      wk_json.o
    0x08015748   0x00000048   Code   RO         5948    i.server_data       wk_json.o
    0x08015790   0x000000c0   Code   RO         5949    i.server_read_data  wk_json.o
    0x08015850   0x000000c8   Code   RO         5950    i.server_send_data  wk_json.o
    0x08015918   0x00000018   Code   RO         4949    i.setAutoCtrlAmount  data_map.o
    0x08015930   0x00000010   Code   RO         4950    i.setAutoCtrlFrequency  data_map.o
    0x08015940   0x00000028   Code   RO         4952    i.setGatewayIP      data_map.o
    0x08015968   0x0000002c   Code   RO         4953    i.setMyName         data_map.o
    0x08015994   0x00000028   Code   RO         4954    i.setNativeIP       data_map.o
    0x080159bc   0x00000018   Code   RO         4955    i.setNativePort     data_map.o
    0x080159d4   0x00000028   Code   RO         4956    i.setServerIP       data_map.o
    0x080159fc   0x00000018   Code   RO         4957    i.setServerPort     data_map.o
    0x08015a14   0x00000018   Code   RO         4958    i.setWarnTolerance  data_map.o
    0x08015a2c   0x00000034   Code   RO         3824    i.set_jianpu        beep.o
    0x08015a60   0x00000012   Code   RO         5579    i.skip              cjson.o
    0x08015a72   0x00000002   PAD
    0x08015a74   0x00000018   Code   RO         3989    i.sm16703_reset     light.o
    0x08015a8c   0x000003d8   Code   RO         3990    i.sm16703_send      light.o
    0x08015e64   0x0000001a   Code   RO         5387    i.socket_recv       enternet.o
    0x08015e7e   0x0000004c   Code   RO         7431    i.sqrt              m_ws.l(sqrt.o)
    0x08015eca   0x00000030   Code   RO         3696    i.str2num           my_fun.o
    0x08015efa   0x00000006   Code   RO         5580    i.suffix_object     cjson.o
    0x08015f00   0x0000001e   Code   RO         6794    i.sys_test          my_w5500.o
    0x08015f1e   0x0000001a   Code   RO         5388    i.tcp_close         enternet.o
    0x08015f38   0x000000b6   Code   RO         5389    i.tcp_connect       enternet.o
    0x08015fee   0x0000001e   Code   RO         5390    i.tcp_send          enternet.o
    0x0801600c   0x00000040   Code   RO         5391    i.udp_close         enternet.o
    0x0801604c   0x0000004a   Code   RO         5392    i.udp_init          enternet.o
    0x08016096   0x0000004c   Code   RO         5393    i.udp_send          enternet.o
    0x080160e2   0x00000002   PAD
    0x080160e4   0x000000e0   Code   RO         6795    i.wk_client         my_w5500.o
    0x080161c4   0x00000028   Code   RO         6984    i.writeCString      mqttpacket.o
    0x080161ec   0x0000000c   Code   RO         6985    i.writeChar         mqttpacket.o
    0x080161f8   0x00000030   Code   RO         6986    i.writeInt          mqttpacket.o
    0x08016228   0x0000003e   Code   RO         6987    i.writeMQTTString   mqttpacket.o
    0x08016266   0x00000002   PAD
    0x08016268   0x00000104   Code   RO         6093    i.write_flash       cmd.o
    0x0801636c   0x000001b0   Code   RO         6094    i.writting_flash    cmd.o
    0x0801651c   0x00000090   Code   RO         6707    i.yt_newstate       my_rf.o
    0x080165ac   0x0000002c   Code   RO         7495    locale$$code        c_w.l(lc_ctype_c.o)
    0x080165d8   0x0000002c   Code   RO         7498    locale$$code        c_w.l(lc_numeric_c.o)
    0x08016604   0x00000062   Code   RO         7306    x$fpl$d2f           fz_ws.l(d2f.o)
    0x08016666   0x00000002   PAD
    0x08016668   0x00000150   Code   RO         7308    x$fpl$dadd          fz_ws.l(daddsub_clz.o)
    0x080167b8   0x00000010   Code   RO         7500    x$fpl$dcheck1       fz_ws.l(dcheck1.o)
    0x080167c8   0x00000018   Code   RO         7396    x$fpl$dcmpinf       fz_ws.l(dcmpi.o)
    0x080167e0   0x000002b0   Code   RO         7315    x$fpl$ddiv          fz_ws.l(ddiv.o)
    0x08016a90   0x0000005e   Code   RO         7318    x$fpl$dfix          fz_ws.l(dfix.o)
    0x08016aee   0x00000002   PAD
    0x08016af0   0x0000005a   Code   RO         7322    x$fpl$dfixu         fz_ws.l(dfixu.o)
    0x08016b4a   0x0000002e   Code   RO         7327    x$fpl$dflt          fz_ws.l(dflt_clz.o)
    0x08016b78   0x00000026   Code   RO         7326    x$fpl$dfltu         fz_ws.l(dflt_clz.o)
    0x08016b9e   0x00000002   PAD
    0x08016ba0   0x00000078   Code   RO         7332    x$fpl$dleqf         fz_ws.l(dleqf.o)
    0x08016c18   0x00000154   Code   RO         7334    x$fpl$dmul          fz_ws.l(dmul.o)
    0x08016d6c   0x0000009c   Code   RO         7398    x$fpl$dnaninf       fz_ws.l(dnaninf.o)
    0x08016e08   0x0000000c   Code   RO         7400    x$fpl$dretinf       fz_ws.l(dretinf.o)
    0x08016e14   0x0000006c   Code   RO         7336    x$fpl$drleqf        fz_ws.l(drleqf.o)
    0x08016e80   0x00000016   Code   RO         7309    x$fpl$drsb          fz_ws.l(daddsub_clz.o)
    0x08016e96   0x00000002   PAD
    0x08016e98   0x000001cc   Code   RO         7502    x$fpl$dsqrt         fz_ws.l(dsqrt_noumaal.o)
    0x08017064   0x000001d4   Code   RO         7310    x$fpl$dsub          fz_ws.l(daddsub_clz.o)
    0x08017238   0x000000c4   Code   RO         7340    x$fpl$fadd          fz_ws.l(faddsub_clz.o)
    0x080172fc   0x00000018   Code   RO         7402    x$fpl$fcmpinf       fz_ws.l(fcmpi.o)
    0x08017314   0x0000003e   Code   RO         7346    x$fpl$ffixu         fz_ws.l(ffixu.o)
    0x08017352   0x00000002   PAD
    0x08017354   0x00000030   Code   RO         7351    x$fpl$fflt          fz_ws.l(fflt_clz.o)
    0x08017384   0x00000026   Code   RO         7350    x$fpl$ffltu         fz_ws.l(fflt_clz.o)
    0x080173aa   0x00000002   PAD
    0x080173ac   0x00000068   Code   RO         7356    x$fpl$fleqf         fz_ws.l(fleqf.o)
    0x08017414   0x0000008c   Code   RO         7404    x$fpl$fnaninf       fz_ws.l(fnaninf.o)
    0x080174a0   0x0000000a   Code   RO         7406    x$fpl$fretinf       fz_ws.l(fretinf.o)
    0x080174aa   0x00000062   Code   RO         7358    x$fpl$frleqf        fz_ws.l(frleqf.o)
    0x0801750c   0x000000ea   Code   RO         7342    x$fpl$fsub          fz_ws.l(faddsub_clz.o)
    0x080175f6   0x00000004   Code   RO         7360    x$fpl$printf1       fz_ws.l(printf1.o)
    0x080175fa   0x00000064   Code   RO         7564    x$fpl$retnan        fz_ws.l(retnan.o)
    0x0801765e   0x0000005c   Code   RO         7408    x$fpl$scalbn        fz_ws.l(scalbn.o)
    0x080176ba   0x00000030   Code   RO         7572    x$fpl$trapveneer    fz_ws.l(trapv.o)
    0x080176ea   0x00000000   Code   RO         7410    x$fpl$usenofp       fz_ws.l(usenofp.o)
    0x080176ea   0x00000018   Data   RO         3734    .constdata          rtc.o
    0x08017702   0x00000002   PAD
    0x08017704   0x00000010   Data   RO         3825    .constdata          beep.o
    0x08017714   0x00000058   Data   RO         4851    .constdata          baidu_iot.o
    0x0801776c   0x00000200   Data   RO         4898    .constdata          crc8_16.o
    0x0801796c   0x00000040   Data   RO         4960    .constdata          data_map.o
    0x080179ac   0x00000007   Data   RO         5581    .constdata          cjson.o
    0x080179b3   0x00000038   Data   RO         5951    .constdata          wk_json.o
    0x080179eb   0x00000028   Data   RO         7237    .constdata          c_w.l(_printf_hex_int.o)
    0x08017a13   0x00000011   Data   RO         7267    .constdata          c_w.l(__printf_flags_wp.o)
    0x08017a24   0x00000004   PAD
    0x08017a28   0x00000088   Data   RO         7368    .constdata          m_ws.l(pow.o)
    0x08017ab0   0x00000008   Data   RO         7429    .constdata          m_ws.l(qnan.o)
    0x08017ab8   0x00000094   Data   RO         7470    .constdata          c_w.l(bigflt0.o)
    0x08017b4c   0x00000047   Data   RO         4961    .conststring        data_map.o
    0x08017b93   0x00000001   PAD
    0x08017b94   0x000000de   Data   RO         6166    .conststring        debug.o
    0x08017c72   0x00000002   PAD
    0x08017c74   0x00000020   Data   RO         7640    Region$$Table       anon$$obj.o
    0x08017c94   0x00000110   Data   RO         7494    locale$$data        c_w.l(lc_ctype_c.o)
    0x08017da4   0x0000001c   Data   RO         7497    locale$$data        c_w.l(lc_numeric_c.o)


    Execution Region RW_IRAM1 (Base: 0x20000004, Size: 0x00002614, Max: 0x000027fc, ABSOLUTE, COMPRESSED[0x00000090])

    Base Addr    Size         Type   Attr      Idx    E Section Name        Object

    0x20000004   0x00000014   Data   RW          304    .data               system_stm32f10x.o
    0x20000018   0x00000014   Data   RW         1938    .data               stm32f10x_rcc.o
    0x2000002c   0x0000000c   Data   RW         3330    .data               delay.o
    0x20000038   0x0000000c   Data   RW         3397    .data               os_mem.o
    0x20000044   0x00000025   Data   RW         3578    .data               os_task.o
    0x20000069   0x00000001   PAD
    0x2000006a   0x00000002   Data   RW         3735    .data               rtc.o
    0x2000006c   0x00000014   Data   RW         3826    .data               beep.o
    0x20000080   0x00000012   Data   RW         3898    .data               key.o
    0x20000092   0x00000003   Data   RW         3930    .data               lcd.o
    0x20000095   0x00000003   PAD
    0x20000098   0x0000002a   Data   RW         3991    .data               light.o
    0x200000c2   0x00000002   PAD
    0x200000c4   0x00000011   Data   RW         4155    .data               rf.o
    0x200000d5   0x00000003   PAD
    0x200000d8   0x0000001e   Data   RW         4254    .data               fats.o
    0x200000f6   0x00000001   Data   RW         4298    .data               mmc_sd.o
    0x200000f7   0x00000001   PAD
    0x200000f8   0x00000004   Data   RW         4475    .data               timer.o
    0x200000fc   0x00000002   Data   RW         4555    .data               flash.o
    0x200000fe   0x0000000f   Data   RW         4679    .data               w5500.o
    0x2000010d   0x00000004   Data   RW         4852    .data               baidu_iot.o
    0x20000111   0x00000001   PAD
    0x20000112   0x00000028   Data   RW         4962    .data               data_map.o
    0x2000013a   0x00000002   PAD
    0x2000013c   0x00000004   Data   RW         5294    .data               dhcp.o
    0x20000140   0x00000006   Data   RW         5337    .data               dns.o
    0x20000146   0x0000001a   Data   RW         5394    .data               enternet.o
    0x20000160   0x0000000c   Data   RW         5582    .data               cjson.o
    0x2000016c   0x00000006   Data   RW         5868    .data               ping.o
    0x20000172   0x00000001   Data   RW         5952    .data               wk_json.o
    0x20000173   0x00000001   PAD
    0x20000174   0x00000014   Data   RW         6095    .data               cmd.o
    0x20000188   0x0000000a   Data   RW         6167    .data               debug.o
    0x20000192   0x00000001   Data   RW         6343    .data               my_cfg.o
    0x20000193   0x00000001   PAD
    0x20000194   0x00000004   Data   RW         6401    .data               my_idle.o
    0x20000198   0x00000012   Data   RW         6450    .data               my_key.o
    0x200001aa   0x00000022   Data   RW         6494    .data               my_lcd.o
    0x200001cc   0x0000002c   Data   RW         6634    .data               my_light.o
    0x200001f8   0x00000001   Data   RW         6796    .data               my_w5500.o
    0x200001f9   0x00000003   PAD
    0x200001fc   0x00000004   Data   RW         6988    .data               mqttpacket.o
    0x20000200   0x00001880   Zero   RW            2    .bss                main.o
    0x20001a80   0x00000014   Zero   RW         3396    .bss                os_mem.o
    0x20001a94   0x000002d0   Zero   RW         3472    .bss                os_msg.o
    0x20001d64   0x00000300   Zero   RW         3577    .bss                os_task.o
    0x20002064   0x0000000a   Zero   RW         3733    .bss                rtc.o
    0x2000206e   0x0000001e   Zero   RW         3929    .bss                lcd.o
    0x2000208c   0x0000006c   Zero   RW         4154    .bss                rf.o
    0x200020f8   0x00000028   Zero   RW         4474    .bss                timer.o
    0x20002120   0x000001d1   Zero   RW         4959    .bss                data_map.o
    0x200022f1   0x00000003   PAD
    0x200022f4   0x000000c0   Zero   RW         6400    .bss                my_idle.o
    0x200023b4   0x00000060   Zero   RW         7507    .bss                c_w.l(libspace.o)
    0x20002414   0x00000004   PAD
    0x20002418   0x00000000   Zero   RW          335    HEAP                startup_stm32f10x_hd.o
    0x20002418   0x00000200   Zero   RW          334    STACK               startup_stm32f10x_hd.o


==============================================================================

Image component sizes


      Code (inc. data)   RO Data    RW Data    ZI Data      Debug   Object Name

       304         10         88          4          0       3114   baidu_iot.o
      7106        448         16         20          0       8710   beep.o
      4388        246          7         12          0      22511   cjson.o
      1092         72          0         20          0       6760   cmd.o
        32          0          0          0          0        536   core_cm3.o
        56         10        512          0          0       1214   crc8_16.o
      1704         44        135         40        465      21723   data_map.o
     10708       4618        222         10          0      14611   debug.o
       432         64          0         12          0       3484   delay.o
      1722         88          0          4          0       6592   dhcp.o
      1108         38          0          6          0       5396   dns.o
      1086         50          0         26          0      10601   enternet.o
       360         64          0         30          0       5109   fats.o
       896         72          0          2          0       7460   flash.o
        62          0          0          0          0        920   iwdg.o
       632         30          0         18          0       2462   key.o
       540         64          0          3         30       3457   lcd.o
      2648        116          0         42          0       9515   light.o
       236         90          0          0       6272     277465   main.o
       192         30          0          0          0       2439   misc.o
      1308         32          0          1          0      10425   mmc_sd.o
       596         18          0          0          0       2800   mqttconnectclient.o
       450         18          0          4          0       6506   mqttpacket.o
      1758          4          0          0          0       4260   my_autocontrol.o
      1292         66          0          1          0       5840   my_cfg.o
       208          0          0          0          0       2625   my_fun.o
       180         32          0          4        192       2060   my_idle.o
        26          0          0          0          0        996   my_iot.o
      1284         24          0         18          0       2241   my_key.o
      4122        154          0         34          0      15574   my_lcd.o
      1502         92          0         44          0       5006   my_light.o
      3724         50          0          0          0      10066   my_rf.o
       402         38          0          1          0       2512   my_w5500.o
       248          0          0          0          0       1186   ntp.o
       184         34          0          0          0        316   os_cpu_a.o
       154          0          0          0          0        984   os_cpu_c.o
         8          0          0          0          0        451   os_fats.o
       654         74          0         12         20       6452   os_mem.o
       346         18          0          0        720       4489   os_msg.o
        20          0          0          0          0        450   os_sys.o
      1068        142          0         37        768       9156   os_task.o
       538         22          0          6          0       4385   ping.o
       130         14          0          0          0       1346   power.o
        52          6          0          0          0        465   relay.o
      1308        160          0         17        108       9206   rf.o
       940         40         24          2         10       5697   rtc.o
       272         18          0          0          0       1701   spi.o
        60         22        304          0        512        772   startup_stm32f10x_hd.o
        72         10          0          0          0       2548   stm32f10x_bkp.o
       200         18          0          0          0       1972   stm32f10x_exti.o
       274         30          0          0          0       3202   stm32f10x_flash.o
       502         10          0          0          0       4785   stm32f10x_gpio.o
        62         10          0          0          0      18182   stm32f10x_it.o
        68         30          0          0          0       2330   stm32f10x_iwdg.o
        12          6          0          0          0        478   stm32f10x_pwr.o
       492         70          0         20          0       7920   stm32f10x_rcc.o
       260         48          0          0          0       4812   stm32f10x_rtc.o
       112          0          0          0          0       3626   stm32f10x_spi.o
       574         62          0          0          0       5784   stm32f10x_tim.o
       616         28          0          0          0       6954   stm32f10x_usart.o
       626          6          0          0          0       3238   stmflash.o
       328         28          0         20          0       2069   system_stm32f10x.o
       768         42          0          4         40       5732   timer.o
      2172        130          0         15          0      15190   w5500.o
      6762       1560         56          1          0      15497   wk_json.o

    ----------------------------------------------------------------------
     72122       9320       1401        508       9140     636365   Object Totals
         0          0         32          0          0          0   (incl. Generated)
        84          0          5         18          3          0   (incl. Padding)

    ----------------------------------------------------------------------

      Code (inc. data)   RO Data    RW Data    ZI Data      Debug   Library Member Name

        44          6          0          0          0         84   __2sprintf.o
        90          0          0          0          0          0   __dczerorl2.o
         8          0          0          0          0         68   __main.o
       312          4         17          0          0         92   __printf_flags_wp.o
        14          0          0          0          0         68   __printf_wp.o
         0          0          0          0          0          0   __rtentry.o
        12          0          0          0          0          0   __rtentry2.o
         6          0          0          0          0          0   __rtentry4.o
        52          8          0          0          0          0   __scatter.o
        28          0          0          0          0          0   __scatter_zi.o
        44          0          0          0          0        108   _printf_char.o
        48          6          0          0          0         96   _printf_char_common.o
         6          0          0          0          0          0   _printf_d.o
       120         16          0          0          0         92   _printf_dec.o
         6          0          0          0          0          0   _printf_e.o
         6          0          0          0          0          0   _printf_f.o
      1050          0          0          0          0        216   _printf_fp_dec.o
       128         16          0          0          0         84   _printf_fp_infnan.o
        88          4         40          0          0         88   _printf_hex_int.o
       178          0          0          0          0         88   _printf_intcommon.o
        78          0          0          0          0        108   _printf_pad.o
         0          0          0          0          0          0   _printf_percent.o
         4          0          0          0          0          0   _printf_percent_end.o
         6          0          0          0          0          0   _printf_s.o
        82          0          0          0          0         80   _printf_str.o
         6          0          0          0          0          0   _printf_x.o
        22          0          0          0          0        100   _rserrno.o
        10          0          0          0          0         68   _sputc.o
       220          4        148          0          0         96   bigflt0.o
      1910        128          0          0          0        672   btod.o
        12          0          0          0          0         72   exit.o
         6          0          0          0          0        152   heapauxi.o
        44         10        272          0          0         76   lc_ctype_c.o
        44         10         28          0          0         76   lc_numeric_c.o
         2          0          0          0          0          0   libinit.o
        30          0          0          0          0          0   libinit2.o
         2          0          0          0          0          0   libshutdown.o
         2          0          0          0          0          0   libshutdown2.o
         8          4          0          0         96         68   libspace.o
       138          0          0          0          0         80   lludiv10.o
        16          4          0          0          0         76   rt_ctype_table.o
         8          4          0          0          0         68   rt_errno_addr_intlibspace.o
         8          4          0          0          0         68   rt_locale_intlibspace.o
        68          0          0          0          0         68   rt_memclr.o
        78          0          0          0          0         80   rt_memclr_w.o
       138          0          0          0          0         68   rt_memcpy_v6.o
       100          0          0          0          0         80   rt_memcpy_w.o
         2          0          0          0          0          0   rtexit.o
        10          0          0          0          0          0   rtexit2.o
        20          0          0          0          0         68   strchr.o
       128          0          0          0          0         68   strcmpv7m.o
        72          0          0          0          0         80   strcpy.o
        62          0          0          0          0         76   strlen.o
       150          0          0          0          0         80   strncmp.o
        86          0          0          0          0         76   strncpy.o
        74          0          0          0          0         80   sys_stackheap_outer.o
        26          0          0          0          0         76   tolower.o
         2          0          0          0          0         68   use_no_semi.o
         2          0          0          0          0         68   use_no_semi_2.o
        98          4          0          0          0         92   d2f.o
       826         16          0          0          0        348   daddsub_clz.o
        16          4          0          0          0         68   dcheck1.o
        24          0          0          0          0         68   dcmpi.o
       688        140          0          0          0        208   ddiv.o
        94          4          0          0          0         92   dfix.o
        90          4          0          0          0         92   dfixu.o
        84          0          0          0          0        136   dflt_clz.o
       120          4          0          0          0         92   dleqf.o
       340         12          0          0          0        104   dmul.o
       156          4          0          0          0         92   dnaninf.o
        12          0          0          0          0         68   dretinf.o
       108          0          0          0          0         80   drleqf.o
       460         56          0          0          0        120   dsqrt_noumaal.o
       430          8          0          0          0        168   faddsub_clz.o
        24          0          0          0          0         68   fcmpi.o
        62          4          0          0          0         84   ffixu.o
        86          0          0          0          0        136   fflt_clz.o
       104          4          0          0          0         84   fleqf.o
       140          4          0          0          0         84   fnaninf.o
        10          0          0          0          0         68   fretinf.o
        98          0          0          0          0         68   frleqf.o
         4          0          0          0          0         68   printf1.o
       100          0          0          0          0         68   retnan.o
        92          0          0          0          0         68   scalbn.o
        48          0          0          0          0         68   trapv.o
         0          0          0          0          0          0   usenofp.o
        62         10          0          0          0        340   dunder.o
       220         16          0          0          0         84   floor.o
        40          0          0          0          0         68   fpclassify.o
       170          0          0          0          0         96   poly.o
      2488        190        136          0          0        300   pow.o
         0          0          8          0          0          0   qnan.o
        76          0          0          0          0         84   sqrt.o

    ----------------------------------------------------------------------
     13312        712        653          0        100       7644   Library Totals
        26          0          4          0          4          0   (incl. Padding)

    ----------------------------------------------------------------------

      Code (inc. data)   RO Data    RW Data    ZI Data      Debug   Library Name

      5916        228        505          0         96       3980   c_w.l
      4314        268          0          0          0       2692   fz_ws.l
      3056        216        144          0          0        972   m_ws.l

    ----------------------------------------------------------------------
     13312        712        653          0        100       7644   Library Totals

    ----------------------------------------------------------------------

==============================================================================


      Code (inc. data)   RO Data    RW Data    ZI Data      Debug   

     85434      10032       2054        508       9240     614365   Grand Totals
     85434      10032       2054        144       9240     614365   ELF Image Totals (compressed)
     85434      10032       2054        144          0          0   ROM Totals

==============================================================================

    Total RO  Size (Code + RO Data)                87488 (  85.44kB)
    Total RW  Size (RW Data + ZI Data)              9748 (   9.52kB)
    Total ROM Size (Code + RO Data + RW Data)      87632 (  85.58kB)

==============================================================================

