<html>
<body>
<pre>
<h1>µVision Build Log</h1>
<h2>Tool Versions:</h2>
IDE-Version: ¦ÌVision V5.14.0.0
Copyright (C) 2015 ARM Ltd and ARM Germany GmbH. All rights reserved.
License Information: ran chuan, aa, LIC=MGX63-AAE8U-UKKB6-D65L0-KFD8L-Y1ICA
 
Tool Versions:
Toolchain:       MDK-ARM Professional  Version: 5.14.0.0
Toolchain Path:  D:\Keil_v5\ARM\ARMCC\Bin
C Compiler:      Armcc.exe V5.05 update 1 (build 106)
Assembler:       Armasm.exe V5.05 update 1 (build 106)
Linker/Locator:  ArmLink.exe V5.05 update 1 (build 106)
Library Manager: ArmAr.exe V5.05 update 1 (build 106)
Hex Converter:   FromElf.exe V5.05 update 1 (build 106)
CPU DLL:         SARMCM3.DLL V5.14.0.0
Dialog DLL:      DCM.DLL V1.13.1.0
Target DLL:      Segger\JL2CM3.dll V2.99.13.0
Dialog DLL:      TARMSTM.dll V1.64.0.0
 
<h2>Project:</h2>
F:\´¨~\GitHub\WK_JZQ_V2.6\PROJECT\WK_JZQ.uvprojx
Project File Date:  03/27/2019

<h2>Output:</h2>
Build target 'WK_JZQ'
compiling baidu_iot.c...
compiling dhcp.c...
compiling dns.c...
compiling enternet.c...
compiling ping.c...
compiling wk_json.c...
compiling debug.c...
compiling ntp.c...
compiling my_iot.c...
..\MY_TASK\my_iot.c(15): warning:  #177-D: variable "msg" was declared but never referenced
        u32 msg=0;
..\MY_TASK\my_iot.c(17): warning:  #177-D: variable "len" was declared but never referenced
        u16 len=0;
..\MY_TASK\my_iot.c(18): warning:  #177-D: variable "temper" was declared but never referenced
        u16 temper=0;
..\MY_TASK\my_iot.c: 3 warnings, 0 errors
compiling my_w5500.c...
linking...
Program Size: Code=86970 RO-data=2122 RW-data=524 ZI-data=7448  
FromELF: creating hex file...
".\Objects\WK_JZQ.axf" - 0 Error(s), 3 Warning(s).

<h2>Collection of Component include folders:</h2>
  F:\´¨~\GitHub\WK_JZQ_V2.6\PROJECT\RTE
  D:\Keil_v5\ARM\PACK\Keil\STM32F1xx_DFP\1.0.5\Device\Include

<h2>Collection of Component Files used:</h2>
</pre>
</body>
</html>
